--------- beginning of crash
08-16 19:56:20.214 10067 10067 E AndroidRuntime: FATAL EXCEPTION: main
08-16 19:56:20.214 10067 10067 E AndroidRuntime: Process: org.nativescript.blankng, PID: 10067
08-16 19:56:20.214 10067 10067 E AndroidRuntime: com.tns.NativeScriptException: 
08-16 19:56:20.214 10067 10067 E AndroidRuntime: Calling js method onViewAttachedToWindow failed
08-16 19:56:20.214 10067 10067 E AndroidRuntime: 
08-16 19:56:20.214 10067 10067 E AndroidRuntime: Error: java.lang.IllegalStateException: Activity has been destroyed
08-16 19:56:20.214 10067 10067 E AndroidRuntime:     android.app.FragmentManagerImpl.enqueueAction(FragmentManager.java:1895)
08-16 19:56:20.214 10067 10067 E AndroidRuntime:     android.app.BackStackRecord.commitInternal(BackStackRecord.java:688)
08-16 19:56:20.214 10067 10067 E AndroidRuntime:     android.app.BackStackRecord.commit(BackStackRecord.java:646)
08-16 19:56:20.214 10067 10067 E AndroidRuntime:     com.tns.Runtime.callJSMethodNative(Native Method)
08-16 19:56:20.214 10067 10067 E AndroidRuntime:     com.tns.Runtime.dispatchCallJSMethodNative(Runtime.java:1101)
08-16 19:56:20.214 10067 10067 E AndroidRuntime:     com.tns.Runtime.callJSMethodImpl(Runtime.java:983)
08-16 19:56:20.214 10067 10067 E AndroidRuntime:     com.tns.Runtime.callJSMethod(Runtime.java:970)
08-16 19:56:20.214 10067 10067 E AndroidRuntime:     com.tns.Runtime.callJSMethod(Runtime.java:954)
08-16 19:56:20.214 10067 10067 E AndroidRuntime:     com.tns.Runtime.callJSMethod(Runtime.java:946)
08-16 19:56:20.214 10067 10067 E AndroidRuntime:     com.tns.gen.java.lang.Object_frame_32_36_AttachListener.onViewAttachedToWindow(Object_frame_32_36_AttachListener.java:17)
08-16 19:56:20.214 10067 10067 E AndroidRuntime:     android.view.View.dispatchAttachedToWindow(View.java:17392)
08-16 19:56:20.214 10067 10067 E AndroidRuntime:     android.view.ViewGroup.dispatchAttachedToWindow(ViewGroup.java:3319)
08-16 19:56:20.214 10067 10067 E AndroidRuntime:     android.view.ViewGroup.dispatchAttachedToWindow(ViewGroup.java:3326)
08-16 19:56:20.214 10067 10067 E AndroidRuntime:     android.view.ViewGroup.dispatchAttachedToWindow(ViewGroup.java:3326)
08-16 19:56:20.214 10067 10067 E AndroidRuntime:     android.view.ViewGroup.dispatchAttachedToWindow(ViewGroup.java:3326)
08-16 19:56:20.214 10067 10067 E AndroidRuntime:     android.view.ViewRootImpl.performTraversals(ViewRootImpl.java:1662)
08-16 19:56:20.214 10067 10067 E AndroidRuntime:     android.view.ViewRootImpl.doTraversal(ViewRootImpl.java:1390)
08-16 19:56:20.214 10067 10067 E AndroidRuntime:     android.view.ViewRootImpl$TraversalRunnable.run(ViewRootImpl.java:6754)
08-16 19:56:20.214 10067 10067 E AndroidRuntime:     android.view.Choreographer$CallbackRecord.run(Choreographer.java:966)
08-16 19:56:20.214 10067 10067 E AndroidRuntime:     android.view.Choreographer.doCallbacks(Choreographer.java:778)
08-16 19:56:20.214 10067 10067 E AndroidRuntime:     android.view.Choreographer.doFrame(Choreographer.java:713)
08-16 19:56:20.214 10067 10067 E AndroidRuntime:     android.view.Choreographer$FrameDisplayEventReceiver.run(Choreographer.java:952)
08-16 19:56:20.214 10067 10067 E AndroidRuntime:     android.os.Handler.handleCallback(Handler.java:789)
08-16 19:56:20.214 10067 10067 E AndroidRuntime:     android.os.Handler.dispatchMessage(Handler.java:98)
08-16 19:56:20.214 10067 10067 E AndroidRuntime:     android.os.Looper.loop(Looper.java:172)
08-16 19:56:20.214 10067 10067 E AndroidRuntime:     android.app.ActivityThread.main(ActivityThread.java:6637)
08-16 19:56:20.214 10067 10067 E AndroidRuntime:     java.lang.reflect.Method.invoke(Native Method)
08-16 19:56:20.214 10067 10067 E AndroidRuntime:     com.android.internal.os.Zygote$MethodAndArgsCaller.run(Zygote.java:240)
08-16 19:56:20.214 10067 10067 E AndroidRuntime:     com.android.internal.os.ZygoteInit.main(ZygoteInit.java:767)
08-16 19:56:20.214 10067 10067 E AndroidRuntime: File: "file:///data/data/org.nativescript.blankng/files/app/tns_modules/tns-core-modules/ui/frame/frame.js, line: 254, column: 20
08-16 19:56:20.214 10067 10067 E AndroidRuntime: 
08-16 19:56:20.214 10067 10067 E AndroidRuntime: StackTrace: 
08-16 19:56:20.214 10067 10067 E AndroidRuntime: 	Frame: function:'Frame._navigateCore', file:'file:///data/data/org.nativescript.blankng/files/app/tns_modules/tns-core-modules/ui/frame/frame.js', line: 254, column: 21
08-16 19:56:20.214 10067 10067 E AndroidRuntime: 	Frame: function:'Frame._processNextNavigationEntry', file:'file:///data/data/org.nativescript.blankng/files/app/tns_modules/tns-core-modules/ui/frame/frame.js', line: 134, column: 18
08-16 19:56:20.214 10067 10067 E AndroidRuntime: 	Frame: function:'Frame._onAttachedToWindow', file:'file:///data/data/org.nativescript.blankng/files/app/tns_modules/tns-core-modules/ui/frame/frame.js', line: 114, column: 14
08-16 19:56:20.214 10067 10067 E AndroidRuntime: 	Frame: function:'AttachListener.onViewAttachedToWindow', file:'file:///data/data/org.nativescript.blankng/files/app/tns_modules/tns-core-modules/ui/frame/frame.js', line: 38, column: 27
08-16 19:56:20.214 10067 10067 E AndroidRuntime: 
08-16 19:56:20.214 10067 10067 E AndroidRuntime: 
08-16 19:56:20.214 10067 10067 E AndroidRuntime: 	at com.tns.Runtime.callJSMethodNative(Native Method)
08-16 19:56:20.214 10067 10067 E AndroidRuntime: 	at com.tns.Runtime.dispatchCallJSMethodNative(Runtime.java:1101)
08-16 19:56:20.214 10067 10067 E AndroidRuntime: 	at com.tns.Runtime.callJSMethodImpl(Runtime.java:983)
08-16 19:56:20.214 10067 10067 E AndroidRuntime: 	at com.tns.Runtime.callJSMethod(Runtime.java:970)
08-16 19:56:20.214 10067 10067 E AndroidRuntime: 	at com.tns.Runtime.callJSMethod(Runtime.java:954)
08-16 19:56:20.214 10067 10067 E AndroidRuntime: 	at com.tns.Runtime.callJSMethod(Runtime.java:946)
08-16 19:56:20.214 10067 10067 E AndroidRuntime: 	at com.tns.gen.java.lang.Object_frame_32_36_AttachListener.onViewAttachedToWindow(Object_frame_32_36_AttachListener.java:17)
08-16 19:56:20.214 10067 10067 E AndroidRuntime: 	at android.view.View.dispatchAttachedToWindow(View.java:17392)
08-16 19:56:20.214 10067 10067 E AndroidRuntime: 	at android.view.ViewGroup.dispatchAttachedToWindow(ViewGroup.java:3319)
08-16 19:56:20.214 10067 10067 E AndroidRuntime: 	at android.view.ViewGroup.dispatchAttachedToWindow(ViewGroup.java:3326)
08-16 19:56:20.214 10067 10067 E AndroidRuntime: 	at android.view.ViewGroup.dispatchAttachedToWindow(ViewGroup.java:3326)
08-16 19:56:20.214 10067 10067 E AndroidRuntime: 	at android.view.ViewGroup.dispatchAttachedToWindow(ViewGroup.java:3326)
08-16 19:56:20.214 10067 10067 E AndroidRuntime: 	at android.view.ViewRootImpl.performTraversals(ViewRootImpl.java:1662)
08-16 19:56:20.214 10067 10067 E AndroidRuntime: 	at android.view.ViewRootImpl.doTraversal(ViewRootImpl.java:1390)
08-16 19:56:20.215 10067 10067 E AndroidRuntime: 	at android.view.ViewRootImpl$TraversalRunnable.run(ViewRootImpl.java:6754)
08-16 19:56:20.215 10067 10067 E AndroidRuntime: 	at android.view.Choreographer$CallbackRecord.run(Choreographer.java:966)
08-16 19:56:20.215 10067 10067 E AndroidRuntime: 	at android.view.Choreographer.doCallbacks(Choreographer.java:778)
08-16 19:56:20.215 10067 10067 E AndroidRuntime: 	at android.view.Choreographer.doFrame(Choreographer.java:713)
08-16 19:56:20.215 10067 10067 E AndroidRuntime: 	at android.view.Choreographer$FrameDisplayEventReceiver.run(Choreographer.java:952)
08-16 19:56:20.215 10067 10067 E AndroidRuntime: 	at android.os.Handler.handleCallback(Handler.java:789)
08-16 19:56:20.215 10067 10067 E AndroidRuntime: 	at android.os.Handler.dispatchMessage(Handler.java:98)
08-16 19:56:20.215 10067 10067 E AndroidRuntime: 	at android.os.Looper.loop(Looper.java:172)
08-16 19:56:20.215 10067 10067 E AndroidRuntime: 	at android.app.ActivityThread.main(ActivityThread.java:6637)
08-16 19:56:20.215 10067 10067 E AndroidRuntime: 	at java.lang.reflect.Method.invoke(Native Method)
08-16 19:56:20.215 10067 10067 E AndroidRuntime: 	at com.android.internal.os.Zygote$MethodAndArgsCaller.run(Zygote.java:240)
08-16 19:56:20.215 10067 10067 E AndroidRuntime: 	at com.android.internal.os.ZygoteInit.main(ZygoteInit.java:767)
08-16 19:56:20.215 10067 10067 E AndroidRuntime: Caused by: java.lang.IllegalStateException: Activity has been destroyed
08-16 19:56:20.215 10067 10067 E AndroidRuntime: 	at android.app.FragmentManagerImpl.enqueueAction(FragmentManager.java:1895)
08-16 19:56:20.215 10067 10067 E AndroidRuntime: 	at android.app.BackStackRecord.commitInternal(BackStackRecord.java:688)
08-16 19:56:20.215 10067 10067 E AndroidRuntime: 	at android.app.BackStackRecord.commit(BackStackRecord.java:646)
08-16 19:56:20.215 10067 10067 E AndroidRuntime: 	... 26 more
08-16 20:51:00.315 18925 18940 E AndroidRuntime: *** FATAL EXCEPTION IN SYSTEM PROCESS: results
08-16 20:51:00.315 18925 18940 E AndroidRuntime: java.lang.AssertionError: couldn't initialize LocaleData for locale 
08-16 20:51:00.315 18925 18940 E AndroidRuntime: 	at libcore.icu.LocaleData.initLocaleData(LocaleData.java:200)
08-16 20:51:00.315 18925 18940 E AndroidRuntime: 	at libcore.icu.LocaleData.get(LocaleData.java:144)
08-16 20:51:00.315 18925 18940 E AndroidRuntime: 	at libcore.icu.LocaleData.<clinit>(LocaleData.java:39)
08-16 20:51:00.315 18925 18940 E AndroidRuntime: 	at java.util.Calendar.setWeekCountData(Calendar.java:3381)
08-16 20:51:00.315 18925 18940 E AndroidRuntime: 	at java.util.Calendar.<init>(Calendar.java:1612)
08-16 20:51:00.315 18925 18940 E AndroidRuntime: 	at java.util.GregorianCalendar.<init>(GregorianCalendar.java:626)
08-16 20:51:00.315 18925 18940 E AndroidRuntime: 	at java.util.Calendar.createCalendar(Calendar.java:1684)
08-16 20:51:00.315 18925 18940 E AndroidRuntime: 	at java.util.Calendar.getInstance(Calendar.java:1667)
08-16 20:51:00.315 18925 18940 E AndroidRuntime: 	at java.text.SimpleDateFormat.initializeCalendar(SimpleDateFormat.java:707)
08-16 20:51:00.315 18925 18940 E AndroidRuntime: 	at java.text.SimpleDateFormat.<init>(SimpleDateFormat.java:619)
08-16 20:51:00.315 18925 18940 E AndroidRuntime: 	at java.text.SimpleDateFormat.<init>(SimpleDateFormat.java:598)
08-16 20:51:00.315 18925 18940 E AndroidRuntime: 	at android.os.AnrMonitor.<clinit>(AnrMonitor.java:51)
08-16 20:51:00.315 18925 18940 E AndroidRuntime: 	at android.os.AnrMonitor.canMonitorAnr(AnrMonitor.java:108)
08-16 20:51:00.315 18925 18940 E AndroidRuntime: 	at android.os.BaseLooper.updateMessageByState(BaseLooper.java:49)
08-16 20:51:00.315 18925 18940 E AndroidRuntime: 	at android.os.Looper.loop(Looper.java:161)
08-16 20:51:00.315 18925 18940 E AndroidRuntime: 	at android.os.HandlerThread.run(HandlerThread.java:65)
08-21 21:36:13.437 15864 15897 F libc    : Fatal signal 11 (SIGSEGV), code 2, fault addr 0xc8e75ff0 in tid 15897 (RenderThread)
08-21 21:36:14.006 20444 20444 F DEBUG   : *** *** *** *** *** *** *** *** *** *** *** *** *** *** *** ***
08-21 21:36:14.007 20444 20444 F DEBUG   : Build fingerprint: 'xiaomi/tissot/tissot_sprout:8.0.0/OPR1.170623.026/V9.5.13.0.ODHMIFA:user/release-keys'
08-21 21:36:14.007 20444 20444 F DEBUG   : Revision: '0'
08-21 21:36:14.007 20444 20444 F DEBUG   : ABI: 'arm'
08-21 21:36:14.007 20444 20444 F DEBUG   : pid: 15864, tid: 15897, name: RenderThread  >>> com.mapspvp <<<
08-21 21:36:14.007 20444 20444 F DEBUG   : signal 11 (SIGSEGV), code 2 (SEGV_ACCERR), fault addr 0xc8e75ff0
08-21 21:36:14.007 20444 20444 F DEBUG   :     r0 0000090e  r1 00000000  r2 0000000a  r3 00000000
08-21 21:36:14.007 20444 20444 F DEBUG   :     r4 00000000  r5 0000000a  r6 0000090e  r7 00000000
08-21 21:36:14.007 20444 20444 F DEBUG   :     r8 ffffffff  r9 c8e765fc  sl 00000000  fp d645e433
08-21 21:36:14.007 20444 20444 F DEBUG   :     ip e5fa4fdc  sp c8e76018  lr e5f6de84  pc e5f6e938  cpsr 800f0010
08-21 21:36:14.105 20444 20444 F DEBUG   : 
08-21 21:36:14.105 20444 20444 F DEBUG   : backtrace:
08-21 21:36:14.105 20444 20444 F DEBUG   :     #00 pc 00124938  /system/lib/libandroid_runtime.so (__udivdi3+8)
08-21 21:36:14.105 20444 20444 F DEBUG   :     #01 pc 0003f4b5  /system/lib/libc.so (__vfprintf+7220)
08-21 21:36:14.105 20444 20444 F DEBUG   :     #02 pc 00052061  /system/lib/libc.so (vsnprintf+128)
08-21 21:36:14.105 20444 20444 F DEBUG   :     #03 pc 000064bb  /system/lib/liblog.so (__android_log_print+54)
08-21 21:36:14.105 20444 20444 F DEBUG   :     #04 pc 0007b815  /system/vendor/lib/libgsl.so (os_alog+100)
08-21 21:36:14.105 20444 20444 F DEBUG   :     #05 pc 000798cb  /system/vendor/lib/libgsl.so (ioctl_kgsl_sharedmem_alloc+338)
08-21 21:36:14.105 20444 20444 F DEBUG   :     #06 pc 000087d1  /system/vendor/lib/libgsl.so (gsl_memory_alloc_pure+152)
08-21 21:36:14.105 20444 20444 F DEBUG   :     #07 pc 0016292b  /system/vendor/lib/egl/libGLESv2_adreno.so (_ZN17EsxMemPoolGeneral9GetMemoryEy10EsxMemTypejP27EsxMemPoolGeneralAllocation+106)
08-21 21:36:14.105 20444 20444 F DEBUG   :     #08 pc 0015d293  /system/vendor/lib/egl/libGLESv2_adreno.so (_ZN9EsxGfxMem4InitEP19EsxGfxMemCreateData+946)
08-21 21:36:14.105 20444 20444 F DEBUG   :     #09 pc 0015d8a5  /system/vendor/lib/egl/libGLESv2_adreno.so (_ZN9EsxGfxMem6CreateEP19EsxGfxMemCreateData+36)
08-21 21:36:14.105 20444 20444 F DEBUG   :     #10 pc 00161e49  /system/vendor/lib/egl/libGLESv2_adreno.so (_ZN10EsxMemPool14AllocateMemoryEv+72)
08-21 21:36:14.105 20444 20444 F DEBUG   :     #11 pc 00162329  /system/vendor/lib/egl/libGLESv2_adreno.so (_ZN10EsxMemPool9GetMemoryEi+8)
08-21 21:36:14.105 20444 20444 F DEBUG   :     #12 pc 0014fe69  /system/vendor/lib/egl/libGLESv2_adreno.so (_ZN9EsxCmdBuf17GetMemoryFromPoolEi+8)
08-21 21:36:14.105 20444 20444 F DEBUG   :     #13 pc 0014e5fb  /system/vendor/lib/egl/libGLESv2_adreno.so (_ZN9EsxCmdMgr5FlushE14EsxFlushReason+858)
08-21 21:36:14.105 20444 20444 F DEBUG   :     #14 pc 001629a5  /system/vendor/lib/egl/libGLESv2_adreno.so (_ZN17EsxMemPoolGeneral9GetMemoryEy10EsxMemTypejP27EsxMemPoolGeneralAllocation+228)
08-21 21:36:14.105 20444 20444 F DEBUG   :     #15 pc 0015d293  /system/vendor/lib/egl/libGLESv2_adreno.so (_ZN9EsxGfxMem4InitEP19EsxGfxMemCreateData+946)
08-21 21:36:14.105 20444 20444 F DEBUG   :     #16 pc 0015d8a5  /system/vendor/lib/egl/libGLESv2_adreno.so (_ZN9EsxGfxMem6CreateEP19EsxGfxMemCreateData+36)
08-21 21:36:14.105 20444 20444 F DEBUG   :     #17 pc 00161e49  /system/vendor/lib/egl/libGLESv2_adreno.so (_ZN10EsxMemPool14AllocateMemoryEv+72)
08-21 21:36:14.105 20444 20444 F DEBUG   :     #18 pc 00162329  /system/vendor/lib/egl/libGLESv2_adreno.so (_ZN10EsxMemPool9GetMemoryEi+8)
08-21 21:36:14.105 20444 20444 F DEBUG   :     #19 pc 0014fe69  /system/vendor/lib/egl/libGLESv2_adreno.so (_ZN9EsxCmdBuf17GetMemoryFromPoolEi+8)
08-21 21:36:14.105 20444 20444 F DEBUG   :     #20 pc 0014e5fb  /system/vendor/lib/egl/libGLESv2_adreno.so (_ZN9EsxCmdMgr5FlushE14EsxFlushReason+858)
08-21 21:36:14.106 20444 20444 F DEBUG   :     #21 pc 001629a5  /system/vendor/lib/egl/libGLESv2_adreno.so (_ZN17EsxMemPoolGeneral9GetMemoryEy10EsxMemTypejP27EsxMemPoolGeneralAllocation+228)
08-21 21:36:14.106 20444 20444 F DEBUG   :     #22 pc 0015d293  /system/vendor/lib/egl/libGLESv2_adreno.so (_ZN9EsxGfxMem4InitEP19EsxGfxMemCreateData+946)
08-21 21:36:14.106 20444 20444 F DEBUG   :     #23 pc 0015d8a5  /system/vendor/lib/egl/libGLESv2_adreno.so (_ZN9EsxGfxMem6CreateEP19EsxGfxMemCreateData+36)
08-21 21:36:14.106 20444 20444 F DEBUG   :     #24 pc 00161e49  /system/vendor/lib/egl/libGLESv2_adreno.so (_ZN10EsxMemPool14AllocateMemoryEv+72)
08-21 21:36:14.106 20444 20444 F DEBUG   :     #25 pc 00162329  /system/vendor/lib/egl/libGLESv2_adreno.so (_ZN10EsxMemPool9GetMemoryEi+8)
08-21 21:36:14.106 20444 20444 F DEBUG   :     #26 pc 0014fe69  /system/vendor/lib/egl/libGLESv2_adreno.so (_ZN9EsxCmdBuf17GetMemoryFromPoolEi+8)
08-21 21:36:14.106 20444 20444 F DEBUG   :     #27 pc 0014e5fb  /system/vendor/lib/egl/libGLESv2_adreno.so (_ZN9EsxCmdMgr5FlushE14EsxFlushReason+858)
08-21 21:36:14.106 20444 20444 F DEBUG   :     #28 pc 001629a5  /system/vendor/lib/egl/libGLESv2_adreno.so (_ZN17EsxMemPoolGeneral9GetMemoryEy10EsxMemTypejP27EsxMemPoolGeneralAllocation+228)
08-21 21:36:14.106 20444 20444 F DEBUG   :     #29 pc 0015d293  /system/vendor/lib/egl/libGLESv2_adreno.so (_ZN9EsxGfxMem4InitEP19EsxGfxMemCreateData+946)
08-21 21:36:14.106 20444 20444 F DEBUG   :     #30 pc 0015d8a5  /system/vendor/lib/egl/libGLESv2_adreno.so (_ZN9EsxGfxMem6CreateEP19EsxGfxMemCreateData+36)
08-21 21:36:14.106 20444 20444 F DEBUG   :     #31 pc 00161e49  /system/vendor/lib/egl/libGLESv2_adreno.so (_ZN10EsxMemPool14AllocateMemoryEv+72)
08-21 21:36:14.106 20444 20444 F DEBUG   :     #32 pc 00162329  /system/vendor/lib/egl/libGLESv2_adreno.so (_ZN10EsxMemPool9GetMemoryEi+8)
08-21 21:36:14.106 20444 20444 F DEBUG   :     #33 pc 0014fe69  /system/vendor/lib/egl/libGLESv2_adreno.so (_ZN9EsxCmdBuf17GetMemoryFromPoolEi+8)
08-21 21:36:14.106 20444 20444 F DEBUG   :     #34 pc 0014e5fb  /system/vendor/lib/egl/libGLESv2_adreno.so (_ZN9EsxCmdMgr5FlushE14EsxFlushReason+858)
08-21 21:36:14.106 20444 20444 F DEBUG   :     #35 pc 001629a5  /system/vendor/lib/egl/libGLESv2_adreno.so (_ZN17EsxMemPoolGeneral9GetMemoryEy10EsxMemTypejP27EsxMemPoolGeneralAllocation+228)
08-21 21:36:14.106 20444 20444 F DEBUG   :     #36 pc 0015d293  /system/vendor/lib/egl/libGLESv2_adreno.so (_ZN9EsxGfxMem4InitEP19EsxGfxMemCreateData+946)
08-21 21:36:14.106 20444 20444 F DEBUG   :     #37 pc 0015d8a5  /system/vendor/lib/egl/libGLESv2_adreno.so (_ZN9EsxGfxMem6CreateEP19EsxGfxMemCreateData+36)
08-21 21:36:14.106 20444 20444 F DEBUG   :     #38 pc 00161e49  /system/vendor/lib/egl/libGLESv2_adreno.so (_ZN10EsxMemPool14AllocateMemoryEv+72)
08-21 21:36:14.106 20444 20444 F DEBUG   :     #39 pc 00162329  /system/vendor/lib/egl/libGLESv2_adreno.so (_ZN10EsxMemPool9GetMemoryEi+8)
08-21 21:36:14.106 20444 20444 F DEBUG   :     #40 pc 0014fe69  /system/vendor/lib/egl/libGLESv2_adreno.so (_ZN9EsxCmdBuf17GetMemoryFromPoolEi+8)
08-21 21:36:14.106 20444 20444 F DEBUG   :     #41 pc 0014e5fb  /system/vendor/lib/egl/libGLESv2_adreno.so (_ZN9EsxCmdMgr5FlushE14EsxFlushReason+858)
08-21 21:36:14.106 20444 20444 F DEBUG   :     #42 pc 001629a5  /system/vendor/lib/egl/libGLESv2_adreno.so (_ZN17EsxMemPoolGeneral9GetMemoryEy10EsxMemTypejP27EsxMemPoolGeneralAllocation+228)
08-21 21:36:14.106 20444 20444 F DEBUG   :     #43 pc 0015d293  /system/vendor/lib/egl/libGLESv2_adreno.so (_ZN9EsxGfxMem4InitEP19EsxGfxMemCreateData+946)
08-21 21:36:14.106 20444 20444 F DEBUG   :     #44 pc 0015d8a5  /system/vendor/lib/egl/libGLESv2_adreno.so (_ZN9EsxGfxMem6CreateEP19EsxGfxMemCreateData+36)
08-21 21:36:14.106 20444 20444 F DEBUG   :     #45 pc 00161e49  /system/vendor/lib/egl/libGLESv2_adreno.so (_ZN10EsxMemPool14AllocateMemoryEv+72)
08-21 21:36:14.106 20444 20444 F DEBUG   :     #46 pc 00162329  /system/vendor/lib/egl/libGLESv2_adreno.so (_ZN10EsxMemPool9GetMemoryEi+8)
08-21 21:36:14.107 20444 20444 F DEBUG   :     #47 pc 0014fe69  /system/vendor/lib/egl/libGLESv2_adreno.so (_ZN9EsxCmdBuf17GetMemoryFromPoolEi+8)
08-21 21:36:14.107 20444 20444 F DEBUG   :     #48 pc 0014e5fb  /system/vendor/lib/egl/libGLESv2_adreno.so (_ZN9EsxCmdMgr5FlushE14EsxFlushReason+858)
08-21 21:36:14.107 20444 20444 F DEBUG   :     #49 pc 001629a5  /system/vendor/lib/egl/libGLESv2_adreno.so (_ZN17EsxMemPoolGeneral9GetMemoryEy10EsxMemTypejP27EsxMemPoolGeneralAllocation+228)
08-21 21:36:14.107 20444 20444 F DEBUG   :     #50 pc 0015d293  /system/vendor/lib/egl/libGLESv2_adreno.so (_ZN9EsxGfxMem4InitEP19EsxGfxMemCreateData+946)
08-21 21:36:14.107 20444 20444 F DEBUG   :     #51 pc 0015d8a5  /system/vendor/lib/egl/libGLESv2_adreno.so (_ZN9EsxGfxMem6CreateEP19EsxGfxMemCreateData+36)
08-21 21:36:14.107 20444 20444 F DEBUG   :     #52 pc 00161e49  /system/vendor/lib/egl/libGLESv2_adreno.so (_ZN10EsxMemPool14AllocateMemoryEv+72)
08-21 21:36:14.107 20444 20444 F DEBUG   :     #53 pc 00162329  /system/vendor/lib/egl/libGLESv2_adreno.so (_ZN10EsxMemPool9GetMemoryEi+8)
08-21 21:36:14.107 20444 20444 F DEBUG   :     #54 pc 0014fe69  /system/vendor/lib/egl/libGLESv2_adreno.so (_ZN9EsxCmdBuf17GetMemoryFromPoolEi+8)
08-21 21:36:14.107 20444 20444 F DEBUG   :     #55 pc 0014e5fb  /system/vendor/lib/egl/libGLESv2_adreno.so (_ZN9EsxCmdMgr5FlushE14EsxFlushReason+858)
08-21 21:36:14.107 20444 20444 F DEBUG   :     #56 pc 001629a5  /system/vendor/lib/egl/libGLESv2_adreno.so (_ZN17EsxMemPoolGeneral9GetMemoryEy10EsxMemTypejP27EsxMemPoolGeneralAllocation+228)
08-21 21:36:14.107 20444 20444 F DEBUG   :     #57 pc 0015d293  /system/vendor/lib/egl/libGLESv2_adreno.so (_ZN9EsxGfxMem4InitEP19EsxGfxMemCreateData+946)
08-21 21:36:14.107 20444 20444 F DEBUG   :     #58 pc 0015d8a5  /system/vendor/lib/egl/libGLESv2_adreno.so (_ZN9EsxGfxMem6CreateEP19EsxGfxMemCreateData+36)
08-21 21:36:14.107 20444 20444 F DEBUG   :     #59 pc 00161e49  /system/vendor/lib/egl/libGLESv2_adreno.so (_ZN10EsxMemPool14AllocateMemoryEv+72)
08-21 21:36:14.107 20444 20444 F DEBUG   :     #60 pc 00162329  /system/vendor/lib/egl/libGLESv2_adreno.so (_ZN10EsxMemPool9GetMemoryEi+8)
08-21 21:36:14.107 20444 20444 F DEBUG   :     #61 pc 0014fe69  /system/vendor/lib/egl/libGLESv2_adreno.so (_ZN9EsxCmdBuf17GetMemoryFromPoolEi+8)
08-21 21:36:14.107 20444 20444 F DEBUG   :     #62 pc 0014e5fb  /system/vendor/lib/egl/libGLESv2_adreno.so (_ZN9EsxCmdMgr5FlushE14EsxFlushReason+858)
08-21 21:36:14.107 20444 20444 F DEBUG   :     #63 pc 001629a5  /system/vendor/lib/egl/libGLESv2_adreno.so (_ZN17EsxMemPoolGeneral9GetMemoryEy10EsxMemTypejP27EsxMemPoolGeneralAllocation+228)
08-22 21:45:12.461  7577  7645 E AndroidRuntime: FATAL EXCEPTION: mqt_native_modules
08-22 21:45:12.461  7577  7645 E AndroidRuntime: Process: com.mapspvp, PID: 7577
08-22 21:45:12.461  7577  7645 E AndroidRuntime: java.lang.IllegalArgumentException: Unable to set ws://192.168.0.103/io?Auth=[object Object] as default origin header
08-22 21:45:12.461  7577  7645 E AndroidRuntime: 	at com.facebook.react.modules.websocket.WebSocketModule.getDefaultOrigin(WebSocketModule.java:360)
08-22 21:45:12.461  7577  7645 E AndroidRuntime: 	at com.facebook.react.modules.websocket.WebSocketModule.getCookie(WebSocketModule.java:372)
08-22 21:45:12.461  7577  7645 E AndroidRuntime: 	at com.facebook.react.modules.websocket.WebSocketModule.connect(WebSocketModule.java:95)
08-22 21:45:12.461  7577  7645 E AndroidRuntime: 	at java.lang.reflect.Method.invoke(Native Method)
08-22 21:45:12.461  7577  7645 E AndroidRuntime: 	at com.facebook.react.bridge.JavaMethodWrapper.invoke(JavaMethodWrapper.java:372)
08-22 21:45:12.461  7577  7645 E AndroidRuntime: 	at com.facebook.react.bridge.JavaModuleWrapper.invoke(JavaModuleWrapper.java:160)
08-22 21:45:12.461  7577  7645 E AndroidRuntime: 	at com.facebook.react.bridge.queue.NativeRunnable.run(Native Method)
08-22 21:45:12.461  7577  7645 E AndroidRuntime: 	at android.os.Handler.handleCallback(Handler.java:789)
08-22 21:45:12.461  7577  7645 E AndroidRuntime: 	at android.os.Handler.dispatchMessage(Handler.java:98)
08-22 21:45:12.461  7577  7645 E AndroidRuntime: 	at com.facebook.react.bridge.queue.MessageQueueThreadHandler.dispatchMessage(MessageQueueThreadHandler.java:29)
08-22 21:45:12.461  7577  7645 E AndroidRuntime: 	at android.os.Looper.loop(Looper.java:172)
08-22 21:45:12.461  7577  7645 E AndroidRuntime: 	at com.facebook.react.bridge.queue.MessageQueueThreadImpl$3.run(MessageQueueThreadImpl.java:192)
08-22 21:45:12.461  7577  7645 E AndroidRuntime: 	at java.lang.Thread.run(Thread.java:764)
08-22 21:51:36.073   535   535 F libc    : Fatal signal 6 (SIGABRT), code -6 in tid 535 (composer@2.1-se)
08-22 21:51:36.302  8525  8525 F DEBUG   : *** *** *** *** *** *** *** *** *** *** *** *** *** *** *** ***
08-22 21:51:36.303  8525  8525 F DEBUG   : Build fingerprint: 'xiaomi/tissot/tissot_sprout:8.0.0/OPR1.170623.026/V9.5.13.0.ODHMIFA:user/release-keys'
08-22 21:51:36.303  8525  8525 F DEBUG   : Revision: '0'
08-22 21:51:36.303  8525  8525 F DEBUG   : ABI: 'arm64'
08-22 21:51:36.303  8525  8525 F DEBUG   : pid: 535, tid: 535, name: composer@2.1-se  >>> /vendor/bin/hw/android.hardware.graphics.composer@2.1-service <<<
08-22 21:51:36.303  8525  8525 F DEBUG   : signal 6 (SIGABRT), code -6 (SI_TKILL), fault addr --------
08-22 21:51:36.303  8525  8525 F DEBUG   :     x0   0000000000000000  x1   0000000000000217  x2   0000000000000006  x3   0000000000000008
08-22 21:51:36.303  8525  8525 F DEBUG   :     x4   0000000000000001  x5   0000000000000001  x6   0000000000000001  x7   000000768acb34c8
08-22 21:51:36.304  8525  8525 F DEBUG   :     x8   0000000000000083  x9   722b13748390e84e  x10  0000000000000000  x11  0000000000000001
08-22 21:51:36.304  8525  8525 F DEBUG   :     x12  ffffffffffffffff  x13  0000000000000001  x14  000000768acb37a4  x15  0000000000000028
08-22 21:51:36.304  8525  8525 F DEBUG   :     x16  000000768b4912e8  x17  000000768b432cc0  x18  000000768acb37c4  x19  0000000000000217
08-22 21:51:36.304  8525  8525 F DEBUG   :     x20  0000000000000217  x21  0000007ff1eac288  x22  000000768ac70000  x23  0000000000000001
08-22 21:51:36.304  8525  8525 F DEBUG   :     x24  000000768ac3e600  x25  000000768ac3e5f0  x26  000000768acb3578  x27  0000000000000000
08-22 21:51:36.304  8525  8525 F DEBUG   :     x28  000000000000000e  x29  0000007ff1eabfb0  x30  000000768b3e6dd4
08-22 21:51:36.304  8525  8525 F DEBUG   :     sp   0000007ff1eabf70  pc   000000768b432cc8  pstate 0000000060000000
08-22 21:51:36.365  8525  8525 F DEBUG   : 
08-22 21:51:36.365  8525  8525 F DEBUG   : backtrace:
08-22 21:51:36.365  8525  8525 F DEBUG   :     #00 pc 0000000000069cc8  /system/lib64/libc.so (tgkill+8)
08-22 21:51:36.365  8525  8525 F DEBUG   :     #01 pc 000000000001ddd0  /system/lib64/libc.so (abort+88)
08-22 21:51:36.366  8525  8525 F DEBUG   :     #02 pc 000000000001a518  /system/vendor/lib64/libsdmextension.so (_ZNKSt3__120__vector_base_commonILb1EE20__throw_length_errorEv+8)
08-22 21:51:36.366  8525  8525 F DEBUG   :     #03 pc 0000000000035704  /system/vendor/lib64/libsdmextension.so (_ZN3sdm12ResourceImpl18DisplaySplitConfigEPNS_22DisplayResourceContextERKNS_14LayerTransformERKNS_9LayerRectES8_jjPNS_8HWLayersE+1848)
08-22 21:51:36.366  8525  8525 F DEBUG   :     #04 pc 00000000000367d0  /system/vendor/lib64/libsdmextension.so (_ZN3sdm12ResourceImpl6ConfigEPNS_22DisplayResourceContextERKNS0_20LayerStackSplitInputEPNS_8HWLayersE+744)
08-22 21:51:36.366  8525  8525 F DEBUG   :     #05 pc 0000000000033580  /system/vendor/lib64/libsdmextension.so (_ZN3sdm12ResourceImpl9DoPrepareEPvPNS_8HWLayersE+1516)
08-22 21:51:36.366  8525  8525 F DEBUG   :     #06 pc 0000000000032f5c  /system/vendor/lib64/libsdmextension.so (_ZN3sdm12ResourceImpl7PrepareEPvPNS_8HWLayersE+28)
08-22 21:51:36.366  8525  8525 F DEBUG   :     #07 pc 000000000002a1f8  /system/vendor/lib64/libsdmcore.so (_ZN3sdm11CompManager7PrepareEPvPNS_8HWLayersE+136)
08-22 21:51:36.366  8525  8525 F DEBUG   :     #08 pc 00000000000213e0  /system/vendor/lib64/libsdmcore.so (_ZN3sdm11DisplayBase7PrepareEPNS_10LayerStackE+360)
08-22 21:51:36.366  8525  8525 F DEBUG   :     #09 pc 00000000000270ac  /system/vendor/lib64/libsdmcore.so (_ZN3sdm14DisplayPrimary7PrepareEPNS_10LayerStackE+432)
08-22 21:51:36.366  8525  8525 F DEBUG   :     #10 pc 0000000000028758  /system/vendor/lib64/hw/hwcomposer.msm8953.so (_ZN3sdm10HWCDisplay17PrepareLayerStackEPjS1_+764)
08-22 21:51:36.366  8525  8525 F DEBUG   :     #11 pc 000000000001ef90  /system/vendor/lib64/hw/hwcomposer.msm8953.so (_ZN3sdm10HWCSession15ValidateDisplayEP11hwc2_devicemPjS3_+348)
08-22 21:51:36.366  8525  8525 F DEBUG   :     #12 pc 0000000000011814  /system/vendor/lib64/hw/android.hardware.graphics.composer@2.1-impl.so (_ZN7android8hardware8graphics8composer4V2_114implementation6HwcHal15validateDisplayEmPNSt3__16vectorImNS6_9allocatorImEEEEPNS7_INS3_15IComposerClient11CompositionENS8_ISD_EEEEPjSB_PNS7_IjNS8_IjEEEE+88)
08-22 21:51:36.366  8525  8525 F DEBUG   :     #13 pc 0000000000015ca8  /system/vendor/lib64/hw/android.hardware.graphics.composer@2.1-impl.so (_ZN7android8hardware8graphics8composer4V2_114implementation14ComposerClient13CommandReader20parseValidateDisplayEt+120)
08-22 21:51:36.366  8525  8525 F DEBUG   :     #14 pc 0000000000014da0  /system/vendor/lib64/hw/android.hardware.graphics.composer@2.1-impl.so (_ZN7android8hardware8graphics8composer4V2_114implementation14ComposerClient13CommandReader5parseEv+88)
08-22 21:51:36.366  8525  8525 F DEBUG   :     #15 pc 0000000000014a98  /system/vendor/lib64/hw/android.hardware.graphics.composer@2.1-impl.so (_ZN7android8hardware8graphics8composer4V2_114implementation14ComposerClient15executeCommandsEjRKNS0_8hidl_vecINS0_11hidl_handleEEENSt3__18functionIFvNS3_5ErrorEbjSA_EEE+124)
08-22 21:51:36.366  8525  8525 F DEBUG   :     #16 pc 0000000000045f84  /system/lib64/android.hardware.graphics.composer@2.1.so (_ZN7android8hardware8graphics8composer4V2_116BsComposerClient15executeCommandsEjRKNS0_8hidl_vecINS0_11hidl_handleEEENSt3__18functionIFvNS3_5ErrorEbjS9_EEE+160)
08-22 21:51:36.366  8525  8525 F DEBUG   :     #17 pc 0000000000040de4  /system/lib64/android.hardware.graphics.composer@2.1.so (_ZN7android8hardware8graphics8composer4V2_118BnHwComposerClient10onTransactEjRKNS0_6ParcelEPS5_jNSt3__18functionIFvRS5_EEE+6012)
08-22 21:51:36.367  8525  8525 F DEBUG   :     #18 pc 0000000000011be0  /system/lib64/libhwbinder.so (_ZN7android8hardware9BHwBinder8transactEjRKNS0_6ParcelEPS2_jNSt3__18functionIFvRS2_EEE+132)
08-22 21:51:36.367  8525  8525 F DEBUG   :     #19 pc 00000000000156fc  /system/lib64/libhwbinder.so (_ZN7android8hardware14IPCThreadState14executeCommandEi+584)
08-22 21:51:36.367  8525  8525 F DEBUG   :     #20 pc 0000000000015404  /system/lib64/libhwbinder.so (_ZN7android8hardware14IPCThreadState20getAndExecuteCommandEv+156)
08-22 21:51:36.367  8525  8525 F DEBUG   :     #21 pc 0000000000015b0c  /system/lib64/libhwbinder.so (_ZN7android8hardware14IPCThreadState14joinThreadPoolEb+60)
08-22 21:51:36.367  8525  8525 F DEBUG   :     #22 pc 0000000000000e70  /system/vendor/bin/hw/android.hardware.graphics.composer@2.1-service (main+320)
08-22 21:51:36.367  8525  8525 F DEBUG   :     #23 pc 000000000001b830  /system/lib64/libc.so (__libc_init+88)
08-22 21:51:36.367  8525  8525 F DEBUG   :     #24 pc 0000000000000c90  /system/vendor/bin/hw/android.hardware.graphics.composer@2.1-service (do_arm64_start+80)
--------- beginning of system
08-22 22:17:12.316  8729  8729 W WindowManager: removeWindowToken: Attempted to remove non-existing token: android.os.Binder@4c97377
08-22 22:21:38.739  8729  8788 E BatteryStatsService: no controller energy info supplied
08-22 22:21:38.749  8729  8788 E KernelUidCpuFreqTimeReader: Failed to read /proc/uid_time_in_state: java.io.FileNotFoundException: /proc/uid_time_in_state (No such file or directory)
08-22 22:22:07.018  8729  8747 I ActivityManager: Killing 11390:com.google.android.videos/u0a83 (adj 902): empty for 1800s
08-22 22:22:07.020  8729  8747 I ActivityManager: Killing 11501:com.google.android.youtube/u0a87 (adj 904): empty for 1801s
08-22 22:22:07.022  8729  8747 I ActivityManager: Killing 11962:com.google.android.calendar/u0a47 (adj 904): empty for 1801s
08-22 22:22:07.023  8729  8747 I ActivityManager: Killing 12070:com.google.android.gm/u0a60 (adj 904): empty for 1801s
08-22 22:22:07.024  8729  8747 I ActivityManager: Killing 11842:com.google.android.deskclock/u0a51 (adj 904): empty for 1801s
08-22 22:22:07.025  8729  8747 I ActivityManager: Killing 11337:com.google.android.gms.ui/u0a14 (adj 904): empty for 1802s
08-22 22:22:07.094  8729  9019 D ConnectivityService: ConnectivityService NetworkRequestInfo binderDied(NetworkRequest [ LISTEN id=13, [ Capabilities: INTERNET&NOT_RESTRICTED&TRUSTED&FOREGROUND] ], android.os.BinderProxy@765e40e)
08-22 22:22:07.095  8729  8965 E ConnectivityService: RemoteException caught trying to send a callback msg for NetworkRequest [ LISTEN id=13, [ Capabilities: INTERNET&NOT_RESTRICTED&TRUSTED&FOREGROUND] ]
08-22 22:22:22.141  8729  9913 I ActivityManager: Killing 12163:com.google.android.ext.services/u0a15 (adj 906): empty for 1811s
08-22 22:30:36.149  8729  8729 W WindowManager: removeWindowToken: Attempted to remove non-existing token: android.os.Binder@186422a
08-22 22:30:46.943  8729  8729 W WindowManager: removeWindowToken: Attempted to remove non-existing token: android.os.Binder@b09bfe7
08-22 22:30:50.836  8729  8729 W WindowManager: removeWindowToken: Attempted to remove non-existing token: android.os.Binder@1adf52c
08-22 22:31:11.621  8729  8729 W WindowManager: removeWindowToken: Attempted to remove non-existing token: android.os.Binder@8748856
08-22 22:31:17.123  8729  9913 I ActivityManager: Start proc 15777:com.google.android.inputmethod.latin:train/u0a66 for service com.google.android.inputmethod.latin/com.google.android.apps.inputmethod.libs.dvrnn.trainingservice.DvrnnTrainingRpcService
08-22 22:31:22.227  8729  8812 W RemoteFillService: Not handling { when=-3ms what=3 target=com.android.internal.os.HandlerCaller$MyHandler planTime=0 dispatchTime=0 finishTime=0 } as service for ComponentInfo{com.google.android.gms/com.google.android.gms.autofill.service.AutofillService} is already destroyed
08-22 22:31:43.909  8729  9913 I ActivityManager: Killing 11263:com.google.android.gms.unstable/u0a14 (adj 906): empty for 2371s
08-22 22:31:45.939  8729  8729 W WindowManager: removeWindowToken: Attempted to remove non-existing token: android.os.Binder@75b73fd
08-22 22:32:12.390  8729  8729 W WindowManager: removeWindowToken: Attempted to remove non-existing token: android.os.Binder@a838f4d
08-22 22:32:51.788  8729  8729 W WindowManager: removeWindowToken: Attempted to remove non-existing token: android.os.Binder@f656280
08-22 22:33:18.387  8729  8729 W WindowManager: removeWindowToken: Attempted to remove non-existing token: android.os.Binder@52e92dc
08-22 22:33:37.084  8729  8729 W WindowManager: removeWindowToken: Attempted to remove non-existing token: android.os.Binder@c2b069d
08-22 22:33:50.433  8729  8729 W WindowManager: removeWindowToken: Attempted to remove non-existing token: android.os.Binder@4f420e0
08-22 22:34:15.363  8729  8784 I UsageStatsService: User[0] Flushing usage stats to disk
08-22 22:34:22.387  8729  8729 W WindowManager: removeWindowToken: Attempted to remove non-existing token: android.os.Binder@ded3841
08-22 22:34:33.652  8729  8729 W WindowManager: removeWindowToken: Attempted to remove non-existing token: android.os.Binder@b93b935
08-22 22:34:51.268  8729  8729 W WindowManager: removeWindowToken: Attempted to remove non-existing token: android.os.Binder@15a0658
08-22 22:35:00.124  8729  8729 W WindowManager: removeWindowToken: Attempted to remove non-existing token: android.os.Binder@c953004
08-22 22:35:15.830  8729  8729 W WindowManager: removeWindowToken: Attempted to remove non-existing token: android.os.Binder@fa5ada0
08-22 22:35:30.662  8729  8729 W WindowManager: removeWindowToken: Attempted to remove non-existing token: android.os.Binder@9358e01
08-22 22:35:41.730  8729  8729 W WindowManager: removeWindowToken: Attempted to remove non-existing token: android.os.Binder@af87c00
08-22 22:43:20.616  8729  8729 W WindowManager: removeWindowToken: Attempted to remove non-existing token: android.os.Binder@685e3f2
08-22 22:44:28.044  8729  8745 E BatteryStatsService: no controller energy info supplied
08-22 22:44:28.057  8729  8745 E KernelUidCpuFreqTimeReader: Failed to read /proc/uid_time_in_state: java.io.FileNotFoundException: /proc/uid_time_in_state (No such file or directory)
08-22 22:44:28.409  8729  8745 I ActivityManager: Start proc 16995:com.google.android.calendar/u0a47 for service com.google.android.calendar/com.firebase.jobdispatcher.GooglePlayReceiver
08-22 22:44:28.561  8729  9177 I ActivityManager: Start proc 17026:com.android.providers.calendar/u0a3 for content provider com.android.providers.calendar/.CalendarProvider2
08-22 22:44:59.581  8729  9905 I ActivityManager: Killing 12189:com.android.keychain/1000 (adj 906): empty for 2812s
08-22 22:44:59.583  8729  9905 I ActivityManager: Killing 12227:com.android.defcontainer/u0a8 (adj 906): empty for 2812s
08-22 22:46:41.268  8729  8729 W WindowManager: removeWindowToken: Attempted to remove non-existing token: android.os.Binder@b4da3c2
08-22 22:47:13.577  8729  8729 W WindowManager: removeWindowToken: Attempted to remove non-existing token: android.os.Binder@f223317
08-22 22:48:43.277  8729  8729 W WindowManager: removeWindowToken: Attempted to remove non-existing token: android.os.Binder@85ba4ce
08-22 22:48:51.245  8729  8729 W WindowManager: removeWindowToken: Attempted to remove non-existing token: android.os.Binder@78c6501
08-22 22:49:17.904  8729  8729 W WindowManager: removeWindowToken: Attempted to remove non-existing token: android.os.Binder@2d8c9e2
08-22 22:49:32.884  8729  8729 W WindowManager: removeWindowToken: Attempted to remove non-existing token: android.os.Binder@13c41cf
08-22 22:49:52.040  8729  8729 W WindowManager: removeWindowToken: Attempted to remove non-existing token: android.os.Binder@34f89a7
08-22 22:50:05.781  8729  8729 W WindowManager: removeWindowToken: Attempted to remove non-existing token: android.os.Binder@19dda69
08-22 22:50:19.471  8729  8729 W WindowManager: removeWindowToken: Attempted to remove non-existing token: android.os.Binder@f4fb208
08-22 22:51:38.751  8729  8788 E BatteryStatsService: no controller energy info supplied
08-22 22:52:27.736  8729  8729 I ActivityManager: Start proc 17699:com.google.android.partnersetup/u0a21 for service com.google.android.partnersetup/.InstalledAppJobService
08-22 22:53:00.005  8729  8729 I ActivityManager: Killing 12261:com.android.musicfx/u0a24 (adj 906): empty for 3292s
08-22 22:53:52.725  8729  8729 W WindowManager: removeWindowToken: Attempted to remove non-existing token: android.os.Binder@c322d5a
08-22 22:53:58.444  8729  8729 W WindowManager: removeWindowToken: Attempted to remove non-existing token: android.os.Binder@aae2544
08-22 22:54:05.327  8729  8729 W WindowManager: removeWindowToken: Attempted to remove non-existing token: android.os.Binder@554310c
08-22 22:54:50.648  8729  8729 W WindowManager: removeWindowToken: Attempted to remove non-existing token: android.os.Binder@3392622
08-22 22:54:52.657  8729  8729 W WindowManager: removeWindowToken: Attempted to remove non-existing token: android.os.Binder@50715e9
08-22 22:54:59.746  8729  8784 I UsageStatsService: User[0] Flushing usage stats to disk
08-22 22:55:03.924  8729  8729 W WindowManager: removeWindowToken: Attempted to remove non-existing token: android.os.Binder@7897146
08-22 22:55:05.935  8729  8729 W WindowManager: removeWindowToken: Attempted to remove non-existing token: android.os.Binder@82cbf07
08-22 22:55:12.670  8729  8729 W WindowManager: removeWindowToken: Attempted to remove non-existing token: android.os.Binder@2ef631e
08-22 22:55:14.678  8729  8729 W WindowManager: removeWindowToken: Attempted to remove non-existing token: android.os.Binder@75487ff
08-22 22:59:15.867  8729  8876 I ActivityManager: Start proc 18458:com.android.defcontainer/u0a8 for service com.android.defcontainer/.DefaultContainerService
08-22 22:59:17.305  8729  8785 I ActivityManager: Force stopping com.mapspvp appid=10102 user=-1: installPackageLI
08-22 22:59:17.305  8729  8785 I ActivityManager: Killing 13060:com.mapspvp/u0a102 (adj 0): stop com.mapspvp
08-22 22:59:17.308  8729  8785 W ActivityManager: Force removing ActivityRecord{532fb7d u0 com.mapspvp/.MainActivity t169}: app died, no saved state
08-22 22:59:17.380  8729  9177 I WindowManager: WIN DEATH: Window{cdea8f4 u0 com.mapspvp/com.mapspvp.MainActivity}
08-22 22:59:17.381  8729  9194 I WindowManager: WIN DEATH: Window{7bd357a u0 com.mapspvp/com.mapspvp.MainActivity}
08-22 22:59:17.447  8729  8876 I PackageManager: Package com.mapspvp codePath changed from /data/app/com.mapspvp-6jAsESuDaW0Qys4Q3Ymwtg== to /data/app/com.mapspvp-a0oPQxp9nKl313abo3V2aA==; Retaining data and using new
08-22 22:59:17.448  8729  8876 W PackageManager: Code path for com.mapspvp changing from /data/app/com.mapspvp-6jAsESuDaW0Qys4Q3Ymwtg== to /data/app/com.mapspvp-a0oPQxp9nKl313abo3V2aA==
08-22 22:59:17.448  8729  8876 W PackageManager: Resource path for com.mapspvp changing from /data/app/com.mapspvp-6jAsESuDaW0Qys4Q3Ymwtg== to /data/app/com.mapspvp-a0oPQxp9nKl313abo3V2aA==
08-22 22:59:17.457  8729  8814 W ActivityManager: setHasOverlayUi called on unknown pid: 13060
08-22 22:59:17.535  8729  8986 D WindowManager: width=1080height=1920
08-22 22:59:17.678  8729  8786 W Looper  : Dispatch took 373ms on android.ui, h=Handler (com.android.server.am.ActivityManagerService$UiHandler) {da093ea} cb=null msg=53
08-22 22:59:17.692  8729  9194 I ActivityManager: Killing 11945:com.android.printspooler/u0a76 (adj 906): empty for 3665s
08-22 22:59:17.877  8729  8876 I ActivityManager: Force stopping com.mapspvp appid=10102 user=0: pkg removed
08-22 22:59:17.912  8729  8785 I ActivityManager: Start proc 18510:com.android.musicfx/u0a24 for broadcast com.android.musicfx/.Compatibility$Receiver
08-22 22:59:17.946  8729  8729 I ActivityManager: Start proc 18523:com.android.keychain/1000 for service com.android.keychain/.KeyChainService
08-22 22:59:18.012  8729  8729 I Telecom : DefaultDialerCache: Refreshing default dialer for user 0: now com.google.android.dialer: DDC.oR@AD4
08-22 22:59:18.023  8729  8784 I ActivityManager: Start proc 18550:com.android.printspooler/u0a76 for service com.android.printspooler/.model.PrintSpoolerService
08-22 22:59:18.035  8729  9913 I ActivityManager: Killing 13141:com.google.android.apps.tachyon/u0a54 (adj 906): empty for 3655s
08-22 22:59:18.075  8729  9913 W BroadcastQueue: Background execution not allowed: receiving Intent { act=android.intent.action.PACKAGE_REMOVED dat=package:com.mapspvp flg=0x4000010 (has extras) } to com.google.android.googlequicksearchbox/com.google.android.apps.gsa.googlequicksearchbox.GelStubAppWatcher
08-22 22:59:18.125  8729 15064 D ConnectivityService: ConnectivityService NetworkRequestInfo binderDied(NetworkRequest [ LISTEN id=15, [ Capabilities: INTERNET&NOT_RESTRICTED&TRUSTED] ], android.os.BinderProxy@399f021)
08-22 22:59:18.126  8729  8965 E ConnectivityService: RemoteException caught trying to send a callback msg for NetworkRequest [ LISTEN id=15, [ Capabilities: INTERNET&NOT_RESTRICTED&TRUSTED] ]
08-22 22:59:18.176  8729  9019 W BroadcastQueue: Background execution not allowed: receiving Intent { act=android.intent.action.PACKAGE_ADDED dat=package:com.mapspvp flg=0x4000010 (has extras) } to com.google.android.googlequicksearchbox/com.google.android.apps.gsa.googlequicksearchbox.GelStubAppWatcher
08-22 22:59:18.177  8729  8785 W BroadcastQueue: Background execution not allowed: receiving Intent { act=android.intent.action.PACKAGE_ADDED dat=package:com.mapspvp flg=0x4000010 (has extras) } to com.google.android.ims/.receivers.RcsAutoStartReceiver
08-22 22:59:18.190  8729  9019 W BroadcastQueue: Background execution not allowed: receiving Intent { act=android.intent.action.PACKAGE_REPLACED dat=package:com.mapspvp flg=0x4000010 (has extras) } to com.google.android.apps.photos/.account.full.FetchAccountPropertiesAppUpgradeBroadcastReceiver
08-22 22:59:18.190  8729  8785 W BroadcastQueue: Background execution not allowed: receiving Intent { act=android.intent.action.PACKAGE_REPLACED dat=package:com.mapspvp flg=0x4000010 (has extras) } to com.google.android.apps.photos/.account.full.SyncAccountsForLoginBroadcastReceiver
08-22 22:59:18.191  8729  8785 W BroadcastQueue: Background execution not allowed: receiving Intent { act=android.intent.action.PACKAGE_REPLACED dat=package:com.mapspvp flg=0x4000010 (has extras) } to com.google.android.apps.photos/.experiments.phenotype.full.PhenotypeAppUpgradeBroadcastReceiver
08-22 22:59:18.191  8729  8785 W BroadcastQueue: Background execution not allowed: receiving Intent { act=android.intent.action.PACKAGE_REPLACED dat=package:com.mapspvp flg=0x4000010 (has extras) } to com.google.android.apps.photos/.notificationchannels.AppUpdateBroadcastReceiver
08-22 22:59:18.206  8729  9913 W BroadcastQueue: Background execution not allowed: receiving Intent { act=android.intent.action.PACKAGE_REPLACED dat=package:com.mapspvp flg=0x4000010 (has extras) } to com.google.android.googlequicksearchbox/com.google.android.apps.gsa.googlequicksearchbox.GelStubAppWatcher
08-22 22:59:18.207  8729  8785 W BroadcastQueue: Background execution not allowed: receiving Intent { act=android.intent.action.PACKAGE_REPLACED dat=package:com.mapspvp flg=0x4000010 (has extras) } to com.google.android.ims/.receivers.RcsAutoStartReceiver
08-22 22:59:18.336  8729  9905 D BluetoothManagerService: Registered for death of com.google.android.gms
08-22 22:59:18.336  8729  9905 D BluetoothManagerService: 1 registered Ble Apps
08-22 22:59:18.377  8729  9905 I ActivityManager: START u0 {flg=0x10000000 cmp=com.mapspvp/.MainActivity} from uid 2000
08-22 22:59:18.412  8729  9905 I ActivityManager: Start proc 18604:com.mapspvp/u0a102 for activity com.mapspvp/.MainActivity
08-22 22:59:21.902  8729  9125 I ActivityManager: Start proc 18653:com.android.chrome:webview_service/u0a50 for service com.android.chrome/org.chromium.android_webview.services.VariationsSeedServer
08-22 22:59:24.383  8729  9905 D BluetoothManagerService: Unregistered for death of com.google.android.gms
08-22 22:59:24.383  8729  9905 D BluetoothManagerService: 0 registered Ble Apps
08-22 22:59:55.385  8729  8812 W RemoteFillService: Not handling { when=-2ms what=3 target=com.android.internal.os.HandlerCaller$MyHandler planTime=0 dispatchTime=0 finishTime=0 } as service for ComponentInfo{com.google.android.gms/com.google.android.gms.autofill.service.AutofillService} is already destroyed
08-22 23:00:00.091  8729  8729 W WindowManager: removeWindowToken: Attempted to remove non-existing token: android.os.Binder@c222f11
08-22 23:00:13.648  8729  8729 W WindowManager: removeWindowToken: Attempted to remove non-existing token: android.os.Binder@6174d98
08-22 23:00:16.870  8729  8729 W WindowManager: removeWindowToken: Attempted to remove non-existing token: android.os.Binder@3a2d42d
08-22 23:00:29.803  8729  8729 W WindowManager: removeWindowToken: Attempted to remove non-existing token: android.os.Binder@c200855
08-22 23:00:38.346  8729  8729 W WindowManager: removeWindowToken: Attempted to remove non-existing token: android.os.Binder@b7a14c2
08-22 23:00:44.776  8729  8729 W WindowManager: removeWindowToken: Attempted to remove non-existing token: android.os.Binder@73c5535
08-22 23:00:50.320  8729  8729 W WindowManager: removeWindowToken: Attempted to remove non-existing token: android.os.Binder@3e0ae34
08-22 23:01:12.854  8729  8729 W WindowManager: removeWindowToken: Attempted to remove non-existing token: android.os.Binder@33e3e8
08-22 23:01:24.115  8729  8729 W WindowManager: removeWindowToken: Attempted to remove non-existing token: android.os.Binder@7ae9e73
08-22 23:01:47.233  8729  8729 W WindowManager: removeWindowToken: Attempted to remove non-existing token: android.os.Binder@dd05b31
08-22 23:02:46.517  8729  8729 W WindowManager: removeWindowToken: Attempted to remove non-existing token: android.os.Binder@22e0a13
08-22 23:02:52.023  8729  8729 W WindowManager: removeWindowToken: Attempted to remove non-existing token: android.os.Binder@b226626
08-22 23:04:06.408  8729  8729 W WindowManager: removeWindowToken: Attempted to remove non-existing token: android.os.Binder@da80047
08-22 23:04:41.717  8729  8729 W WindowManager: removeWindowToken: Attempted to remove non-existing token: android.os.Binder@dfdbb1f
08-22 23:06:54.726  8729  8729 W WindowManager: removeWindowToken: Attempted to remove non-existing token: android.os.Binder@bbb18f6
08-22 23:07:22.265  8729  8729 W WindowManager: removeWindowToken: Attempted to remove non-existing token: android.os.Binder@88d5bef
08-22 23:09:33.744  8729  8729 W WindowManager: removeWindowToken: Attempted to remove non-existing token: android.os.Binder@b484fc4
08-22 23:09:46.741  8729  8785 I ActivityManager: Force stopping com.mapspvp appid=10102 user=-1: installPackageLI
08-22 23:09:46.742  8729  8785 I ActivityManager: Killing 18604:com.mapspvp/u0a102 (adj 0): stop com.mapspvp
08-22 23:09:46.744  8729  8785 W ActivityManager: Force removing ActivityRecord{f8197f5 u0 com.mapspvp/.MainActivity t170}: app died, no saved state
08-22 23:09:46.805  8729  9905 I WindowManager: WIN DEATH: Window{48dd3e1 u0 com.mapspvp/com.mapspvp.MainActivity}
08-22 23:09:46.806  8729  9194 I WindowManager: WIN DEATH: Window{e34e592 u0 com.mapspvp/com.mapspvp.MainActivity}
08-22 23:09:46.868  8729  8876 I PackageManager: Package com.mapspvp codePath changed from /data/app/com.mapspvp-a0oPQxp9nKl313abo3V2aA== to /data/app/com.mapspvp-hxIerXwk-JOLQz8RRoeT3g==; Retaining data and using new
08-22 23:09:46.869  8729  8876 W PackageManager: Code path for com.mapspvp changing from /data/app/com.mapspvp-a0oPQxp9nKl313abo3V2aA== to /data/app/com.mapspvp-hxIerXwk-JOLQz8RRoeT3g==
08-22 23:09:46.869  8729  8876 W PackageManager: Resource path for com.mapspvp changing from /data/app/com.mapspvp-a0oPQxp9nKl313abo3V2aA== to /data/app/com.mapspvp-hxIerXwk-JOLQz8RRoeT3g==
08-22 23:09:46.960  8729  8986 D WindowManager: width=1080height=1920
08-22 23:09:47.098  8729  8814 W ActivityManager: setHasOverlayUi called on unknown pid: 18604
08-22 23:09:47.098  8729  8786 W Looper  : Dispatch took 357ms on android.ui, h=Handler (com.android.server.am.ActivityManagerService$UiHandler) {da093ea} cb=null msg=53
08-22 23:09:47.289  8729  8876 I ActivityManager: Force stopping com.mapspvp appid=10102 user=0: pkg removed
