08-23 00:30:07.457 20302 20302 I NotificationService: Cannot find enqueued record for key: 0|com.google.android.videos|1|null|10083
08-23 00:30:07.946 20302 24909 I ActivityManager: Killing 29537:com.google.android.contacts/u0a17 (adj 906): empty for 1825s
08-23 00:34:08.640 20302 21478 I ActivityManager: Killing 29587:com.google.android.gms.ui/u0a14 (adj 906): empty for 2057s
08-23 00:34:08.696 20302 20403 W ActivityManager: setHasOverlayUi called on unknown pid: 29587
08-23 00:35:07.414 20302 29663 D ConnectivityService: Returning blocked NetworkInfo to uid=10083
08-23 00:43:26.224 20302 20393 E BatteryStatsService: no controller energy info supplied
08-23 00:45:13.158 20302 21498 E BatteryStatsService: no controller energy info supplied
08-23 00:50:06.982 20302 20389 I UsageStatsService: User[0] Flushing usage stats to disk
08-23 01:10:20.717 20302 20302 D AnyMotionDetector: angleBetween: this = timeMillisSinceBoot=538225098 | x=0.028184105, y=-0.056564353, z=0.9980011, other = timeMillisSinceBoot=538232808 | x=0.028214473, y=-0.05665189, z=0.99799526, degrees = 0.005319344
08-23 01:13:26.224 20302 20393 E BatteryStatsService: no controller energy info supplied
08-23 01:13:35.119 20302 21498 D ConnectivityService: Returning blocked NetworkInfo to uid=10097
08-23 01:29:10.466 20302 20389 I UsageStatsService: User[0] Flushing usage stats to disk
08-23 01:34:19.105 20302 20393 E BatteryStatsService: no controller energy info supplied
08-23 01:43:26.225 20302 20393 E BatteryStatsService: no controller energy info supplied
08-23 02:02:31.384 20302 20302 I ActivityManager: Start proc 3036:com.android.vending:instant_app_installer/u0a25 for service com.android.vending/com.google.android.finsky.instantapps.InstantAppHygieneService
08-23 02:03:01.343 20302 21488 I ActivityManager: Killing 23838:com.android.printspooler/u0a76 (adj 906): empty for 7379s
08-23 02:13:26.227 20302 20393 E BatteryStatsService: no controller energy info supplied
08-23 02:13:27.023 20302 20302 I EntropyMixer: Writing entropy...
08-23 02:16:29.329 20302 20389 I ProcessStatsService: Pruning old procstats: /data/system/procstats/state-1970-11-06-07-50-09.bin
08-23 02:18:05.963 20302 20389 I UsageStatsService: User[0] Flushing usage stats to disk
08-23 02:25:16.195 20302 20393 E BatteryStatsService: no controller energy info supplied
08-23 02:43:26.227 20302 20393 E BatteryStatsService: no controller energy info supplied
08-23 03:13:26.227 20302 20393 E BatteryStatsService: no controller energy info supplied
08-23 03:18:43.283 20302 20393 E BatteryStatsService: no controller energy info supplied
08-23 03:43:26.229 20302 20393 E BatteryStatsService: no controller energy info supplied
08-23 03:52:54.293 20302 20302 I ActivityManager: Start proc 7174:com.google.android.apps.maps/u0a71 for service com.google.android.apps.maps/com.google.android.apps.gmm.offline.update.OfflineAutoUpdateJobService
08-23 03:52:54.768 20302 20715 E BatteryStatsService: no controller energy info supplied
08-23 03:52:56.606 20302 20756 I ActivityManager: Start proc 7266:com.google.android.dialer/u0a16 for broadcast com.google.android.dialer/com.google.android.apps.dialer.phenotype.UpdateBroadcastReceiver
08-23 03:52:56.968 20302 20715 I ActivityManager: Start proc 7296:com.google.android.gms.ui/u0a14 for service com.google.android.gms/.chimera.UiIntentOperationService
08-23 03:53:00.012 20302 20619 I ActivityManager: Killing 29785:com.android.providers.calendar/u0a3 (adj 906): empty for 13927s
08-23 03:53:05.218 20302 21498 I ActivityManager: Killing 26240:com.android.chrome:sandboxed_process0/u0a97i0 (adj 906): empty for 13885s
08-23 03:53:05.259 20302 21498 W ActivityManager: Scheduling restart of crashed service com.koushikdutta.vysor/org.chromium.content.app.SandboxedProcessService0 in 1000ms
08-23 03:53:05.332 20302 20756 D ConnectivityService: ConnectivityService NetworkRequestInfo binderDied(NetworkRequest [ LISTEN id=18, [ Capabilities: INTERNET&NOT_RESTRICTED&TRUSTED&FOREGROUND] ], android.os.BinderProxy@6220a92)
08-23 03:53:05.332 20302 21488 D ConnectivityService: ConnectivityService NetworkRequestInfo binderDied(NetworkRequest [ LISTEN id=17, [ Capabilities: INTERNET&NOT_RESTRICTED&TRUSTED&FOREGROUND] ], android.os.BinderProxy@71bd81d)
08-23 03:53:05.333 20302 21498 I ActivityManager: Process com.koushikdutta.vysor (pid 26191) has died: cch+6CEM 
08-23 03:53:05.334 20302 20568 E ConnectivityService: RemoteException caught trying to send a callback msg for NetworkRequest [ LISTEN id=18, [ Capabilities: INTERNET&NOT_RESTRICTED&TRUSTED&FOREGROUND] ]
08-23 03:53:05.334 20302 20568 E ConnectivityService: RemoteException caught trying to send a callback msg for NetworkRequest [ LISTEN id=17, [ Capabilities: INTERNET&NOT_RESTRICTED&TRUSTED&FOREGROUND] ]
08-23 03:53:05.341 20302 20403 W ActivityManager: setHasOverlayUi called on unknown pid: 26191
08-23 04:12:54.467 20302 20389 I UsageStatsService: User[0] Flushing usage stats to disk
08-23 04:13:26.230 20302 20393 E BatteryStatsService: no controller energy info supplied
08-23 04:36:21.868 20302 20393 E BatteryStatsService: no controller energy info supplied
08-23 04:43:26.230 20302 20393 E BatteryStatsService: no controller energy info supplied
08-23 05:13:26.231 20302 20393 E BatteryStatsService: no controller energy info supplied
08-23 05:13:27.113 20302 20302 I EntropyMixer: Writing entropy...
08-23 05:29:12.479 20302 20389 I ProcessStatsService: Pruning old procstats: /data/system/procstats/state-1970-12-17-07-19-14.bin
08-23 05:43:26.253 20302 20393 E BatteryStatsService: no controller energy info supplied
08-23 05:45:32.206 20302 20393 E BatteryStatsService: no controller energy info supplied
08-23 06:13:26.310 20302 20393 E BatteryStatsService: no controller energy info supplied
08-23 06:19:00.553 20302 20389 I UsageStatsService: User[0] Flushing usage stats to disk
08-23 06:36:04.788 20302 20393 E BatteryStatsService: no controller energy info supplied
08-23 06:43:26.308 20302 20393 E BatteryStatsService: no controller energy info supplied
08-23 07:00:00.002 20302 20302 D ConditionProviders.SCP: onReceive ScheduleConditionProvider.EVALUATE
08-23 07:00:00.003 20302 20302 D ConditionProviders.SCP: notifyCondition condition://android/schedule?days=6.7&start=23.30&end=10.0&exitAtAlarm=false STATE_FALSE reason=!meetsSchedule
08-23 07:00:00.003 20302 20302 D ConditionProviders.SCP: notifyCondition condition://android/schedule?days=1.2.3.4.5&start=22.0&end=7.0&exitAtAlarm=false STATE_FALSE reason=!meetsSchedule
08-23 07:00:00.005 20302 20302 D ConditionProviders.SCP: Scheduling evaluate for Thu Aug 23 10:00:00 GMT+03:00 2018 (1535007600000), in +2h59m59s998ms, now=Thu Aug 23 07:00:00 GMT+03:00 2018 (1534996800002)
08-23 07:13:26.310 20302 20393 E BatteryStatsService: no controller energy info supplied
08-23 07:40:25.848 20302 24063 E BatteryStatsService: no controller energy info supplied
08-23 07:40:26.145 20302 20720 I ActivityManager: Start proc 15721:com.google.android.apps.tachyon/u0a54 for service com.google.android.apps.tachyon/com.firebase.jobdispatcher.GooglePlayReceiver
08-23 07:40:42.974 20302 20302 I Telecom : DefaultDialerCache: Refreshing default dialer for user 0: now com.google.android.dialer: DDC.oR@AHo
08-23 07:40:42.985 20302 20389 I ActivityManager: Start proc 15847:com.android.printspooler/u0a76 for service com.android.printspooler/.model.PrintSpoolerService
08-23 07:40:48.086 20302 21498 I ActivityManager: Killing 31200:com.google.android.videos/u0a83 (adj 906): empty for 20295s
08-23 07:41:09.944 20302 22826 I ActivityManager: Killing 29763:com.google.android.calendar/u0a47 (adj 906): empty for 13694s
08-23 07:43:26.310 20302 20393 E BatteryStatsService: no controller energy info supplied
08-23 07:45:14.559 20302 20720 D ConnectivityService: Returning blocked NetworkInfo to uid=10025
08-23 07:50:05.527 20302 20393 E BatteryStatsService: no controller energy info supplied
08-23 08:00:24.939 20302 20389 I UsageStatsService: User[0] Flushing usage stats to disk
08-23 08:13:26.333 20302 20393 E BatteryStatsService: no controller energy info supplied
08-23 08:13:27.210 20302 20302 I EntropyMixer: Writing entropy...
08-23 08:29:01.365 20302 20390 W BroadcastQueue: Background execution not allowed: receiving Intent { act=android.intent.action.ACTION_POWER_CONNECTED flg=0x4000010 (has extras) } to com.google.android.apps.photos/.scheduler.PowerReceiver
08-23 08:29:01.367 20302 20302 I EntropyMixer: Writing entropy...
08-23 08:29:01.368 20302 20393 E BatteryStatsService: no controller energy info supplied
08-23 08:29:01.437 20302 20405 I PowerManagerService: Waking up from dozing (uid 1000)...
08-23 08:29:01.441 20302 20405 I DisplayPowerController: Blocking screen on until initial contents have been drawn.
08-23 08:29:01.443 20302 20403 I DisplayManagerService: Display device changed state: "Built-in Screen", ON
08-23 08:29:01.539 20302 20405 I DisplayPowerController: Unblocked screen on after 97 ms
08-23 08:29:01.562 20302 20345 I ActivityManager: Start proc 17680:com.android.chrome/u0a50 for service com.android.chrome/org.chromium.chrome.browser.customtabs.CustomTabsConnectionService
08-23 08:29:01.584 20302 20302 V BackupManagerService: Scheduling immediate backup pass
08-23 08:29:01.586 20302 20302 W BackupManagerService: Backup pass but e=false p=true
08-23 08:29:01.672 20302 20405 W PowerManagerService: Screen on took 235 ms
08-23 08:29:01.672 20302 20405 I DreamManagerService: Gently waking up from dream.
08-23 08:29:01.672 20302 20401 I DreamManagerService: Performing gentle wake from dream.
08-23 08:29:01.697 20302 29663 I DreamManagerService: Leaving dreamland.
08-23 08:29:01.698 20302 20401 I DreamManagerService: Performing gentle wake from dream.
08-23 08:29:01.698 20302 20401 I DreamController: Stopping dream: name=ComponentInfo{com.android.systemui/com.android.systemui.doze.DozeService}, isTest=false, canDoze=true, userId=0
08-23 08:29:01.781 20302 20720 I ActivityManager: Start proc 17720:com.android.chrome:webview_service/u0a50 for service com.android.chrome/org.chromium.android_webview.services.VariationsSeedServer
08-23 08:29:01.900 20302 22826 I ActivityManager: Killing 7266:com.google.android.dialer/u0a16 (adj 906): empty for 16565s
08-23 08:29:01.921 20302 29663 I ActivityManager: Start proc 17762:android.process.acore/u0a1 for content provider com.android.providers.contacts/.ContactsProvider2
08-23 08:29:01.937 29158 29286 E AndroidRuntime: FATAL EXCEPTION: mqt_native_modules
08-23 08:29:01.937 29158 29286 E AndroidRuntime: Process: com.mapspvp, PID: 29158
08-23 08:29:01.937 29158 29286 E AndroidRuntime: com.facebook.react.common.JavascriptException: Hot loading isn't working because it cannot connect to the development server.
08-23 08:29:01.937 29158 29286 E AndroidRuntime: 
08-23 08:29:01.937 29158 29286 E AndroidRuntime: Try the following to fix the issue:
08-23 08:29:01.937 29158 29286 E AndroidRuntime: - Ensure that the packager server is running and available on the same network
08-23 08:29:01.937 29158 29286 E AndroidRuntime: - Ensure that your device/emulator is connected to your machine and has USB debugging enabled - run 'adb devices' to see a list of connected devices
08-23 08:29:01.937 29158 29286 E AndroidRuntime: - If you're on a physical device connected to the same machine, run 'adb reverse tcp:8081 tcp:8081' to forward requests from your device
08-23 08:29:01.937 29158 29286 E AndroidRuntime: - If your device is on the same Wi-Fi network, set 'Debug server host & port for device' in 'Dev settings' to your machine's IP address and the port of the local dev server - e.g. 10.0.1.1:8081
08-23 08:29:01.937 29158 29286 E AndroidRuntime: 
08-23 08:29:01.937 29158 29286 E AndroidRuntime: URL: localhost:8081
08-23 08:29:01.937 29158 29286 E AndroidRuntime: 
08-23 08:29:01.937 29158 29286 E AndroidRuntime: Error: null, stack:
08-23 08:29:01.937 29158 29286 E AndroidRuntime: <unknown>@31773:24
08-23 08:29:01.937 29158 29286 E AndroidRuntime: emit@32013:35
08-23 08:29:01.937 29158 29286 E AndroidRuntime: onerror@31850:22
08-23 08:29:01.937 29158 29286 E AndroidRuntime: dispatchEvent@29369:31
08-23 08:29:01.937 29158 29286 E AndroidRuntime: <unknown>@30601:31
08-23 08:29:01.937 29158 29286 E AndroidRuntime: emit@3707:42
08-23 08:29:01.937 29158 29286 E AndroidRuntime: __callFunction@2593:49
08-23 08:29:01.937 29158 29286 E AndroidRuntime: <unknown>@2370:31
08-23 08:29:01.937 29158 29286 E AndroidRuntime: __guard@2546:15
08-23 08:29:01.937 29158 29286 E AndroidRuntime: callFunctionReturnFlushedQueue@2369:21
08-23 08:29:01.937 29158 29286 E AndroidRuntime: 
08-23 08:29:01.937 29158 29286 E AndroidRuntime: 	at com.facebook.react.modules.core.ExceptionsManagerModule.showOrThrowError(ExceptionsManagerModule.java:54)
08-23 08:29:01.937 29158 29286 E AndroidRuntime: 	at com.facebook.react.modules.core.ExceptionsManagerModule.reportFatalException(ExceptionsManagerModule.java:38)
08-23 08:29:01.937 29158 29286 E AndroidRuntime: 	at java.lang.reflect.Method.invoke(Native Method)
08-23 08:29:01.937 29158 29286 E AndroidRuntime: 	at com.facebook.react.bridge.JavaMethodWrapper.invoke(JavaMethodWrapper.java:372)
08-23 08:29:01.937 29158 29286 E AndroidRuntime: 	at com.facebook.react.bridge.JavaModuleWrapper.invoke(JavaModuleWrapper.java:160)
08-23 08:29:01.937 29158 29286 E AndroidRuntime: 	at com.facebook.react.bridge.queue.NativeRunnable.run(Native Method)
08-23 08:29:01.937 29158 29286 E AndroidRuntime: 	at android.os.Handler.handleCallback(Handler.java:789)
08-23 08:29:01.937 29158 29286 E AndroidRuntime: 	at android.os.Handler.dispatchMessage(Handler.java:98)
08-23 08:29:01.937 29158 29286 E AndroidRuntime: 	at com.facebook.react.bridge.queue.MessageQueueThreadHandler.dispatchMessage(MessageQueueThreadHandler.java:29)
08-23 08:29:01.937 29158 29286 E AndroidRuntime: 	at android.os.Looper.loop(Looper.java:172)
08-23 08:29:01.937 29158 29286 E AndroidRuntime: 	at com.facebook.react.bridge.queue.MessageQueueThreadImpl$3.run(MessageQueueThreadImpl.java:192)
08-23 08:29:01.937 29158 29286 E AndroidRuntime: 	at java.lang.Thread.run(Thread.java:764)
08-23 08:29:01.946 20302 20720 W ActivityManager:   Force finishing activity com.mapspvp/.MainActivity
08-23 08:29:01.949 20302 20720 I ActivityManager: Killing 7174:com.google.android.apps.maps/u0a71 (adj 906): empty for 16562s
08-23 08:29:02.016 20302 24063 D ConnectivityService: ConnectivityService NetworkRequestInfo binderDied(NetworkRequest [ LISTEN id=22, [ Capabilities: INTERNET&NOT_RESTRICTED&TRUSTED&FOREGROUND] ], android.os.BinderProxy@dc10a9c)
08-23 08:29:02.017 20302 20720 W ActivityManager: Scheduling restart of crashed service com.google.android.apps.maps/com.google.android.apps.gmm.location.heatmap.HeatmapExpirationService in 1000ms
08-23 08:29:02.019 20302 20568 E ConnectivityService: RemoteException caught trying to send a callback msg for NetworkRequest [ LISTEN id=22, [ Capabilities: INTERNET&NOT_RESTRICTED&TRUSTED&FOREGROUND] ]
08-23 08:29:02.049 20302 20344 I ActivityManager: Process com.mapspvp (pid 29158) has died: cch  CEM 
08-23 08:29:02.051 20302 21493 I WindowManager: WIN DEATH: Window{e95d0eb u0 com.mapspvp/com.mapspvp.MainActivity}
08-23 08:29:02.062 20302 20403 W ActivityManager: setHasOverlayUi called on unknown pid: 29158
08-23 08:29:02.237 20302 21487 I ActivityManager: Start proc 17796:com.google.android.videos/u0a83 for service com.google.android.videos/com.google.android.apps.play.movies.common.service.logging.FlushLogsTaskService
08-23 08:29:02.544 20302 20344 D ConnectivityService: Returning unblocked NetworkInfo to uid=10083
08-23 08:29:02.561 20302 21344 V KeyValueBackupJob: Scheduling k/v pass in 249 minutes
08-23 08:29:02.563 20302 20302 I NotificationService: Cannot find enqueued record for key: 0|com.google.android.videos|1|null|10083
08-23 08:29:03.030 20302 20390 I ActivityManager: Start proc 17855:com.google.android.apps.maps/u0a71 for service com.google.android.apps.maps/com.google.android.apps.gmm.location.heatmap.HeatmapExpirationService
08-23 08:29:03.266 20302 21493 I ActivityManager: Killing 30604:com.google.android.partnersetup/u0a21 (adj 906): empty for 2918s
08-23 08:29:03.312 20302 21496 I ActivityManager: Start proc 17893:com.google.android.calendar/u0a47 for service com.google.android.calendar/com.firebase.jobdispatcher.GooglePlayReceiver
08-23 08:29:03.458 20302 24063 I ActivityManager: Start proc 17932:com.android.providers.calendar/u0a3 for content provider com.android.providers.calendar/.CalendarProvider2
08-23 08:29:03.633 20302 24063 I ActivityManager: Killing 3036:com.android.vending:instant_app_installer/u0a25 (adj 906): empty for 2918s
08-23 08:29:03.999 20302 21478 I ActivityManager: Start proc 17970:com.google.android.gms.unstable/u0a14 for service com.google.android.gms/.droidguard.DroidGuardService
08-23 08:29:04.832 20302 21478 D ConnectivityService: Returning unblocked NetworkInfo to uid=10025
08-23 08:29:10.504 20302 21486 I ActivityManager: Killing 15721:com.google.android.apps.tachyon/u0a54 (adj 906): empty for 2923s
08-23 08:29:10.548 20302 21497 D ConnectivityService: ConnectivityService NetworkRequestInfo binderDied(NetworkRequest [ LISTEN id=23, [ Capabilities: INTERNET&NOT_RESTRICTED&TRUSTED] ], android.os.BinderProxy@a92de76)
08-23 08:29:10.550 20302 20568 E ConnectivityService: RemoteException caught trying to send a callback msg for NetworkRequest [ LISTEN id=23, [ Capabilities: INTERNET&NOT_RESTRICTED&TRUSTED] ]
08-23 08:29:12.276 20302 20302 I ActivityManager: Start proc 18021:com.google.android.contacts/u0a17 for service com.google.android.contacts/com.google.android.apps.contacts.operation.ContactsService
08-23 08:29:12.456 20302 21478 I ActivityManager: Killing 7296:com.google.android.gms.ui/u0a14 (adj 906): empty for 2915s
08-23 08:29:25.923 20302 20390 I ActivityManager: Killing 15847:com.android.printspooler/u0a76 (adj 906): empty for 2917s
08-23 08:30:59.082 20302 20393 E BatteryStatsService: no controller energy info supplied
08-23 08:32:38.328 20302 20390 W BroadcastQueue: Background execution not allowed: receiving Intent { act=android.intent.action.ACTION_POWER_DISCONNECTED flg=0x4000010 (has extras) } to com.google.android.apps.photos/.scheduler.PowerReceiver
08-23 08:32:38.333 20302 20393 E BatteryStatsService: no controller energy info supplied
08-23 08:32:38.361 20302 20393 I BatteryStatsImpl: Resetting battery stats: level=94 status=2 dischargeLevel=94 lowAmount=6 highAmount=7
08-23 08:32:48.333 20302 20405 I PowerManagerService: Going to sleep due to screen timeout (uid 1000)...
08-23 08:32:48.646 20302 20405 I DisplayPowerController: Blocking screen off
08-23 08:32:48.662 20302 20405 I DisplayPowerController: Unblocked screen off after 16 ms
08-23 08:32:48.694 20302 20405 I DreamManagerService: Entering dreamland.
08-23 08:32:48.694 20302 20403 I DisplayManagerService: Display device changed state: "Built-in Screen", OFF
08-23 08:32:48.694 20302 20405 I PowerManagerService: Dozing...
08-23 08:32:48.695 20302 20401 I DreamController: Starting dream: name=ComponentInfo{com.android.systemui/com.android.systemui.doze.DozeService}, isTest=false, canDoze=true, userId=0
08-23 08:43:28.484 20302 20302 I ActivityManager: Start proc 18114:com.google.android.partnersetup/u0a21 for service com.google.android.partnersetup/.InstalledAppJobService
08-23 09:43:59.831 20302 20302 D AnyMotionDetector: angleBetween: this = timeMillisSinceBoot=569044206 | x=0.15680298, y=-0.07672591, z=0.9846451, other = timeMillisSinceBoot=569051920 | x=0.15687299, y=-0.076641575, z=0.9846405, degrees = 0.0062854597
08-23 10:00:00.925 20302 20302 D ConditionProviders.SCP: onReceive ScheduleConditionProvider.EVALUATE
08-23 10:00:00.925 20302 20302 D ConditionProviders.SCP: notifyCondition condition://android/schedule?days=6.7&start=23.30&end=10.0&exitAtAlarm=false STATE_FALSE reason=!meetsSchedule
08-23 10:00:00.926 20302 20302 D ConditionProviders.SCP: notifyCondition condition://android/schedule?days=1.2.3.4.5&start=22.0&end=7.0&exitAtAlarm=false STATE_FALSE reason=!meetsSchedule
08-23 10:00:00.926 20302 20302 D ConditionProviders.SCP: Scheduling evaluate for Thu Aug 23 22:00:00 GMT+03:00 2018 (1535050800000), in +11h59m59s75ms, now=Thu Aug 23 10:00:00 GMT+03:00 2018 (1535007600925)
08-23 10:43:04.809 20302 29663 E BatteryStatsService: no controller energy info supplied
08-23 12:37:19.743 20302 29663 E BatteryStatsService: no controller energy info supplied
08-23 12:41:56.296 20302 20393 E BatteryStatsService: no controller energy info supplied
08-23 13:04:44.508 20302 24063 D ConnectivityService: reportNetworkConnectivity(100, false) by 10014
08-23 13:04:44.677 20302 20568 D ConnectivityService: NetworkAgentInfo [WIFI () - 100] validation passed
08-23 13:15:15.481 20302 21494 D ConnectivityService: reportNetworkConnectivity(100, false) by 10014
08-23 13:15:15.644 20302 20568 D ConnectivityService: NetworkAgentInfo [WIFI () - 100] validation passed
08-23 15:59:08.722 20302 20393 E BatteryStatsService: no controller energy info supplied
08-23 16:37:10.152 20302 21494 E BatteryStatsService: no controller energy info supplied
08-23 17:10:29.645 20302 20553 I PowerManagerService: Waking up from dozing (uid 1000)...
08-23 17:10:29.673 20302 20405 I DisplayPowerController: Blocking screen on until initial contents have been drawn.
08-23 17:10:29.677 20302 20403 I DisplayManagerService: Display device changed state: "Built-in Screen", ON
08-23 17:10:29.732 20302 20389 I ProcessStatsService: Pruning old procstats: /data/system/procstats/state-2018-08-17-23-19-09.bin
08-23 17:10:29.737 20302 20405 I DisplayPowerController: Unblocked screen on after 64 ms
08-23 17:10:29.752 20302 20553 I GestureLauncherService: Power button double tap gesture detected, launching camera. Interval=185ms
08-23 17:10:29.778 20302 24909 I ActivityManager: START u0 {act=android.media.action.STILL_IMAGE_CAMERA flg=0x14000000 cmp=com.android.camera/.Camera (has extras)} from uid 10033
08-23 17:10:29.788 20302 24909 E ActivityManager: applyOptionsLocked: Unknown animationType=0
08-23 17:10:29.800 20302 24909 I ActivityManager: Start proc 18361:com.android.camera/u0a23 for activity com.android.camera/.Camera
08-23 17:10:29.908 20302 20405 W PowerManagerService: Screen on took 342 ms
08-23 17:10:29.909 20302 20405 I DreamManagerService: Gently waking up from dream.
08-23 17:10:29.909 20302 20401 I DreamManagerService: Performing gentle wake from dream.
08-23 17:10:29.943 20302 24909 I DreamManagerService: Leaving dreamland.
08-23 17:10:29.943 20302 20401 I DreamManagerService: Performing gentle wake from dream.
08-23 17:10:29.943 20302 20401 I DreamController: Stopping dream: name=ComponentInfo{com.android.systemui/com.android.systemui.doze.DozeService}, isTest=false, canDoze=true, userId=0
08-23 17:10:29.982 20302 29663 I ActivityManager: START u0 {act=android.content.pm.action.REQUEST_PERMISSIONS pkg=com.google.android.packageinstaller cmp=com.google.android.packageinstaller/com.android.packageinstaller.permission.ui.GrantPermissionsActivity (has extras)} from uid 10023
08-23 17:10:30.130 20302 29663 D ActivityManager: awakeFromSleepingLocked: previously pausing activity didn't pause
08-23 17:10:30.145 20302 29663 I ActivityManager: Start proc 18474:com.google.android.packageinstaller/u0a20 for activity com.google.android.packageinstaller/com.android.packageinstaller.permission.ui.GrantPermissionsActivity
08-23 17:10:30.931 20602 20602 V KeyguardDisplayManager: hide
08-23 17:10:30.987 20302 20553 I PowerManagerService: Going to sleep due to power button (uid 1000)...
08-23 17:10:31.250 20302 20405 I DisplayPowerController: Blocking screen off
08-23 17:10:31.273 20302 20405 I DreamManagerService: Entering dreamland.
08-23 17:10:31.273 20302 20405 I PowerManagerService: Dozing...
08-23 17:10:31.273 20302 20401 I DreamController: Starting dream: name=ComponentInfo{com.android.systemui/com.android.systemui.doze.DozeService}, isTest=false, canDoze=true, userId=0
08-23 17:10:31.281 20302 20405 I DisplayPowerController: Unblocked screen off after 32 ms
08-23 17:10:31.300 20302 20403 I DisplayManagerService: Display device changed state: "Built-in Screen", OFF
08-23 17:10:31.598 20302 20553 I PowerManagerService: Waking up from dozing (uid 1000)...
08-23 17:10:31.627 20302 20405 I DisplayPowerController: Blocking screen on until initial contents have been drawn.
08-23 17:10:31.668 20302 20391 W Looper  : Dispatch took 372ms on android.ui, h=Handler (com.android.server.am.ActivityManagerService$UiHandler) {9c05775} cb=null msg=53
08-23 17:10:31.673 20602 20602 V KeyguardDisplayManager: show
08-23 17:10:31.765 20302 21493 I ActivityManager: Start proc 18559:com.google.android.gms.ui/u0a14 for service com.google.android.gms/.chimera.UiIntentOperationService
08-23 17:10:31.769 20302 20405 I DreamManagerService: Gently waking up from dream.
08-23 17:10:31.769 20302 20401 I DreamManagerService: Performing gentle wake from dream.
08-23 17:10:31.775 20302 20585 D WindowManager: width=960height=1848
08-23 17:10:32.012 20302 20391 W Looper  : Dispatch took 340ms on android.ui, h=Handler (com.android.server.am.ActivityManagerService$UiHandler) {9c05775} cb=null msg=53
08-23 17:10:32.012 20302 20403 I DisplayManagerService: Display device changed state: "Built-in Screen", ON
08-23 17:10:32.080 20302 21493 W ActivityManager: Slow operation: 65ms so far, now at attachApplicationLocked: after mServices.attachApplicationLocked
08-23 17:10:32.129 20302 21478 I DreamManagerService: Leaving dreamland.
08-23 17:10:32.130 20302 20401 I DreamManagerService: Performing gentle wake from dream.
08-23 17:10:32.130 20302 20401 I DreamController: Stopping dream: name=ComponentInfo{com.android.systemui/com.android.systemui.doze.DozeService}, isTest=false, canDoze=true, userId=0
08-23 17:10:32.263 20302 20405 I DisplayPowerController: Unblocked screen on after 636 ms
08-23 17:10:32.264 20302 20405 W PowerManagerService: Screen on took 796 ms
08-23 17:10:36.206 20302 20553 I PowerManagerService: Going to sleep due to power button (uid 1000)...
08-23 17:10:36.526 20302 20405 I DisplayPowerController: Blocking screen off
08-23 17:10:36.538 20302 20405 I DreamManagerService: Entering dreamland.
08-23 17:10:36.540 20302 20401 I DreamController: Starting dream: name=ComponentInfo{com.android.systemui/com.android.systemui.doze.DozeService}, isTest=false, canDoze=true, userId=0
08-23 17:10:36.540 20302 20405 I PowerManagerService: Dozing...
08-23 17:10:36.566 20302 20405 I DisplayPowerController: Unblocked screen off after 40 ms
08-23 17:10:36.603 20302 20403 I DisplayManagerService: Display device changed state: "Built-in Screen", OFF
08-23 17:10:36.754 20302 20585 D WindowManager: width=960height=1848
08-23 17:10:36.883 20302 20391 W Looper  : Dispatch took 280ms on android.ui, h=Handler (com.android.server.am.ActivityManagerService$UiHandler) {9c05775} cb=null msg=53
08-23 18:21:48.187 20302 20302 D AnyMotionDetector: angleBetween: this = timeMillisSinceBoot=600112556 | x=0.21572277, y=0.010048774, z=0.976403, other = timeMillisSinceBoot=600120279 | x=0.2155713, y=0.010124153, z=0.9764356, degrees = 0.009872119
08-23 19:12:07.129 20302 20345 E BatteryStatsService: no controller energy info supplied
08-23 19:12:07.519 20302 24063 I ActivityManager: Start proc 18686:com.google.android.apps.tachyon/u0a54 for service com.google.android.apps.tachyon/com.firebase.jobdispatcher.GooglePlayReceiver
08-23 20:56:47.442 20302 20393 E BatteryStatsService: no controller energy info supplied
08-23 21:03:16.240 20302 20302 I ActivityManager: Start proc 18751:com.google.android.dialer/u0a16 for service com.google.android.dialer/com.google.android.apps.dialer.spam.inapp.SpamJobService
08-23 21:03:16.315 20302 20302 I PreloadsFileCacheExpirationJobService: Set persist.sys.preloads.file_cache_expired=1
08-23 21:03:16.384 20302 20302 I ActivityManager: Start proc 18785:com.android.vending:instant_app_installer/u0a25 for service com.android.vending/com.google.android.finsky.instantapps.InstantAppHygieneService
08-23 21:03:18.146 20302 20344 I ActivityManager: Start proc 18915:com.google.android.youtube/u0a87 for service com.google.android.youtube/com.google.android.libraries.youtube.common.gcore.gcoreclient.gcm.impl.GcmTaskServiceDelegator
08-23 21:03:18.261 20302 20389 I UsageStatsService: User[0] Rolling over usage stats
08-23 21:03:18.261 20302 20389 I UsageStatsService: User[0] Flushing usage stats to disk
08-23 21:03:18.304 20302 20389 I UsageStatsService: User[0] Rollover scheduled @ 2018-08-24 21:03:18(1535133798260)
08-23 21:03:18.304 20302 20389 I UsageStatsService: User[0] Rolling over usage stats complete. Took 43 milliseconds
08-23 21:03:18.620 20302 20390 I ActivityManager: Start proc 18994:com.google.android.apps.photos/u0a75 for broadcast com.google.android.apps.photos/com.google.android.apps.moviemaker.app.ApplicationEnabler$Receiver
08-23 21:03:19.415 20302 24909 W ActivityManager: Unable to start service Intent { cmp=com.google.android.gms/.analytics.service.RefreshEnabledStateService } U=0: not found
08-23 21:03:20.139 20302 21494 E BatteryStatsService: no controller energy info supplied
08-23 21:03:27.602 20302 21488 I ActivityManager: Killing 17680:com.android.chrome/u0a50 (adj 906): empty #17
08-23 21:03:28.640 20302 20302 I ActivityManager: Start proc 19147:com.google.android.configupdater/u0a4 for service com.google.android.configupdater/.MainJobService
08-23 21:03:28.910 20302 20619 I ActivityManager: Killing 17720:com.android.chrome:webview_service/u0a50 (adj 906): empty #17
08-23 21:03:37.249 20302 20619 I ActivityManager: Killing 17855:com.google.android.apps.maps/u0a71 (adj 906): empty #17
08-23 21:03:37.315 20302 21488 D ConnectivityService: ConnectivityService NetworkRequestInfo binderDied(NetworkRequest [ LISTEN id=25, [ Capabilities: INTERNET&NOT_RESTRICTED&TRUSTED&FOREGROUND] ], android.os.BinderProxy@8457d95)
08-23 21:03:37.317 20302 20568 E ConnectivityService: RemoteException caught trying to send a callback msg for NetworkRequest [ LISTEN id=25, [ Capabilities: INTERNET&NOT_RESTRICTED&TRUSTED&FOREGROUND] ]
08-23 21:03:42.891 20302 20389 I ActivityManager: Killing 17932:com.android.providers.calendar/u0a3 (adj 906): empty #17
08-23 21:38:55.662 20302 23279 D ConnectivityService: ConnectivityService NetworkRequestInfo binderDied(NetworkRequest [ LISTEN id=21, [ Capabilities: INTERNET&NOT_RESTRICTED&TRUSTED] ], android.os.BinderProxy@7c076b2)
08-23 21:38:55.662 20302 24909 I ActivityManager: Process com.android.vending (pid 31237) has died: cch  CEM 
08-23 21:38:55.664 20302 20568 E ConnectivityService: RemoteException caught trying to send a callback msg for NetworkRequest [ LISTEN id=21, [ Capabilities: INTERNET&NOT_RESTRICTED&TRUSTED] ]
08-23 21:52:48.558 20302 20393 E BatteryStatsService: no controller energy info supplied
08-23 22:00:01.096 20302 20302 D ConditionProviders.SCP: onReceive ScheduleConditionProvider.EVALUATE
08-23 22:00:01.097 20302 20302 D ConditionProviders.SCP: notifyCondition condition://android/schedule?days=6.7&start=23.30&end=10.0&exitAtAlarm=false STATE_FALSE reason=!meetsSchedule
08-23 22:00:01.097 20302 20302 D ConditionProviders.SCP: notifyCondition condition://android/schedule?days=1.2.3.4.5&start=22.0&end=7.0&exitAtAlarm=false STATE_TRUE reason=meetsSchedule
08-23 22:00:01.098 20302 20302 D ConditionProviders.SCP: Scheduling evaluate for Thu Aug 23 23:30:00 GMT+03:00 2018 (1535056200000), in +1h29m58s904ms, now=Thu Aug 23 22:00:01 GMT+03:00 2018 (1535050801096)
08-23 23:13:37.049 20302 20574 I ActivityManager: Start proc 19206:com.android.providers.calendar/u0a3 for content provider com.android.providers.calendar/.CalendarProvider2
08-23 23:13:37.050 20302 20574 W ActivityManager: Slow operation: 53ms so far, now at getContentProviderImpl: after start process
08-23 23:13:37.050 20302 20574 W ActivityManager: Slow operation: 53ms so far, now at getContentProviderImpl: updating data structures
08-23 23:13:37.050 20302 20574 W ActivityManager: Slow operation: 53ms so far, now at getContentProviderImpl: done!
08-23 23:30:01.134 20302 20302 D ConditionProviders.SCP: onReceive ScheduleConditionProvider.EVALUATE
08-23 23:30:01.135 20302 20302 D ConditionProviders.SCP: notifyCondition condition://android/schedule?days=6.7&start=23.30&end=10.0&exitAtAlarm=false STATE_FALSE reason=!meetsSchedule
08-23 23:30:01.136 20302 20302 D ConditionProviders.SCP: notifyCondition condition://android/schedule?days=1.2.3.4.5&start=22.0&end=7.0&exitAtAlarm=false STATE_TRUE reason=meetsSchedule
08-23 23:30:01.136 20302 20302 D ConditionProviders.SCP: Scheduling evaluate for Fri Aug 24 07:00:00 GMT+03:00 2018 (1535083200000), in +7h29m58s865ms, now=Thu Aug 23 23:30:01 GMT+03:00 2018 (1535056201135)
08-24 00:12:34.773 20302 20393 E BatteryStatsService: no controller energy info supplied
08-24 00:50:37.673 20302 20302 W BroadcastQueue: Background execution not allowed: receiving Intent { act=android.intent.action.DATE_CHANGED flg=0x20200010 } to com.google.android.calendar/com.android.calendar.widget.CalendarAppWidgetProvider
08-24 00:50:37.675 20302 20390 W BroadcastQueue: Background execution not allowed: receiving Intent { act=android.intent.action.DATE_CHANGED flg=0x20200010 } to com.google.android.calendar/.widgetmonth.MonthViewWidgetProvider
08-24 00:50:37.680 20302 23292 W BroadcastQueue: Background execution not allowed: receiving Intent { act=android.intent.action.DATE_CHANGED flg=0x20200010 } to com.qualcomm.timeservice/.TimeServiceBroadcastReceiver
08-24 00:50:39.939 20302 20619 E BatteryStatsService: no controller energy info supplied
08-24 05:34:06.291 20302 20619 D ConnectivityService: reportNetworkConnectivity(100, false) by 10014
08-24 05:34:06.444 20302 20568 D ConnectivityService: NetworkAgentInfo [WIFI () - 100] validation passed
08-24 06:50:47.897 20302 20345 D ConnectivityService: Returning blocked NetworkInfo to uid=10054
08-24 06:50:47.952 20302 20619 D ConnectivityService: Returning unblocked NetworkInfo to uid=10054
08-24 06:50:49.333 20302 24909 E BatteryStatsService: no controller energy info supplied
08-24 06:50:52.748 20302 21488 W ActivityManager: Unable to start service Intent { cmp=com.google.android.gms/.analytics.service.RefreshEnabledStateService } U=0: not found
08-24 07:00:00.519 20302 20302 D ConditionProviders.SCP: onReceive ScheduleConditionProvider.EVALUATE
08-24 07:00:00.519 20302 20302 D ConditionProviders.SCP: notifyCondition condition://android/schedule?days=6.7&start=23.30&end=10.0&exitAtAlarm=false STATE_FALSE reason=!meetsSchedule
08-24 07:00:00.520 20302 20302 D ConditionProviders.SCP: notifyCondition condition://android/schedule?days=1.2.3.4.5&start=22.0&end=7.0&exitAtAlarm=false STATE_FALSE reason=!meetsSchedule
08-24 07:00:00.521 20302 20302 D ConditionProviders.SCP: Scheduling evaluate for Fri Aug 24 10:00:00 GMT+03:00 2018 (1535094000000), in +2h59m59s481ms, now=Fri Aug 24 07:00:00 GMT+03:00 2018 (1535083200519)
08-24 07:29:02.925 20302 20393 E BatteryStatsService: no controller energy info supplied
08-24 08:10:52.791 20302 23279 D ConnectivityService: Returning blocked NetworkInfo to uid=10087
08-24 09:06:05.082 20302 21488 D ConnectivityService: reportNetworkConnectivity(100, false) by 10014
08-24 09:06:05.243 20302 20568 D ConnectivityService: NetworkAgentInfo [WIFI () - 100] validation passed
08-24 10:00:00.800 20302 20302 D ConditionProviders.SCP: onReceive ScheduleConditionProvider.EVALUATE
08-24 10:00:00.801 20302 20302 D ConditionProviders.SCP: notifyCondition condition://android/schedule?days=6.7&start=23.30&end=10.0&exitAtAlarm=false STATE_FALSE reason=!meetsSchedule
08-24 10:00:00.801 20302 20302 D ConditionProviders.SCP: notifyCondition condition://android/schedule?days=1.2.3.4.5&start=22.0&end=7.0&exitAtAlarm=false STATE_FALSE reason=!meetsSchedule
08-24 10:00:00.802 20302 20302 D ConditionProviders.SCP: Scheduling evaluate for Fri Aug 24 22:00:00 GMT+03:00 2018 (1535137200000), in +11h59m59s199ms, now=Fri Aug 24 10:00:00 GMT+03:00 2018 (1535094000801)
08-24 11:03:18.452 20302 20389 I UsageStatsService: User[0] Flushing usage stats to disk
08-24 11:09:45.433 20302 23279 D ConnectivityService: reportNetworkConnectivity(100, false) by 10014
08-24 11:09:48.071 20302 20568 D ConnectivityService: NetworkAgentInfo [WIFI () - 100] validation passed
08-24 11:44:58.754 20302 23279 D ConnectivityService: reportNetworkConnectivity(100, false) by 10014
08-24 11:44:58.912 20302 20568 D ConnectivityService: NetworkAgentInfo [WIFI () - 100] validation passed
08-24 12:26:49.255 20302 20393 E BatteryStatsService: no controller energy info supplied
08-24 12:49:06.783 20302 20302 I ActivityManager: Start proc 19494:com.android.vending/u0a25 for service com.android.vending/com.google.android.finsky.scheduler.JobSchedulerEngine$PhoneskyJobSchedulerJobService
08-24 12:49:06.794 20302 20302 V BackupManagerService: Scheduling immediate backup pass
08-24 12:49:06.796 20302 20302 W BackupManagerService: Backup pass but e=false p=true
08-24 12:49:07.160 20302 21344 V KeyValueBackupJob: Scheduling k/v pass in 240 minutes
08-24 12:49:08.382 20302 21493 E BatteryStatsService: no controller energy info supplied
08-24 12:49:08.568 20302 20755 I ActivityManager: Start proc 19590:com.android.chrome/u0a50 for service com.android.chrome/org.chromium.chrome.browser.ChromeBackgroundService
08-24 12:49:31.205 20302 23292 I ActivityManager: Killing 18021:com.google.android.contacts/u0a17 (adj 906): empty #17
08-24 12:50:54.260 20302 20756 I ActivityManager: Killing 17796:com.google.android.videos/u0a83 (adj 906): empty #17
08-24 13:13:57.317 20302 21496 D ConnectivityService: Returning blocked NetworkInfo to uid=10050
08-24 14:49:15.602 20302 20553 I PowerManagerService: Waking up from dozing (uid 1000)...
08-24 14:49:15.631 20302 20405 I DisplayPowerController: Blocking screen on until initial contents have been drawn.
08-24 14:49:15.706 20302 20403 I DisplayManagerService: Display device changed state: "Built-in Screen", ON
08-24 14:49:15.965 20302 20405 I DisplayPowerController: Unblocked screen on after 334 ms
08-24 14:49:15.966 20302 20405 W PowerManagerService: Screen on took 448 ms
08-24 14:49:15.966 20302 20405 I DreamManagerService: Gently waking up from dream.
08-24 14:49:15.966 20302 20401 I DreamManagerService: Performing gentle wake from dream.
08-24 14:49:15.984 20302 21487 I DreamManagerService: Leaving dreamland.
08-24 14:49:15.985 20302 20401 I DreamManagerService: Performing gentle wake from dream.
08-24 14:49:15.985 20302 20401 I DreamController: Stopping dream: name=ComponentInfo{com.android.systemui/com.android.systemui.doze.DozeService}, isTest=false, canDoze=true, userId=0
08-24 14:49:18.491 20302 24909 E BatteryStatsService: no controller energy info supplied
08-24 14:49:20.777 20302 24909 W AlarmManager: Window length 1152921504606846975ms suspiciously long; limiting to 1 hour
08-24 14:49:26.798 20302 20552 I ActivityManager: START u0 {act=android.intent.action.MAIN cat=[android.intent.category.HOME] flg=0x10200000 cmp=com.android.launcher3/com.android.searchlauncher.SearchLauncher (has extras)} from uid 1000
08-24 14:49:26.979 20302 20391 W Looper  : Dispatch took 157ms on android.ui, h=Handler (com.android.server.am.ActivityManagerService$UiHandler) {9c05775} cb=null msg=31
08-24 14:49:26.986 20602 20602 V KeyguardStatusView: refresh statusview showing:true
08-24 14:49:27.418 20302 24909 D BluetoothManagerService: Registered for death of com.google.android.gms
08-24 14:49:27.418 20302 24909 D BluetoothManagerService: 1 registered Ble Apps
08-24 14:49:27.469 20302 20585 D WindowManager: width=960height=1848
08-24 14:49:28.552 20602 20602 V KeyguardDisplayManager: hide
08-24 14:49:29.617 20302 20552 I ActivityManager: START u0 {act=android.intent.action.MAIN cat=[android.intent.category.HOME] flg=0x10200000 cmp=com.android.launcher3/com.android.searchlauncher.SearchLauncher (has extras)} from uid 1000
08-24 14:49:30.397 20302 21497 I ActivityManager: START u0 {flg=0x10804000 cmp=com.android.systemui/.recents.RecentsActivity} from uid 10033
08-24 14:49:35.627 20302 24909 D BluetoothManagerService: Unregistered for death of com.google.android.gms
08-24 14:49:35.628 20302 24909 D BluetoothManagerService: 0 registered Ble Apps
08-24 14:49:39.096 20302 20619 W AlarmManager: Window length 1152921504606846975ms suspiciously long; limiting to 1 hour
08-24 14:49:42.013 20302 20393 E BatteryStatsService: no controller energy info supplied
08-24 14:49:51.724 20302 20552 I ActivityManager: START u0 {act=android.intent.action.MAIN cat=[android.intent.category.HOME] flg=0x10200000 cmp=com.android.launcher3/com.android.searchlauncher.SearchLauncher (has extras)} from uid 1000
08-24 14:49:51.838 20302 24063 I ActivityManager: START u0 {act=android.intent.action.MAIN cat=[android.intent.category.LAUNCHER] flg=0x10200000 cmp=com.google.android.gm/.ConversationListActivityGmail bnds=[437,1680][643,1920]} from uid 10027
08-24 14:49:52.080 20302 21497 D BluetoothManagerService: Registered for death of com.google.android.gms
08-24 14:49:52.080 20302 21497 D BluetoothManagerService: 1 registered Ble Apps
08-24 14:49:52.186 20302 23279 I ActivityManager: Start proc 19933:com.google.android.gm/u0a60 for activity com.google.android.gm/.ConversationListActivityGmail
08-24 14:49:52.418 20302 24063 I ActivityManager: START u0 {flg=0x4000000 pkg=com.google.android.gm cmp=com.google.android.gm/.welcome.WelcomeTourActivity (has extras)} from uid 10060
08-24 14:49:52.652 20302 20619 W ActivityManager: Unable to start service Intent { cmp=com.google.android.gm.exchange/com.android.exchange.service.EasService } U=0: not found
08-24 14:49:52.688 20302 21497 W ActivityManager: Unable to start service Intent { cmp=com.google.android.gm/com.android.email.service.AttachmentService } U=0: not found
08-24 14:49:52.749 20302 21496 W ActivityManager: Unable to start service Intent { cmp=com.google.android.gm.exchange/com.android.exchange.service.EasService } U=0: not found
08-24 14:49:52.776 20302 20585 D WindowManager: width=1080height=1920
08-24 14:49:56.463 20302 23279 I ActivityManager: START u0 {cmp=com.google.android.gm/.welcome.SetupAddressesActivity (has extras)} from uid 10060
08-24 14:49:58.107 20302 24063 D BluetoothManagerService: Unregistered for death of com.google.android.gms
08-24 14:49:58.107 20302 24063 D BluetoothManagerService: 0 registered Ble Apps
08-24 14:49:58.895 20302 20552 I ActivityManager: START u0 {act=android.intent.action.MAIN cat=[android.intent.category.HOME] flg=0x10200000 cmp=com.android.launcher3/com.android.searchlauncher.SearchLauncher (has extras)} from uid 1000
08-24 14:49:59.160 20302 21487 D BluetoothManagerService: Registered for death of com.google.android.gms
08-24 14:49:59.160 20302 21487 D BluetoothManagerService: 1 registered Ble Apps
08-24 14:49:59.692 20302 20585 D WindowManager: width=1080height=1920
08-24 14:50:06.833 20302 21487 D WifiService: setWifiEnabled: false pid=20602, uid=10033, package=com.android.systemui
08-24 14:50:06.920 20302 21487 D ConnectivityService: reportNetworkConnectivity(100, false) by 10014
08-24 14:50:06.929 20302 20568 D ConnectivityService: NetworkAgentInfo [WIFI () - 100] EVENT_NETWORK_INFO_CHANGED, going from CONNECTED to DISCONNECTED
08-24 14:50:06.929 20302 20568 D ConnectivityService: NetworkAgentInfo [WIFI () - 100] got DISCONNECTED, was satisfying 15
08-24 14:50:07.042 20302 20568 D ConnectivityService: Sending DISCONNECTED broadcast for type 1 NetworkAgentInfo [WIFI () - 100] isDefaultNetwork=true
08-24 14:50:10.683 20302 20552 I ActivityManager: START u0 {act=android.intent.action.MAIN cat=[android.intent.category.HOME] flg=0x10200000 cmp=com.android.launcher3/com.android.searchlauncher.SearchLauncher (has extras)} from uid 1000
08-24 14:50:11.305 20302 21487 I ActivityManager: START u0 {flg=0x10804000 cmp=com.android.systemui/.recents.RecentsActivity} from uid 10033
08-24 14:50:12.534 20302 23292 D BluetoothManagerService: Unregistered for death of com.google.android.gms
08-24 14:50:12.534 20302 23292 D BluetoothManagerService: 0 registered Ble Apps
08-24 14:50:14.688 20302 20619 I ActivityManager: Killing 17762:android.process.acore/u0a1 (adj 906): empty #17
08-24 14:50:14.695 20302 20619 I ActivityManager: Killing 18361:com.android.camera/u0a23 (adj 900): remove task
08-24 14:50:14.735 20302 23279 I WindowManager: WIN DEATH: Window{956a924 u0 com.android.camera/com.android.camera.Camera}
08-24 14:50:14.746 20302 20403 W ActivityManager: setHasOverlayUi called on unknown pid: 18361
08-24 14:50:15.618 20302 20619 I ActivityManager: Killing 19933:com.google.android.gm/u0a60 (adj 900): remove task
08-24 14:50:15.676 20302 20403 W ActivityManager: setHasOverlayUi called on unknown pid: 19933
08-24 14:50:16.005 20302 20080 I ActivityManager: START u0 {flg=0x10100000 cmp=com.mapspvp/.MainActivity} from uid 2000
08-24 14:50:16.046 20302 21486 I ActivityManager: Start proc 20082:com.mapspvp/u0a102 for activity com.mapspvp/.MainActivity
08-24 14:50:17.659 20302 21486 I ActivityManager: Start proc 20124:com.android.chrome:webview_service/u0a50 for service com.android.chrome/org.chromium.android_webview.services.VariationsSeedServer
08-24 14:50:27.155 20302 22826 I ActivityManager: Start proc 20183:com.google.android.inputmethod.latin:train/u0a66 for service com.google.android.inputmethod.latin/com.google.android.apps.inputmethod.libs.dvrnn.trainingservice.DvrnnTrainingRpcService
08-24 14:50:27.576 20302 21498 I ActivityManager: Start proc 20261:android.process.acore/u0a1 for content provider com.android.providers.userdictionary/.UserDictionaryProvider
08-24 14:50:27.585 20302 24063 I ActivityManager: Killing 18751:com.google.android.dialer/u0a16 (adj 906): empty #17
08-24 14:50:32.280 20302 20401 W RemoteFillService: Not handling { when=-7ms what=3 target=com.android.internal.os.HandlerCaller$MyHandler planTime=0 dispatchTime=0 finishTime=0 } as service for ComponentInfo{com.google.android.gms/com.google.android.gms.autofill.service.AutofillService} is already destroyed
08-24 14:50:37.915 20302 20302 I ActivityManager: Start proc 20480:com.google.android.contacts/u0a17 for service com.google.android.contacts/com.google.android.apps.contacts.operation.ContactsService
08-24 14:50:38.204 20302 21498 I ActivityManager: Killing 19206:com.android.providers.calendar/u0a3 (adj 906): empty #17
08-24 14:50:50.332 20302 20552 I ActivityManager: START u0 {act=android.intent.action.MAIN cat=[android.intent.category.HOME] flg=0x10200000 cmp=com.android.launcher3/com.android.searchlauncher.SearchLauncher (has extras)} from uid 1000
08-24 14:50:50.601 20302 23279 I ActivityManager: START u0 {flg=0x10804000 cmp=com.android.systemui/.recents.RecentsActivity} from uid 10033
08-24 14:50:50.757 20302 20344 D BluetoothManagerService: Registered for death of com.google.android.gms
08-24 14:50:50.757 20302 20344 D BluetoothManagerService: 1 registered Ble Apps
08-24 14:50:51.124 20302 20585 D WindowManager: width=1080height=1920
08-24 14:50:52.314 20302 22826 I ActivityManager: Killing 18915:com.google.android.youtube/u0a87 (adj 906): empty #17
08-24 14:50:52.318 20302 22826 I ActivityManager: Killing 20082:com.mapspvp/u0a102 (adj 900): remove task
08-24 14:50:52.321 20302 20080 I ActivityManager: START u0 {act=android.intent.action.MAIN cat=[android.intent.category.HOME] flg=0x10200000 cmp=com.android.launcher3/com.android.searchlauncher.SearchLauncher} from uid 10033
08-24 14:50:52.387 20302 21487 D ConnectivityService: ConnectivityService NetworkRequestInfo binderDied(NetworkRequest [ LISTEN id=27, [ Capabilities: INTERNET&NOT_RESTRICTED&TRUSTED&FOREGROUND] ], android.os.BinderProxy@b3f1179)
08-24 14:50:52.388 20302 20568 E ConnectivityService: RemoteException caught trying to send a callback msg for NetworkRequest [ LISTEN id=27, [ Capabilities: INTERNET&NOT_RESTRICTED&TRUSTED&FOREGROUND] ]
08-24 14:50:52.405 20302 20619 I WindowManager: WIN DEATH: Window{a899d7a u0 com.mapspvp/com.mapspvp.MainActivity}
08-24 14:50:52.417 20302 20403 W ActivityManager: setHasOverlayUi called on unknown pid: 20082
08-24 14:50:59.511 20302 20552 I ActivityManager: START u0 {act=android.intent.action.MAIN cat=[android.intent.category.HOME] flg=0x10200000 cmp=com.android.launcher3/com.android.searchlauncher.SearchLauncher (has extras)} from uid 1000
08-24 14:51:01.477 20302 20553 I PowerManagerService: Going to sleep due to power button (uid 1000)...
08-24 14:51:01.766 20302 20405 I DisplayPowerController: Blocking screen off
08-24 14:51:01.774 20302 20405 I DisplayPowerController: Unblocked screen off after 8 ms
08-24 14:51:01.875 20302 20403 I DisplayManagerService: Display device changed state: "Built-in Screen", OFF
08-24 14:51:01.880 20302 20405 I DreamManagerService: Entering dreamland.
08-24 14:51:01.881 20302 20405 I PowerManagerService: Dozing...
08-24 14:51:01.882 20302 20401 I DreamController: Starting dream: name=ComponentInfo{com.android.systemui/com.android.systemui.doze.DozeService}, isTest=false, canDoze=true, userId=0
08-24 14:51:02.082 20302 21493 D BluetoothManagerService: Unregistered for death of com.google.android.gms
08-24 14:51:02.082 20302 21493 D BluetoothManagerService: 0 registered Ble Apps
08-24 14:51:02.101 20302 20619 W AlarmManager: Window length 1152921504606846975ms suspiciously long; limiting to 1 hour
08-24 14:51:02.179 20602 20602 V KeyguardStatusView: refresh statusview showing:true
08-24 14:51:02.209 20602 20602 V KeyguardDisplayManager: show
08-24 14:58:22.412 20302 20390 I ActivityManager: Killing 18559:com.google.android.gms.ui/u0a14 (adj 906): empty #17
08-24 16:05:33.696 20302 20302 D AnyMotionDetector: angleBetween: this = timeMillisSinceBoot=678338060 | x=0.24613689, y=-0.17337765, z=0.953602, other = timeMillisSinceBoot=678345787 | x=0.2462156, y=-0.17347252, z=0.95356447, degrees = 0.007384254
