08-28 19:33:45.445 20302 20403 W ActivityManager: setHasOverlayUi called on unknown pid: 28516
08-28 19:33:45.543 20302 20542 W AppOps  : Finishing op nesting under-run: uid 1000 pkg android code 24 time=0 duration=0 nesting=0
08-28 19:33:46.419 20302 21493 D BluetoothManagerService: Unregistered for death of com.google.android.gms
08-28 19:33:46.419 20302 21493 D BluetoothManagerService: 0 registered Ble Apps
08-28 19:33:49.611 28612 28612 E AndroidRuntime: FATAL EXCEPTION: main
08-28 19:33:49.611 28612 28612 E AndroidRuntime: Process: com.mapspvp, PID: 28612
08-28 19:33:49.611 28612 28612 E AndroidRuntime: java.lang.RuntimeException: Error receiving broadcast Intent { act=android.net.conn.CONNECTIVITY_CHANGE flg=0x4000010 (has extras) } in com.mapbox.mapboxsdk.net.ConnectivityReceiver@51295a2
08-28 19:33:49.611 28612 28612 E AndroidRuntime: 	at android.app.LoadedApk$ReceiverDispatcher$Args.lambda$-android_app_LoadedApk$ReceiverDispatcher$Args_51117(LoadedApk.java:1300)
08-28 19:33:49.611 28612 28612 E AndroidRuntime: 	at android.app.-$Lambda$FilBqgnXJrN9Mgyks1XHeAxzSTk.$m$0(Unknown Source:4)
08-28 19:33:49.611 28612 28612 E AndroidRuntime: 	at android.app.-$Lambda$FilBqgnXJrN9Mgyks1XHeAxzSTk.run(Unknown Source:0)
08-28 19:33:49.611 28612 28612 E AndroidRuntime: 	at android.os.Handler.handleCallback(Handler.java:789)
08-28 19:33:49.611 28612 28612 E AndroidRuntime: 	at android.os.Handler.dispatchMessage(Handler.java:98)
08-28 19:33:49.611 28612 28612 E AndroidRuntime: 	at android.os.Looper.loop(Looper.java:172)
08-28 19:33:49.611 28612 28612 E AndroidRuntime: 	at android.app.ActivityThread.main(ActivityThread.java:6637)
08-28 19:33:49.611 28612 28612 E AndroidRuntime: 	at java.lang.reflect.Method.invoke(Native Method)
08-28 19:33:49.611 28612 28612 E AndroidRuntime: 	at com.android.internal.os.Zygote$MethodAndArgsCaller.run(Zygote.java:240)
08-28 19:33:49.611 28612 28612 E AndroidRuntime: 	at com.android.internal.os.ZygoteInit.main(ZygoteInit.java:767)
08-28 19:33:49.611 28612 28612 E AndroidRuntime: Caused by: java.lang.NullPointerException: Attempt to read from field 'java.lang.Boolean com.mapbox.mapboxsdk.Mapbox.connected' on a null object reference
08-28 19:33:49.611 28612 28612 E AndroidRuntime: 	at com.mapbox.mapboxsdk.Mapbox.isConnected(Mapbox.java:138)
08-28 19:33:49.611 28612 28612 E AndroidRuntime: 	at com.mapbox.mapboxsdk.net.ConnectivityReceiver.isConnected(ConnectivityReceiver.java:120)
08-28 19:33:49.611 28612 28612 E AndroidRuntime: 	at com.mapbox.mapboxsdk.net.ConnectivityReceiver.onReceive(ConnectivityReceiver.java:86)
08-28 19:33:49.611 28612 28612 E AndroidRuntime: 	at android.app.LoadedApk$ReceiverDispatcher$Args.lambda$-android_app_LoadedApk$ReceiverDispatcher$Args_51117(LoadedApk.java:1290)
08-28 19:33:49.611 28612 28612 E AndroidRuntime: 	... 9 more
08-28 19:33:49.615 20302 21493 W ActivityManager:   Force finishing activity com.mapspvp/.MainActivity
08-28 19:33:49.621 20302 20391 I ActivityManager: Showing crash dialog for package com.mapspvp u0
08-28 19:33:50.118 20302 20390 W ActivityManager: Activity pause timeout for ActivityRecord{98a4f13 u0 com.mapspvp/.MainActivity t220 f}
08-28 19:33:50.503 20302 24909 D BluetoothManagerService: Registered for death of com.google.android.gms
08-28 19:33:50.503 20302 24909 D BluetoothManagerService: 1 registered Ble Apps
08-28 19:33:50.917 20302 20585 D WindowManager: width=1080height=1920
08-28 19:33:54.994 20302 21493 W ActivityManager:   Force finishing activity com.mapspvp/.MainActivity
08-28 19:33:55.002 20302 21493 I ActivityManager: Killing 28612:com.mapspvp/u0a102 (adj 900): crash
08-28 19:33:55.053 20302 20403 W ActivityManager: setHasOverlayUi called on unknown pid: 28612
08-28 19:33:55.217 20302 20542 W AppOps  : Finishing op nesting under-run: uid 1000 pkg android code 24 time=0 duration=0 nesting=0
08-28 19:33:58.189 20302 21493 I ActivityManager: START u0 {act=android.intent.action.MAIN cat=[android.intent.category.LAUNCHER] flg=0x10200000 cmp=com.mapspvp/.MainActivity bnds=[642,863][847,1155]} from uid 10027
08-28 19:33:58.214 20302 21493 I ActivityManager: Start proc 28694:com.mapspvp/u0a102 for activity com.mapspvp/.MainActivity
08-28 19:34:01.531 20302 20552 D WindowManager: Unhandled key: win=Window{37ab0ec u0 com.mapspvp/com.mapspvp.MainActivity}, action=0, flags=0, keyCode=46, scanCode=0, metaState=0, repeatCount=0, policyFlags=1795162112
08-28 19:34:01.531 20302 20552 D WindowManager: No fallback.
08-28 19:34:01.534 20302 20552 D WindowManager: Unhandled key: win=Window{37ab0ec u0 com.mapspvp/com.mapspvp.MainActivity}, action=1, flags=0, keyCode=46, scanCode=0, metaState=0, repeatCount=0, policyFlags=1795162112
08-28 19:34:01.534 20302 20552 D WindowManager: No fallback.
08-28 19:34:01.616 20302 20552 D WindowManager: Unhandled key: win=Window{37ab0ec u0 com.mapspvp/com.mapspvp.MainActivity}, action=0, flags=0, keyCode=46, scanCode=0, metaState=0, repeatCount=0, policyFlags=1795162112
08-28 19:34:01.616 20302 20552 D WindowManager: No fallback.
08-28 19:34:01.633 20302 20552 D WindowManager: Unhandled key: win=Window{37ab0ec u0 com.mapspvp/com.mapspvp.MainActivity}, action=1, flags=32, keyCode=46, scanCode=0, metaState=0, repeatCount=0, policyFlags=1795162112
08-28 19:34:01.633 20302 20552 D WindowManager: No fallback.
08-28 19:34:03.822 20302 21493 D BluetoothManagerService: Unregistered for death of com.google.android.gms
08-28 19:34:03.822 20302 21493 D BluetoothManagerService: 0 registered Ble Apps
08-28 19:34:19.943 28694 28694 E AndroidRuntime: FATAL EXCEPTION: main
08-28 19:34:19.943 28694 28694 E AndroidRuntime: Process: com.mapspvp, PID: 28694
08-28 19:34:19.943 28694 28694 E AndroidRuntime: java.lang.NoSuchMethodError: No static method toHumanReadableAscii(Ljava/lang/String;)Ljava/lang/String; in class Lokhttp3/internal/Util; or its super classes (declaration of 'okhttp3.internal.Util' appears in /data/app/com.mapspvp-mzwKIXHu5x7hQ_gDuQ5QIQ==/base.apk)
08-28 19:34:19.943 28694 28694 E AndroidRuntime: 	at com.mapbox.services.android.telemetry.MapboxTelemetry.setUserAgent(MapboxTelemetry.java:315)
08-28 19:34:19.943 28694 28694 E AndroidRuntime: 	at com.mapbox.services.android.telemetry.MapboxTelemetry.initialize(MapboxTelemetry.java:174)
08-28 19:34:19.943 28694 28694 E AndroidRuntime: 	at com.mapbox.services.android.telemetry.MapboxTelemetry.initialize(MapboxTelemetry.java:125)
08-28 19:34:19.943 28694 28694 E AndroidRuntime: 	at com.mapbox.mapboxsdk.Mapbox.getInstance(Mapbox.java:60)
08-28 19:34:19.943 28694 28694 E AndroidRuntime: 	at com.mapbox.rctmgl.modules.RCTMGLModule$1.run(RCTMGLModule.java:279)
08-28 19:34:19.943 28694 28694 E AndroidRuntime: 	at android.os.Handler.handleCallback(Handler.java:789)
08-28 19:34:19.943 28694 28694 E AndroidRuntime: 	at android.os.Handler.dispatchMessage(Handler.java:98)
08-28 19:34:19.943 28694 28694 E AndroidRuntime: 	at com.facebook.react.bridge.queue.MessageQueueThreadHandler.dispatchMessage(MessageQueueThreadHandler.java:29)
08-28 19:34:19.943 28694 28694 E AndroidRuntime: 	at android.os.Looper.loop(Looper.java:172)
08-28 19:34:19.943 28694 28694 E AndroidRuntime: 	at android.app.ActivityThread.main(ActivityThread.java:6637)
08-28 19:34:19.943 28694 28694 E AndroidRuntime: 	at java.lang.reflect.Method.invoke(Native Method)
08-28 19:34:19.943 28694 28694 E AndroidRuntime: 	at com.android.internal.os.Zygote$MethodAndArgsCaller.run(Zygote.java:240)
08-28 19:34:19.943 28694 28694 E AndroidRuntime: 	at com.android.internal.os.ZygoteInit.main(ZygoteInit.java:767)
08-28 19:34:19.947 20302 21493 W ActivityManager:   Force finishing activity com.mapspvp/.MainActivity
08-28 19:34:19.952 20302 20391 I ActivityManager: Showing crash dialog for package com.mapspvp u0
08-28 19:34:20.450 20302 20390 W ActivityManager: Activity pause timeout for ActivityRecord{8f85b90 u0 com.mapspvp/.MainActivity t221 f}
08-28 19:34:20.833 20302 23292 D BluetoothManagerService: Registered for death of com.google.android.gms
08-28 19:34:20.833 20302 23292 D BluetoothManagerService: 1 registered Ble Apps
08-28 19:34:21.222 20302 20585 D WindowManager: width=1080height=1920
08-28 19:34:21.516 20302 20302 W WindowManager: removeWindowToken: Attempted to remove non-existing token: android.os.Binder@115f25a
08-28 19:34:30.867 20302 20390 W ActivityManager: Activity destroy timeout for ActivityRecord{8f85b90 u0 com.mapspvp/.MainActivity t221 f}
08-28 19:34:33.507 20302 21493 I ActivityManager: Killing 28694:com.mapspvp/u0a102 (adj 900): crash
08-28 19:34:33.573 20302 20403 W ActivityManager: setHasOverlayUi called on unknown pid: 28694
08-28 19:34:33.700 20302 20542 W AppOps  : Finishing op nesting under-run: uid 1000 pkg android code 24 time=0 duration=0 nesting=0
08-28 19:34:35.017 20302 21493 I ActivityManager: START u0 {act=android.intent.action.MAIN cat=[android.intent.category.LAUNCHER] flg=0x10200000 cmp=com.mapspvp/.MainActivity bnds=[642,863][847,1155]} from uid 10027
08-28 19:34:35.043 20302 21493 I ActivityManager: Start proc 28811:com.mapspvp/u0a102 for activity com.mapspvp/.MainActivity
08-28 19:34:35.641 20302 21486 D BluetoothManagerService: Unregistered for death of com.google.android.gms
08-28 19:34:35.641 20302 21486 D BluetoothManagerService: 0 registered Ble Apps
08-28 19:34:37.087 28811 28811 E AndroidRuntime: FATAL EXCEPTION: main
08-28 19:34:37.087 28811 28811 E AndroidRuntime: Process: com.mapspvp, PID: 28811
08-28 19:34:37.087 28811 28811 E AndroidRuntime: java.lang.NoSuchMethodError: No static method toHumanReadableAscii(Ljava/lang/String;)Ljava/lang/String; in class Lokhttp3/internal/Util; or its super classes (declaration of 'okhttp3.internal.Util' appears in /data/app/com.mapspvp-mzwKIXHu5x7hQ_gDuQ5QIQ==/base.apk)
08-28 19:34:37.087 28811 28811 E AndroidRuntime: 	at com.mapbox.services.android.telemetry.MapboxTelemetry.setUserAgent(MapboxTelemetry.java:315)
08-28 19:34:37.087 28811 28811 E AndroidRuntime: 	at com.mapbox.services.android.telemetry.MapboxTelemetry.initialize(MapboxTelemetry.java:174)
08-28 19:34:37.087 28811 28811 E AndroidRuntime: 	at com.mapbox.services.android.telemetry.MapboxTelemetry.initialize(MapboxTelemetry.java:125)
08-28 19:34:37.087 28811 28811 E AndroidRuntime: 	at com.mapbox.mapboxsdk.Mapbox.getInstance(Mapbox.java:60)
08-28 19:34:37.087 28811 28811 E AndroidRuntime: 	at com.mapbox.rctmgl.modules.RCTMGLModule$1.run(RCTMGLModule.java:279)
08-28 19:34:37.087 28811 28811 E AndroidRuntime: 	at android.os.Handler.handleCallback(Handler.java:789)
08-28 19:34:37.087 28811 28811 E AndroidRuntime: 	at android.os.Handler.dispatchMessage(Handler.java:98)
08-28 19:34:37.087 28811 28811 E AndroidRuntime: 	at com.facebook.react.bridge.queue.MessageQueueThreadHandler.dispatchMessage(MessageQueueThreadHandler.java:29)
08-28 19:34:37.087 28811 28811 E AndroidRuntime: 	at android.os.Looper.loop(Looper.java:172)
08-28 19:34:37.087 28811 28811 E AndroidRuntime: 	at android.app.ActivityThread.main(ActivityThread.java:6637)
08-28 19:34:37.087 28811 28811 E AndroidRuntime: 	at java.lang.reflect.Method.invoke(Native Method)
08-28 19:34:37.087 28811 28811 E AndroidRuntime: 	at com.android.internal.os.Zygote$MethodAndArgsCaller.run(Zygote.java:240)
08-28 19:34:37.087 28811 28811 E AndroidRuntime: 	at com.android.internal.os.ZygoteInit.main(ZygoteInit.java:767)
08-28 19:34:37.091 20302 21486 W ActivityManager:   Force finishing activity com.mapspvp/.MainActivity
08-28 19:34:37.096 20302 20391 I ActivityManager: Showing crash dialog for package com.mapspvp u0
08-28 19:34:37.594 20302 20390 W ActivityManager: Activity pause timeout for ActivityRecord{96eed94 u0 com.mapspvp/.MainActivity t222 f}
08-28 19:34:38.016 20302 20619 D BluetoothManagerService: Registered for death of com.google.android.gms
08-28 19:34:38.016 20302 20619 D BluetoothManagerService: 1 registered Ble Apps
08-28 19:34:38.398 20302 20585 D WindowManager: width=1080height=1920
08-28 19:34:38.509 20302 20552 D WindowManager: Unhandled key: win=Window{29fd83e u0 Application Error: com.mapspvp}, action=0, flags=0, keyCode=46, scanCode=0, metaState=0, repeatCount=0, policyFlags=1795162112
08-28 19:34:38.509 20302 20552 D WindowManager: No fallback.
08-28 19:34:38.510 20302 20552 D WindowManager: Unhandled key: win=Window{29fd83e u0 Application Error: com.mapspvp}, action=1, flags=0, keyCode=46, scanCode=0, metaState=0, repeatCount=0, policyFlags=1795162112
08-28 19:34:38.510 20302 20552 D WindowManager: No fallback.
08-28 19:34:38.634 20302 20552 D WindowManager: Unhandled key: win=Window{29fd83e u0 Application Error: com.mapspvp}, action=0, flags=0, keyCode=46, scanCode=0, metaState=0, repeatCount=0, policyFlags=1795162112
08-28 19:34:38.634 20302 20552 D WindowManager: No fallback.
08-28 19:34:38.634 20302 20552 D WindowManager: Unhandled key: win=Window{29fd83e u0 Application Error: com.mapspvp}, action=1, flags=0, keyCode=46, scanCode=0, metaState=0, repeatCount=0, policyFlags=1795162112
08-28 19:34:38.634 20302 20552 D WindowManager: No fallback.
08-28 19:34:39.554 20302 21486 W ActivityManager:   Force finishing activity com.mapspvp/.MainActivity
08-28 19:34:39.576 20302 21486 I ActivityManager: Killing 28811:com.mapspvp/u0a102 (adj 900): crash
08-28 19:34:39.625 20302 20403 W ActivityManager: setHasOverlayUi called on unknown pid: 28811
08-28 19:34:39.745 20302 20542 W AppOps  : Finishing op nesting under-run: uid 1000 pkg android code 24 time=0 duration=0 nesting=0
08-28 19:34:40.930 20302 21487 I ActivityManager: START u0 {act=android.intent.action.MAIN cat=[android.intent.category.LAUNCHER] flg=0x10200000 cmp=com.mapspvp/.MainActivity bnds=[642,863][847,1155]} from uid 10027
08-28 19:34:40.957 20302 21487 I ActivityManager: Start proc 28876:com.mapspvp/u0a102 for activity com.mapspvp/.MainActivity
08-28 19:34:42.993 28876 28876 E AndroidRuntime: FATAL EXCEPTION: main
08-28 19:34:42.993 28876 28876 E AndroidRuntime: Process: com.mapspvp, PID: 28876
08-28 19:34:42.993 28876 28876 E AndroidRuntime: java.lang.NoSuchMethodError: No static method toHumanReadableAscii(Ljava/lang/String;)Ljava/lang/String; in class Lokhttp3/internal/Util; or its super classes (declaration of 'okhttp3.internal.Util' appears in /data/app/com.mapspvp-mzwKIXHu5x7hQ_gDuQ5QIQ==/base.apk)
08-28 19:34:42.993 28876 28876 E AndroidRuntime: 	at com.mapbox.services.android.telemetry.MapboxTelemetry.setUserAgent(MapboxTelemetry.java:315)
08-28 19:34:42.993 28876 28876 E AndroidRuntime: 	at com.mapbox.services.android.telemetry.MapboxTelemetry.initialize(MapboxTelemetry.java:174)
08-28 19:34:42.993 28876 28876 E AndroidRuntime: 	at com.mapbox.services.android.telemetry.MapboxTelemetry.initialize(MapboxTelemetry.java:125)
08-28 19:34:42.993 28876 28876 E AndroidRuntime: 	at com.mapbox.mapboxsdk.Mapbox.getInstance(Mapbox.java:60)
08-28 19:34:42.993 28876 28876 E AndroidRuntime: 	at com.mapbox.rctmgl.modules.RCTMGLModule$1.run(RCTMGLModule.java:279)
08-28 19:34:42.993 28876 28876 E AndroidRuntime: 	at android.os.Handler.handleCallback(Handler.java:789)
08-28 19:34:42.993 28876 28876 E AndroidRuntime: 	at android.os.Handler.dispatchMessage(Handler.java:98)
08-28 19:34:42.993 28876 28876 E AndroidRuntime: 	at com.facebook.react.bridge.queue.MessageQueueThreadHandler.dispatchMessage(MessageQueueThreadHandler.java:29)
08-28 19:34:42.993 28876 28876 E AndroidRuntime: 	at android.os.Looper.loop(Looper.java:172)
08-28 19:34:42.993 28876 28876 E AndroidRuntime: 	at android.app.ActivityThread.main(ActivityThread.java:6637)
08-28 19:34:42.993 28876 28876 E AndroidRuntime: 	at java.lang.reflect.Method.invoke(Native Method)
08-28 19:34:42.993 28876 28876 E AndroidRuntime: 	at com.android.internal.os.Zygote$MethodAndArgsCaller.run(Zygote.java:240)
08-28 19:34:42.993 28876 28876 E AndroidRuntime: 	at com.android.internal.os.ZygoteInit.main(ZygoteInit.java:767)
08-28 19:34:42.997 20302 21487 W ActivityManager:   Force finishing activity com.mapspvp/.MainActivity
08-28 19:34:43.002 20302 20391 I ActivityManager: Showing crash dialog for package com.mapspvp u0
08-28 19:34:43.499 20302 20390 W ActivityManager: Activity pause timeout for ActivityRecord{d23da55 u0 com.mapspvp/.MainActivity t223 f}
08-28 19:34:44.448 20302 20585 D WindowManager: width=1080height=1920
08-28 19:34:47.136 20302 21487 W ActivityManager:   Force finishing activity com.mapspvp/.MainActivity
08-28 19:34:47.147 20302 21487 I ActivityManager: Killing 28876:com.mapspvp/u0a102 (adj 900): crash
08-28 19:34:47.190 20302 20403 W ActivityManager: setHasOverlayUi called on unknown pid: 28876
08-28 19:34:47.363 20302 20542 W AppOps  : Finishing op nesting under-run: uid 1000 pkg android code 24 time=0 duration=0 nesting=0
08-28 19:35:02.881 20302 20390 I ActivityManager: Force stopping com.mapspvp appid=10102 user=-1: installPackageLI
08-28 19:35:03.015 20302 20409 I PackageManager: Package com.mapspvp codePath changed from /data/app/com.mapspvp-mzwKIXHu5x7hQ_gDuQ5QIQ== to /data/app/com.mapspvp-SXAvsCYXV5EI22Fshgr5Wg==; Retaining data and using new
08-28 19:35:03.015 20302 20409 W PackageManager: Code path for com.mapspvp changing from /data/app/com.mapspvp-mzwKIXHu5x7hQ_gDuQ5QIQ== to /data/app/com.mapspvp-SXAvsCYXV5EI22Fshgr5Wg==
08-28 19:35:03.016 20302 20409 W PackageManager: Resource path for com.mapspvp changing from /data/app/com.mapspvp-mzwKIXHu5x7hQ_gDuQ5QIQ== to /data/app/com.mapspvp-SXAvsCYXV5EI22Fshgr5Wg==
08-28 19:35:03.551 20302 20409 I ActivityManager: Force stopping com.mapspvp appid=10102 user=0: pkg removed
08-28 19:35:03.644 20302 21496 W BroadcastQueue: Background execution not allowed: receiving Intent { act=android.intent.action.PACKAGE_REMOVED dat=package:com.mapspvp flg=0x4000010 (has extras) } to com.google.android.googlequicksearchbox/com.google.android.apps.gsa.googlequicksearchbox.GelStubAppWatcher
08-28 19:35:03.684 20302 20302 I Telecom : DefaultDialerCache: Refreshing default dialer for user 0: now com.google.android.dialer: DDC.oR@AKs
08-28 19:35:03.732 20302 20715 W BroadcastQueue: Background execution not allowed: receiving Intent { act=android.intent.action.PACKAGE_ADDED dat=package:com.mapspvp flg=0x4000010 (has extras) } to com.google.android.googlequicksearchbox/com.google.android.apps.gsa.googlequicksearchbox.GelStubAppWatcher
08-28 19:35:03.734 20302 20390 W BroadcastQueue: Background execution not allowed: receiving Intent { act=android.intent.action.PACKAGE_ADDED dat=package:com.mapspvp flg=0x4000010 (has extras) } to com.google.android.ims/.receivers.RcsAutoStartReceiver
08-28 19:35:03.745 20302 21478 W BroadcastQueue: Background execution not allowed: receiving Intent { act=android.intent.action.PACKAGE_REPLACED dat=package:com.mapspvp flg=0x4000010 (has extras) } to com.google.android.apps.photos/.account.full.FetchAccountPropertiesAppUpgradeBroadcastReceiver
08-28 19:35:03.746 20302 20390 W BroadcastQueue: Background execution not allowed: receiving Intent { act=android.intent.action.PACKAGE_REPLACED dat=package:com.mapspvp flg=0x4000010 (has extras) } to com.google.android.apps.photos/.account.full.SyncAccountsForLoginBroadcastReceiver
08-28 19:35:03.759 20302 20390 W BroadcastQueue: Background execution not allowed: receiving Intent { act=android.intent.action.PACKAGE_REPLACED dat=package:com.mapspvp flg=0x4000010 (has extras) } to com.google.android.apps.photos/.experiments.phenotype.full.PhenotypeAppUpgradeBroadcastReceiver
08-28 19:35:03.761 20302 20390 W BroadcastQueue: Background execution not allowed: receiving Intent { act=android.intent.action.PACKAGE_REPLACED dat=package:com.mapspvp flg=0x4000010 (has extras) } to com.google.android.apps.photos/.notificationchannels.AppUpdateBroadcastReceiver
08-28 19:35:03.787 20302 26602 W BroadcastQueue: Background execution not allowed: receiving Intent { act=android.intent.action.PACKAGE_REPLACED dat=package:com.mapspvp flg=0x4000010 (has extras) } to com.google.android.googlequicksearchbox/com.google.android.apps.gsa.googlequicksearchbox.GelStubAppWatcher
08-28 19:35:03.789 20302 20390 W BroadcastQueue: Background execution not allowed: receiving Intent { act=android.intent.action.PACKAGE_REPLACED dat=package:com.mapspvp flg=0x4000010 (has extras) } to com.google.android.ims/.receivers.RcsAutoStartReceiver
08-28 19:35:04.013 20302 22826 I ActivityManager: START u0 {flg=0x10000000 cmp=com.mapspvp/.MainActivity} from uid 2000
08-28 19:35:04.038 20302 24909 I ActivityManager: Start proc 29007:com.mapspvp/u0a102 for activity com.mapspvp/.MainActivity
08-28 19:35:04.980 20302 20715 D BluetoothManagerService: Unregistered for death of com.google.android.gms
08-28 19:35:04.980 20302 20715 D BluetoothManagerService: 0 registered Ble Apps
08-28 19:35:24.530 20302 20302 W WindowManager: removeWindowToken: Attempted to remove non-existing token: android.os.Binder@90e67c3
--------- beginning of main
08-28 19:35:38.277   852  2105 V LocSvc_HIDL_IzatProvider: [onLocationChanged][67] [HS] =>>>> [HC]
08-28 19:35:38.540 20602 20602 D KeyguardUpdateMonitor: received broadcast android.intent.action.BATTERY_CHANGED
08-28 19:35:38.541 20735 20735 D QtiCarrierConfigHelper: WARNING, no carrier configs on phone Id: 0
08-28 19:35:38.545 20602 20602 D KeyguardUpdateMonitor: handleBatteryUpdate
08-28 19:35:38.580 20302 24909 I chatty  : uid=1000(system) Binder:20302_18 expire 4 lines
08-28 19:35:38.596 20302 20552 D WindowManager: Unhandled key: win=Window{650c247 u0 com.mapspvp/com.mapspvp.MainActivity}, action=0, flags=0, keyCode=46, scanCode=0, metaState=0, repeatCount=0, policyFlags=1795162112
08-28 19:35:38.596 20302 20552 D WindowManager: No fallback.
08-28 19:35:38.602 20589 20589 I GoogleInputMethod: onFinishInput() : Dummy InputConnection bound
08-28 19:35:38.602 20589 20589 I GoogleInputMethod: onStartInput() : Dummy InputConnection bound
08-28 19:35:38.604 20302 20552 D WindowManager: Unhandled key: win=Window{650c247 u0 com.mapspvp/com.mapspvp.MainActivity}, action=1, flags=0, keyCode=46, scanCode=0, metaState=0, repeatCount=0, policyFlags=1795162112
08-28 19:35:38.604 20302 20552 D WindowManager: No fallback.
08-28 19:35:38.671 20302 20552 D WindowManager: Unhandled key: win=Window{650c247 u0 com.mapspvp/com.mapspvp.MainActivity}, action=0, flags=0, keyCode=46, scanCode=0, metaState=0, repeatCount=0, policyFlags=1795162112
08-28 19:35:38.671 20302 20552 D WindowManager: No fallback.
08-28 19:35:38.689 20302 20552 D WindowManager: Unhandled key: win=Window{650c247 u0 com.mapspvp/com.mapspvp.MainActivity}, action=1, flags=32, keyCode=46, scanCode=0, metaState=0, repeatCount=0, policyFlags=1795162112
08-28 19:35:38.689 20302 20552 D WindowManager: No fallback.
08-28 19:35:38.736   540   540 W memtrack@1.0-se: type=1400 audit(0.0:16954): avc: denied { search } for name="proc" dev="debugfs" ino=14354 scontext=u:r:hal_memtrack_default:s0 tcontext=u:object_r:qti_debugfs:s0 tclass=dir permissive=0
08-28 19:35:38.736   540   540 W memtrack@1.0-se: type=1400 audit(0.0:16955): avc: denied { search } for name="proc" dev="debugfs" ino=14354 scontext=u:r:hal_memtrack_default:s0 tcontext=u:object_r:qti_debugfs:s0 tclass=dir permissive=0
08-28 19:35:38.747 29007 29129 I chatty  : uid=10102(u0_a102) com.mapspvp expire 62 lines
08-28 19:35:38.776   540   540 W memtrack@1.0-se: type=1400 audit(0.0:16956): avc: denied { search } for name="proc" dev="debugfs" ino=14354 scontext=u:r:hal_memtrack_default:s0 tcontext=u:object_r:qti_debugfs:s0 tclass=dir permissive=0
08-28 19:35:38.776   540   540 W memtrack@1.0-se: type=1400 audit(0.0:16957): avc: denied { search } for name="proc" dev="debugfs" ino=14354 scontext=u:r:hal_memtrack_default:s0 tcontext=u:object_r:qti_debugfs:s0 tclass=dir permissive=0
08-28 19:35:38.806   540   540 W memtrack@1.0-se: type=1400 audit(0.0:16958): avc: denied { search } for name="proc" dev="debugfs" ino=14354 scontext=u:r:hal_memtrack_default:s0 tcontext=u:object_r:qti_debugfs:s0 tclass=dir permissive=0
08-28 19:35:38.806   540   540 W memtrack@1.0-se: type=1400 audit(0.0:16959): avc: denied { search } for name="proc" dev="debugfs" ino=14354 scontext=u:r:hal_memtrack_default:s0 tcontext=u:object_r:qti_debugfs:s0 tclass=dir permissive=0
08-28 19:35:38.826   540   540 W memtrack@1.0-se: type=1400 audit(0.0:16960): avc: denied { search } for name="proc" dev="debugfs" ino=14354 scontext=u:r:hal_memtrack_default:s0 tcontext=u:object_r:qti_debugfs:s0 tclass=dir permissive=0
08-28 19:35:38.826   540   540 W memtrack@1.0-se: type=1400 audit(0.0:16961): avc: denied { search } for name="proc" dev="debugfs" ino=14354 scontext=u:r:hal_memtrack_default:s0 tcontext=u:object_r:qti_debugfs:s0 tclass=dir permissive=0
08-28 19:35:38.854 29007 29042 I chatty  : uid=10102(u0_a102) com.mapspvp expire 1 line
08-28 19:35:38.911 29007 29132 I chatty  : uid=10102(u0_a102) com.mapspvp expire 3 lines
08-28 19:35:38.914 29007 29007 I chatty  : uid=10102(u0_a102) com.mapspvp expire 22 lines
08-28 19:35:38.947 21466 21832 E SecUISvc: Error initializing local socket: -1
08-28 19:35:39.948 21466 21832 E SecUISvc: Error initializing local socket: -1
08-28 19:35:40.150 29007 29131 I chatty  : uid=10102(u0_a102) com.mapspvp expire 12 lines
08-28 19:35:40.533 20602 20602 D KeyguardUpdateMonitor: received broadcast android.intent.action.BATTERY_CHANGED
08-28 19:35:40.533 20735 20735 D QtiCarrierConfigHelper: WARNING, no carrier configs on phone Id: 0
08-28 19:35:40.536 20602 20602 D KeyguardUpdateMonitor: handleBatteryUpdate
08-28 19:35:40.544 29007 29012 I chatty  : uid=10102(u0_a102) com.mapspvp expire 11 lines
08-28 19:35:40.950 21466 21832 E SecUISvc: Error initializing local socket: -1
08-28 19:35:41.426 21355 28871 W ctxmgr  : [AclManager]No 2 for (accnt=account#-517948760#, com.google.android.gms(10014):IndoorOutdoorProducer, vrsn=12874000, 0, 3pPkg = null ,  3pMdlId = null ,  pid = 21355). Was: 3 for 57, account#-517948760#
08-28 19:35:41.535 20602 20602 D KeyguardUpdateMonitor: received broadcast android.intent.action.BATTERY_CHANGED
08-28 19:35:41.536 20735 20735 D QtiCarrierConfigHelper: WARNING, no carrier configs on phone Id: 0
08-28 19:35:41.540 20602 20602 D KeyguardUpdateMonitor: handleBatteryUpdate
08-28 19:35:41.802 20162 22356 I AudioPolicyManagerCustom: FLAG None hence request for a primary output
08-28 19:35:41.803 20162 22356 I AudioPolicyManagerCustom: FLAG None hence request for a primary output
08-28 19:35:41.804 20168 23807 D audio_hw_primary: start_output_stream: enter: stream(0xead79000)usecase(1: low-latency-playback) devices(0x2)
08-28 19:35:41.805 20168 23807 D audio_hw_primary: select_devices for use case (low-latency-playback)
08-28 19:35:41.805 20168 23807 D msm8916_platform: platform_get_output_snd_device: loopback init: 0
08-28 19:35:41.805 20168 23807 D msm8916_platform: platform_get_output_snd_device: exit: snd_device(speaker)
08-28 19:35:41.805 20168 23807 D audio_hw_primary: select_devices: out_snd_device(2: speaker) in_snd_device(0: )
08-28 19:35:41.805 20168 23807 I msm8916_platform: platform_check_and_set_codec_backend_cfg:becf: afe: bitwidth 16, samplerate 48000 channels 2, backend_idx 0 usecase = 1 device (speaker)
08-28 19:35:41.805 20168 23807 D msm8916_platform: platform_split_snd_device: snd_device(2) num devices(1) new_snd_devices(0)
08-28 19:35:41.805 20168 23807 I msm8916_platform: platform_check_and_set_codec_backend_cfg: becf: new_snd_devices[0] is speaker
08-28 19:35:41.805 20168 23807 I msm8916_platform: platform_check_codec_backend_cfg:becf: afe: Codec selected backend: 0 current bit width: 16 sample rate: 48000 channels: 2 usecase 1 device (speaker)
08-28 19:35:41.805 20168 23807 D msm8916_platform: platform_check_codec_backend_cfg:becf: afe: playback on codec device not supporting native playback set default Sample Rate(48k)
08-28 19:35:41.805 20168 23807 D msm8916_platform: platform_check_codec_backend_cfg:becf: afe: only 48KHZ sample rate is supported Configure afe to default Sample Rate(48k)
08-28 19:35:41.805 20168 23807 I msm8916_platform: platform_check_codec_backend_cfg:becf: afe: Codec selected backend: 0 updated bit width: 16 sample rate: 48000 channels: 2
08-28 19:35:41.805 20168 23807 D audio_hw_primary: check_usecases_codec_backend:becf: force routing 0
08-28 19:35:41.805 20168 23807 E msm8916_platform: platform_check_backends_match: Invalid snd_device = 
08-28 19:35:41.806 20168 23807 D audio_hw_primary: check_usecases_codec_backend:becf: (59) check_usecases curr device: speaker, usecase device: backends match 0
08-28 19:35:41.806 20168 23807 D audio_hw_primary: check_usecases_codec_backend:becf: check_usecases num.of Usecases to switch 0
08-28 19:35:41.806 20168 23807 D hardware_info: hw_info_append_hw_type : device_name = speaker
08-28 19:35:41.806 20168 23807 E audio_hw_primary: start_dsm_feedback_process: pcm device id 41
08-28 19:35:41.817 20168 23807 D msm8916_platform: platform_split_snd_device: snd_device(2) num devices(0) new_snd_devices(0)
08-28 19:35:41.817 20168 23807 D audio_hw_primary: enable_snd_device: snd_device(2: speaker)
08-28 19:35:41.817 20168 23807 I soundtrigger: audio_extn_sound_trigger_update_device_status: device 0x2 of type 0 for Event 1, with Raise=0
08-28 19:35:41.818 20168 23807 D soundtrigger: audio_extn_sound_trigger_update_stream_status: uc_id 1 of type 0 for Event 3, with Raise=0
08-28 19:35:41.818 20168 23807 D audio_hw_utils: audio_extn_utils_send_app_type_cfg: usecase->out_snd_device speaker
08-28 19:35:41.818 20168 23807 D msm8916_platform: platform_split_snd_device: snd_device(2) num devices(0) new_snd_devices(0)
08-28 19:35:41.819 20168 23807 E msm8916_platform: platform_get_snd_device_backend_index: no hw_interface set for device speaker
08-28 19:35:41.819 20168 23807 E audio_hw_utils: send_app_type_cfg_for_device: Couldn't get the backend index for snd device speaker ret=-22
08-28 19:35:41.819 20168 23807 I audio_hw_utils: send_app_type_cfg_for_device PLAYBACK app_type 69937, acdb_dev_id 1058, sample_rate 48000, snd_device_be_idx -22
08-28 19:35:41.819 20168 23807 D msm8916_platform: platform_split_snd_device: snd_device(2) num devices(1) new_snd_devices(0)
08-28 19:35:41.819 20168 23807 D ACDB-LOADER: ACDB -> send_audio_cal, acdb_id = 1058, path = 0, app id = 0x11131, sample rate = 48000
08-28 19:35:41.819 20168 23807 D ACDB-LOADER: ACDB -> send_asm_topology
08-28 19:35:41.819 20168 23807 D ACDB-LOADER: ACDB -> ACDB_CMD_GET_AUDPROC_STREAM_TOPOLOGY_ID
08-28 19:35:41.819 20168 23807 D ACDB-LOADER: ACDB -> send_adm_topology
08-28 19:35:41.819 20168 23807 D ACDB-LOADER: ACDB -> ACDB_CMD_GET_AUDPROC_COMMON_TOPOLOGY_ID
08-28 19:35:41.819 20168 23807 D ACDB-LOADER: ACDB -> send_audtable
08-28 19:35:41.819 20168 23807 D ACDB-LOADER: ACDB -> ACDB_CMD_GET_AUDPROC_COMMON_TABLE_SIZE
08-28 19:35:41.819 20168 23807 D         : ACDBFILE_MGR:Read the devices count as zero, please check the acdb file
08-28 19:35:41.819 20168 23807 D ACDB-LOADER: ACDB -> ACDB_CMD_GET_AUDPROC_COMMON_TABLE
08-28 19:35:41.819 20168 23807 D         : ACDBFILE_MGR:Read the devices count as zero, please check the acdb file
08-28 19:35:41.819 20168 23807 D ACDB-LOADER: ACDB -> AUDIO_SET_AUDPROC_CAL
08-28 19:35:41.819 20168 23807 D ACDB-LOADER: ACDB -> send_audvoltable
08-28 19:35:41.819 20168 23807 D ACDB-LOADER: ACDB -> ACDB_CMD_GET_AUDPROC_VOL_STEP_TABLE_SIZE
08-28 19:35:41.819 20168 23807 D         : ACDBFILE_MGR:Read the devices count as zero, please check the acdb file
08-28 19:35:41.819 20168 23807 D ACDB-LOADER: ACDB -> ACDB_CMD_GET_AUDPROC_GAIN_DEP_STEP_TABLE, vol index 0
08-28 19:35:41.820 20168 23807 D         : ACDBFILE_MGR:Read the devices count as zero, please check the acdb file
08-28 19:35:41.820 20168 23807 D ACDB-LOADER: ACDB -> AUDIO_SET_VOL_CAL cal type = 12
08-28 19:35:41.820 20168 23807 D ACDB-LOADER: ACDB -> ACDB_CMD_GET_AUDPROC_STREAM_TABLE_SIZE
08-28 19:35:41.820 20168 23807 D ACDB-LOADER: ACDB -> send_audstrmtable
08-28 19:35:41.820 20168 23807 D ACDB-LOADER: ACDB -> ACDB_CMD_GET_AUDPROC_STREAM_TABLE_V2
08-28 19:35:41.820 20168 23807 D ACDB-LOADER: ACDB -> audstrm_cal->cal_type.cal_data.cal_size = 16
08-28 19:35:41.820 20168 23807 D ACDB-LOADER: ACDB -> send_afe_topology
08-28 19:35:41.820 20168 23807 D ACDB-LOADER: ACDB -> ACDB_CMD_GET_AFE_TOPOLOGY_ID
08-28 19:35:41.820 20168 23807 D ACDB-LOADER: ACDB -> GET_AFE_TOPOLOGY_ID for adcd_id 1058, Topology Id 10001060
08-28 19:35:41.820 20168 23807 D ACDB-LOADER: ACDB -> send_afe_cal
08-28 19:35:41.820 20168 23807 D ACDB-LOADER: ACDB -> ACDB_CMD_GET_AFE_COMMON_TABLE_SIZE
08-28 19:35:41.820 20168 23807 D         : ACDBFILE_MGR:Read the devices count as zero, please check the acdb file
08-28 19:35:41.820 20168 23807 D ACDB-LOADER: ACDB -> ACDB_CMD_GET_AFE_COMMON_TABLE
08-28 19:35:41.820 20168 23807 D         : ACDBFILE_MGR:Read the devices count as zero, please check the acdb file
08-28 19:35:41.820 20168 23807 D ACDB-LOADER: ACDB -> AUDIO_SET_AFE_CAL 1052 1052
08-28 19:35:41.820 20168 23807 D ACDB-LOADER: ACDB -> load_dsm_calib_data fp is null error[Permission denied]
08-28 19:35:41.820 20168 23807 D ACDB-LOADER: ACDB -> AUDIO_SET_AFE_CAL
08-28 19:35:41.816 20168 20168 W writer  : type=1400 audit(0.0:16962): avc: denied { search } for name="/" dev="mmcblk0p27" ino=2 scontext=u:r:hal_audio_default:s0 tcontext=u:object_r:persist_file:s0 tclass=dir permissive=0
08-28 19:35:41.820 20168 23807 D ACDB-LOADER: ACDB -> send_hw_delay : acdb_id = 1058 path = 0
08-28 19:35:41.820 20168 23807 D ACDB-LOADER: ACDB -> ACDB_AVSYNC_INFO: ACDB_CMD_GET_DEVICE_PROPERTY
08-28 19:35:41.820 20168 23807 D audio_hw_primary: enable_audio_route: apply mixer and update path: low-latency-playback speaker,snd_device[2]
08-28 19:35:41.821 20168 23807 D audio_hw_primary: select_devices: done
08-28 19:35:41.843 20168 23807 D msm8916_platform: platform_set_channel_map mixer_ctl_name:Playback Channel Map12
08-28 19:35:41.843 20168 23807 D msm8916_platform: platform_set_channel_map: set mapping(1 2 0 0 0 0 0 0) for channel:2
08-28 19:35:41.843 20168 23807 D audio_hw_primary: start_output_stream: exit
08-28 19:35:41.844 20168 23807 W StreamHAL: Error from HAL stream in function get_presentation_position: Operation not permitted
08-28 19:35:41.844 20168 23807 W StreamHAL: Error from HAL stream in function get_presentation_position: Operation not permitted
08-28 19:35:41.953 21466 21832 E SecUISvc: Error initializing local socket: -1
08-28 19:35:42.159 20302 20715 D CompatibilityInfo: mCompatibilityFlags - 0
08-28 19:35:42.159 20302 20715 D CompatibilityInfo: applicationDensity - 480
08-28 19:35:42.159 20302 20715 D CompatibilityInfo: applicationScale - 1.0
08-28 19:35:42.955 21466 21832 E SecUISvc: Error initializing local socket: -1
08-28 19:35:43.535 20735 20735 D QtiCarrierConfigHelper: WARNING, no carrier configs on phone Id: 0
08-28 19:35:43.536 20602 20602 D KeyguardUpdateMonitor: received broadcast android.intent.action.BATTERY_CHANGED
08-28 19:35:43.546 20602 20602 D KeyguardUpdateMonitor: handleBatteryUpdate
08-28 19:35:43.573 20166 20166 I chatty  : uid=1000(system) /system/bin/surfaceflinger expire 393 lines
08-28 19:35:43.959 21466 21832 E SecUISvc: Error initializing local socket: -1
08-28 19:35:44.331 25592 25616 I Finsky  : [956] com.google.android.finsky.bn.ab.run(5): Stats for Executor: BlockingExecutor com.google.android.finsky.bn.ac@551bcad[Running, pool size = 0, active threads = 0, queued tasks = 0, completed tasks = 0]
08-28 19:35:44.332 25592 25616 I Finsky  : [956] com.google.android.finsky.bn.ab.run(5): Stats for Executor: LightweightExecutor com.google.android.finsky.bn.ac@6183be2[Running, pool size = 1, active threads = 0, queued tasks = 0, completed tasks = 1]
08-28 19:35:44.536 20735 20735 D QtiCarrierConfigHelper: WARNING, no carrier configs on phone Id: 0
08-28 19:35:44.537 20602 20602 D KeyguardUpdateMonitor: received broadcast android.intent.action.BATTERY_CHANGED
08-28 19:35:44.550 20602 20602 D KeyguardUpdateMonitor: handleBatteryUpdate
08-28 19:35:44.937 20168 20947 D audio_hw_primary: out_standby: enter: stream (0xead79000) usecase(1: low-latency-playback)
08-28 19:35:44.962 21466 21832 E SecUISvc: Error initializing local socket: -1
08-28 19:35:44.978 20168 20947 D audio_hw_primary: disable_audio_route: reset and update mixer path: low-latency-playback speaker
08-28 19:35:44.979 20168 20947 D soundtrigger: audio_extn_sound_trigger_update_stream_status: uc_id 1 of type 0 for Event 2, with Raise=0
08-28 19:35:44.979 20168 20947 D hardware_info: hw_info_append_hw_type : device_name = speaker
08-28 19:35:44.979 20168 20947 D audio_hw_primary: disable_snd_device: snd_device(2: speaker)
08-28 19:35:44.979 20168 20947 D msm8916_platform: platform_split_snd_device: snd_device(2) num devices(0) new_snd_devices(0)
08-28 19:35:44.989 20168 20947 I soundtrigger: audio_extn_sound_trigger_update_device_status: device 0x2 of type 0 for Event 0, with Raise=0
08-28 19:35:44.989 20168 20947 D audio_hw_primary: out_standby: exit
08-28 19:35:45.968 21466 21832 E SecUISvc: Error initializing local socket: -1
08-28 19:35:46.425 21355 28871 W ctxmgr  : [AclManager]No 2 for (accnt=account#-517948760#, com.google.android.gms(10014):IndoorOutdoorProducer, vrsn=12874000, 0, 3pPkg = null ,  3pMdlId = null ,  pid = 21355). Was: 3 for 57, account#-517948760#
08-28 19:35:46.534 20735 20735 D QtiCarrierConfigHelper: WARNING, no carrier configs on phone Id: 0
08-28 19:35:46.536 20602 20602 D KeyguardUpdateMonitor: received broadcast android.intent.action.BATTERY_CHANGED
08-28 19:35:46.541 20602 20602 D KeyguardUpdateMonitor: handleBatteryUpdate
08-28 19:35:46.971 21466 21832 E SecUISvc: Error initializing local socket: -1
08-28 19:35:47.535 20735 20735 D QtiCarrierConfigHelper: WARNING, no carrier configs on phone Id: 0
08-28 19:35:47.535 20602 20602 D KeyguardUpdateMonitor: received broadcast android.intent.action.BATTERY_CHANGED
08-28 19:35:47.539 20602 20602 D KeyguardUpdateMonitor: handleBatteryUpdate
08-28 19:35:47.974 21466 21832 E SecUISvc: Error initializing local socket: -1
08-28 19:35:48.976 21466 21832 E SecUISvc: Error initializing local socket: -1
08-28 19:35:49.535 20735 20735 D QtiCarrierConfigHelper: WARNING, no carrier configs on phone Id: 0
08-28 19:35:49.535 20602 20602 D KeyguardUpdateMonitor: received broadcast android.intent.action.BATTERY_CHANGED
08-28 19:35:49.540 20602 20602 D KeyguardUpdateMonitor: handleBatteryUpdate
08-28 19:35:49.979 21466 21832 E SecUISvc: Error initializing local socket: -1
08-28 19:35:50.536 20735 20735 D QtiCarrierConfigHelper: WARNING, no carrier configs on phone Id: 0
08-28 19:35:50.536 20602 20602 D KeyguardUpdateMonitor: received broadcast android.intent.action.BATTERY_CHANGED
08-28 19:35:50.540 20602 20602 D KeyguardUpdateMonitor: handleBatteryUpdate
08-28 19:35:50.983 21466 21832 E SecUISvc: Error initializing local socket: -1
08-28 19:35:51.425 21355 28871 W ctxmgr  : [AclManager]No 2 for (accnt=account#-517948760#, com.google.android.gms(10014):IndoorOutdoorProducer, vrsn=12874000, 0, 3pPkg = null ,  3pMdlId = null ,  pid = 21355). Was: 3 for 57, account#-517948760#
08-28 19:35:51.985 21466 21832 E SecUISvc: Error initializing local socket: -1
08-28 19:35:52.536 20735 20735 D QtiCarrierConfigHelper: WARNING, no carrier configs on phone Id: 0
08-28 19:35:52.536 20602 20602 D KeyguardUpdateMonitor: received broadcast android.intent.action.BATTERY_CHANGED
08-28 19:35:52.541 20602 20602 D KeyguardUpdateMonitor: handleBatteryUpdate
08-28 19:35:52.988 21466 21832 E SecUISvc: Error initializing local socket: -1
08-28 19:35:53.536 20602 20602 D KeyguardUpdateMonitor: received broadcast android.intent.action.BATTERY_CHANGED
08-28 19:35:53.536 20735 20735 D QtiCarrierConfigHelper: WARNING, no carrier configs on phone Id: 0
08-28 19:35:53.541 20602 20602 D KeyguardUpdateMonitor: handleBatteryUpdate
08-28 19:35:53.991 21466 21832 E SecUISvc: Error initializing local socket: -1
08-28 19:35:54.437 20166 20166 I chatty  : uid=1000(system) /system/bin/surfaceflinger expire 209 lines
08-28 19:35:54.771 29007 29057 I chatty  : uid=10102(u0_a102) com.mapspvp expire 12 lines
08-28 19:35:54.773 29007 29096 I chatty  : uid=10102(u0_a102) com.mapspvp expire 10 lines
08-28 19:35:54.786   540   540 W memtrack@1.0-se: type=1400 audit(0.0:16963): avc: denied { search } for name="proc" dev="debugfs" ino=14354 scontext=u:r:hal_memtrack_default:s0 tcontext=u:object_r:qti_debugfs:s0 tclass=dir permissive=0
08-28 19:35:54.786   540   540 W memtrack@1.0-se: type=1400 audit(0.0:16964): avc: denied { search } for name="proc" dev="debugfs" ino=14354 scontext=u:r:hal_memtrack_default:s0 tcontext=u:object_r:qti_debugfs:s0 tclass=dir permissive=0
08-28 19:35:54.994 21466 21832 E SecUISvc: Error initializing local socket: -1
08-28 19:35:55.047 20589 20589 I GoogleInputMethod: onFinishInput() : Dummy InputConnection bound
08-28 19:35:55.048 20589 20589 I GoogleInputMethod: onStartInput() : Dummy InputConnection bound
08-28 19:35:55.106 20302 26602 D CompatibilityInfo: mCompatibilityFlags - 0
08-28 19:35:55.106 20302 26602 D CompatibilityInfo: applicationDensity - 480
08-28 19:35:55.106 20302 26602 D CompatibilityInfo: applicationScale - 1.0
08-28 19:35:55.537 20735 20735 D QtiCarrierConfigHelper: WARNING, no carrier configs on phone Id: 0
08-28 19:35:55.537 20602 20602 D KeyguardUpdateMonitor: received broadcast android.intent.action.BATTERY_CHANGED
08-28 19:35:55.542 20602 20602 D KeyguardUpdateMonitor: handleBatteryUpdate
08-28 19:35:55.996 21466 21832 E SecUISvc: Error initializing local socket: -1
08-28 19:35:56.537 20735 20735 D QtiCarrierConfigHelper: WARNING, no carrier configs on phone Id: 0
08-28 19:35:56.537 20602 20602 D KeyguardUpdateMonitor: received broadcast android.intent.action.BATTERY_CHANGED
08-28 19:35:56.541 20602 20602 D KeyguardUpdateMonitor: handleBatteryUpdate
08-28 19:35:56.626 20589 20589 I GoogleInputMethod: onFinishInput() : Dummy InputConnection bound
08-28 19:35:56.626 20589 20589 I GoogleInputMethod: onStartInput() : Dummy InputConnection bound
08-28 19:35:56.795 20302 20302 W WindowManager: removeWindowToken: Attempted to remove non-existing token: android.os.Binder@f1c1b93
08-28 19:35:56.838 29007 29162 I chatty  : uid=10102(u0_a102) com.mapspvp expire 62 lines
08-28 19:35:56.983 29007 29164 I chatty  : uid=10102(u0_a102) com.mapspvp expire 3 lines
08-28 19:35:56.999 21466 21832 E SecUISvc: Error initializing local socket: -1
08-28 19:35:57.421 21355 28871 W ctxmgr  : [AclManager]No 2 for (accnt=account#-517948760#, com.google.android.gms(10014):IndoorOutdoorProducer, vrsn=12874000, 0, 3pPkg = null ,  3pMdlId = null ,  pid = 21355). Was: 3 for 57, account#-517948760#
08-28 19:35:58.001 21466 21832 E SecUISvc: Error initializing local socket: -1
08-28 19:35:58.228 29007 29163 I chatty  : uid=10102(u0_a102) com.mapspvp expire 9 lines
08-28 19:35:58.533 20735 20735 D QtiCarrierConfigHelper: WARNING, no carrier configs on phone Id: 0
08-28 19:35:58.533 20602 20602 D KeyguardUpdateMonitor: received broadcast android.intent.action.BATTERY_CHANGED
08-28 19:35:58.536 20602 20602 D KeyguardUpdateMonitor: handleBatteryUpdate
08-28 19:35:58.585 20302 21487 D CompatibilityInfo: mCompatibilityFlags - 0
08-28 19:35:58.585 20302 21487 D CompatibilityInfo: applicationDensity - 480
08-28 19:35:58.585 20302 21487 D CompatibilityInfo: applicationScale - 1.0
08-28 19:35:59.004 21466 21832 E SecUISvc: Error initializing local socket: -1
08-28 19:35:59.538 20735 20735 D QtiCarrierConfigHelper: WARNING, no carrier configs on phone Id: 0
08-28 19:35:59.538 20602 20602 D KeyguardUpdateMonitor: received broadcast android.intent.action.BATTERY_CHANGED
08-28 19:35:59.543 20602 20602 D KeyguardUpdateMonitor: handleBatteryUpdate
08-28 19:35:59.545 20735 20735 D QtiCarrierConfigHelper: WARNING, no carrier configs on phone Id: 0
08-28 19:35:59.550 20602 20602 D KeyguardUpdateMonitor: received broadcast android.intent.action.BATTERY_CHANGED
08-28 19:35:59.554 20602 20602 D KeyguardUpdateMonitor: handleBatteryUpdate
08-28 19:36:00.002 20602 20602 D KeyguardUpdateMonitor: received broadcast android.intent.action.TIME_TICK
08-28 19:36:00.003 20602 20602 D KeyguardUpdateMonitor: handleTimeUpdate
08-28 19:36:00.007 21466 21832 E SecUISvc: Error initializing local socket: -1
08-28 19:36:00.538 20602 20602 D KeyguardUpdateMonitor: received broadcast android.intent.action.BATTERY_CHANGED
08-28 19:36:00.539 20735 20735 D QtiCarrierConfigHelper: WARNING, no carrier configs on phone Id: 0
08-28 19:36:00.544 20602 20602 D KeyguardUpdateMonitor: handleBatteryUpdate
08-28 19:36:01.010 21466 21832 E SecUISvc: Error initializing local socket: -1
08-28 19:36:02.013 21466 21832 E SecUISvc: Error initializing local socket: -1
08-28 19:36:02.425 21355 28871 W ctxmgr  : [AclManager]No 2 for (accnt=account#-517948760#, com.google.android.gms(10014):IndoorOutdoorProducer, vrsn=12874000, 0, 3pPkg = null ,  3pMdlId = null ,  pid = 21355). Was: 3 for 57, account#-517948760#
08-28 19:36:02.538 20735 20735 D QtiCarrierConfigHelper: WARNING, no carrier configs on phone Id: 0
08-28 19:36:02.538 20602 20602 D KeyguardUpdateMonitor: received broadcast android.intent.action.BATTERY_CHANGED
08-28 19:36:02.545 20602 20602 D KeyguardUpdateMonitor: handleBatteryUpdate
08-28 19:36:03.016 21466 21832 E SecUISvc: Error initializing local socket: -1
08-28 19:36:03.538 20735 20735 D QtiCarrierConfigHelper: WARNING, no carrier configs on phone Id: 0
08-28 19:36:03.539 20602 20602 D KeyguardUpdateMonitor: received broadcast android.intent.action.BATTERY_CHANGED
08-28 19:36:03.544 20602 20602 D KeyguardUpdateMonitor: handleBatteryUpdate
08-28 19:36:03.719 20162 22356 I AudioPolicyManagerCustom: FLAG None hence request for a primary output
08-28 19:36:03.720 20162 22356 I AudioPolicyManagerCustom: FLAG None hence request for a primary output
08-28 19:36:03.721 20168 23807 D audio_hw_primary: start_output_stream: enter: stream(0xead79000)usecase(1: low-latency-playback) devices(0x2)
08-28 19:36:03.722 20168 23807 D audio_hw_primary: select_devices for use case (low-latency-playback)
08-28 19:36:03.722 20168 23807 D msm8916_platform: platform_get_output_snd_device: loopback init: 0
08-28 19:36:03.722 20168 23807 D msm8916_platform: platform_get_output_snd_device: exit: snd_device(speaker)
08-28 19:36:03.722 20168 23807 D audio_hw_primary: select_devices: out_snd_device(2: speaker) in_snd_device(0: )
08-28 19:36:03.722 20168 23807 I msm8916_platform: platform_check_and_set_codec_backend_cfg:becf: afe: bitwidth 16, samplerate 48000 channels 2, backend_idx 0 usecase = 1 device (speaker)
08-28 19:36:03.722 20168 23807 D msm8916_platform: platform_split_snd_device: snd_device(2) num devices(1) new_snd_devices(0)
08-28 19:36:03.722 20168 23807 I msm8916_platform: platform_check_and_set_codec_backend_cfg: becf: new_snd_devices[0] is speaker
08-28 19:36:03.722 20168 23807 I msm8916_platform: platform_check_codec_backend_cfg:becf: afe: Codec selected backend: 0 current bit width: 16 sample rate: 48000 channels: 2 usecase 1 device (speaker)
08-28 19:36:03.722 20168 23807 D msm8916_platform: platform_check_codec_backend_cfg:becf: afe: playback on codec device not supporting native playback set default Sample Rate(48k)
08-28 19:36:03.722 20168 23807 D msm8916_platform: platform_check_codec_backend_cfg:becf: afe: only 48KHZ sample rate is supported Configure afe to default Sample Rate(48k)
08-28 19:36:03.722 20168 23807 I msm8916_platform: platform_check_codec_backend_cfg:becf: afe: Codec selected backend: 0 updated bit width: 16 sample rate: 48000 channels: 2
08-28 19:36:03.722 20168 23807 D audio_hw_primary: check_usecases_codec_backend:becf: force routing 0
08-28 19:36:03.722 20168 23807 E msm8916_platform: platform_check_backends_match: Invalid snd_device = 
08-28 19:36:03.722 20168 23807 D audio_hw_primary: check_usecases_codec_backend:becf: (59) check_usecases curr device: speaker, usecase device: backends match 0
08-28 19:36:03.722 20168 23807 D audio_hw_primary: check_usecases_codec_backend:becf: check_usecases num.of Usecases to switch 0
08-28 19:36:03.722 20168 23807 D hardware_info: hw_info_append_hw_type : device_name = speaker
08-28 19:36:03.722 20168 23807 E audio_hw_primary: start_dsm_feedback_process: pcm device id 41
08-28 19:36:03.734 20168 23807 D msm8916_platform: platform_split_snd_device: snd_device(2) num devices(0) new_snd_devices(0)
08-28 19:36:03.734 20168 23807 D audio_hw_primary: enable_snd_device: snd_device(2: speaker)
08-28 19:36:03.734 20168 23807 I soundtrigger: audio_extn_sound_trigger_update_device_status: device 0x2 of type 0 for Event 1, with Raise=0
08-28 19:36:03.736 20168 23807 D soundtrigger: audio_extn_sound_trigger_update_stream_status: uc_id 1 of type 0 for Event 3, with Raise=0
08-28 19:36:03.736 20168 23807 D audio_hw_utils: audio_extn_utils_send_app_type_cfg: usecase->out_snd_device speaker
08-28 19:36:03.736 20168 23807 D msm8916_platform: platform_split_snd_device: snd_device(2) num devices(0) new_snd_devices(0)
08-28 19:36:03.736 20168 23807 E msm8916_platform: platform_get_snd_device_backend_index: no hw_interface set for device speaker
08-28 19:36:03.736 20168 23807 E audio_hw_utils: send_app_type_cfg_for_device: Couldn't get the backend index for snd device speaker ret=-22
08-28 19:36:03.736 20168 23807 I audio_hw_utils: send_app_type_cfg_for_device PLAYBACK app_type 69937, acdb_dev_id 1058, sample_rate 48000, snd_device_be_idx -22
08-28 19:36:03.736 20168 23807 D msm8916_platform: platform_split_snd_device: snd_device(2) num devices(1) new_snd_devices(0)
08-28 19:36:03.737 20168 23807 D ACDB-LOADER: ACDB -> send_audio_cal, acdb_id = 1058, path = 0, app id = 0x11131, sample rate = 48000
08-28 19:36:03.737 20168 23807 D ACDB-LOADER: ACDB -> send_asm_topology
08-28 19:36:03.737 20168 23807 D ACDB-LOADER: ACDB -> ACDB_CMD_GET_AUDPROC_STREAM_TOPOLOGY_ID
08-28 19:36:03.737 20168 23807 D ACDB-LOADER: ACDB -> send_adm_topology
08-28 19:36:03.737 20168 23807 D ACDB-LOADER: ACDB -> ACDB_CMD_GET_AUDPROC_COMMON_TOPOLOGY_ID
08-28 19:36:03.737 20168 23807 D ACDB-LOADER: ACDB -> send_audtable
