08-22 23:38:35.026 20302 21478 I chatty  : uid=1000(system) Binder:20302_A expire 2 lines
08-22 23:38:35.157 20302 20390 I chatty  : uid=1000(system) ActivityManager expire 2 lines
08-22 23:38:35.274 20302 21478 I chatty  : uid=1000(system) Binder:20302_A expire 1 line
08-22 23:38:35.275 20302 20391 I chatty  : uid=1000(system) android.ui expire 1 line
08-22 23:38:35.645 20302 20390 I chatty  : uid=1000(system) ActivityManager expire 1 line
08-22 23:38:36.099 20302 20585 I chatty  : uid=1000(system) TaskSnapshotPer expire 1 line
08-22 23:38:36.208 20302 21478 I ActivityManager: Killing 21905:android.process.acore/u0a1 (adj 906): empty #17
08-22 23:38:45.648 20302 20390 W ActivityManager: Activity destroy timeout for ActivityRecord{98ca16 u0 com.mapspvp/.MainActivity t180 f}
08-22 23:38:48.263 20302 20619 I ActivityManager: Killing 27209:com.mapspvp/u0a102 (adj 900): crash
08-22 23:38:48.308 20302 20403 W ActivityManager: setHasOverlayUi called on unknown pid: 27209
08-22 23:38:48.533 20302 20542 W AppOps  : Finishing op nesting under-run: uid 1000 pkg android code 24 time=0 duration=0 nesting=0
08-22 23:39:01.256 20302 20390 I ActivityManager: Force stopping com.mapspvp appid=10102 user=-1: installPackageLI
08-22 23:39:01.381 20302 20409 I PackageManager: Package com.mapspvp codePath changed from /data/app/com.mapspvp-IhRJ4Nldwbc61sKgh0RhlA== to /data/app/com.mapspvp--0RuZjk_rZkOSzsYG2UeLA==; Retaining data and using new
08-22 23:39:01.382 20302 20409 W PackageManager: Code path for com.mapspvp changing from /data/app/com.mapspvp-IhRJ4Nldwbc61sKgh0RhlA== to /data/app/com.mapspvp--0RuZjk_rZkOSzsYG2UeLA==
08-22 23:39:01.382 20302 20409 W PackageManager: Resource path for com.mapspvp changing from /data/app/com.mapspvp-IhRJ4Nldwbc61sKgh0RhlA== to /data/app/com.mapspvp--0RuZjk_rZkOSzsYG2UeLA==
08-22 23:39:01.925 20302 20409 I ActivityManager: Force stopping com.mapspvp appid=10102 user=0: pkg removed
08-22 23:39:02.001 20302 20720 W BroadcastQueue: Background execution not allowed: receiving Intent { act=android.intent.action.PACKAGE_REMOVED dat=package:com.mapspvp flg=0x4000010 (has extras) } to com.google.android.googlequicksearchbox/com.google.android.apps.gsa.googlequicksearchbox.GelStubAppWatcher
08-22 23:39:02.038 20302 20302 I Telecom : DefaultDialerCache: Refreshing default dialer for user 0: now com.google.android.dialer: DDC.oR@AE4
08-22 23:39:02.090 20302 23292 W BroadcastQueue: Background execution not allowed: receiving Intent { act=android.intent.action.PACKAGE_ADDED dat=package:com.mapspvp flg=0x4000010 (has extras) } to com.google.android.googlequicksearchbox/com.google.android.apps.gsa.googlequicksearchbox.GelStubAppWatcher
08-22 23:39:02.091 20302 20390 W BroadcastQueue: Background execution not allowed: receiving Intent { act=android.intent.action.PACKAGE_ADDED dat=package:com.mapspvp flg=0x4000010 (has extras) } to com.google.android.ims/.receivers.RcsAutoStartReceiver
08-22 23:39:02.109 20302 20755 W BroadcastQueue: Background execution not allowed: receiving Intent { act=android.intent.action.PACKAGE_REPLACED dat=package:com.mapspvp flg=0x4000010 (has extras) } to com.google.android.apps.photos/.account.full.FetchAccountPropertiesAppUpgradeBroadcastReceiver
08-22 23:39:02.110 20302 20390 W BroadcastQueue: Background execution not allowed: receiving Intent { act=android.intent.action.PACKAGE_REPLACED dat=package:com.mapspvp flg=0x4000010 (has extras) } to com.google.android.apps.photos/.account.full.SyncAccountsForLoginBroadcastReceiver
08-22 23:39:02.110 20302 20390 W BroadcastQueue: Background execution not allowed: receiving Intent { act=android.intent.action.PACKAGE_REPLACED dat=package:com.mapspvp flg=0x4000010 (has extras) } to com.google.android.apps.photos/.experiments.phenotype.full.PhenotypeAppUpgradeBroadcastReceiver
08-22 23:39:02.110 20302 20390 W BroadcastQueue: Background execution not allowed: receiving Intent { act=android.intent.action.PACKAGE_REPLACED dat=package:com.mapspvp flg=0x4000010 (has extras) } to com.google.android.apps.photos/.notificationchannels.AppUpdateBroadcastReceiver
08-22 23:39:02.152 20302 20755 W BroadcastQueue: Background execution not allowed: receiving Intent { act=android.intent.action.PACKAGE_REPLACED dat=package:com.mapspvp flg=0x4000010 (has extras) } to com.google.android.googlequicksearchbox/com.google.android.apps.gsa.googlequicksearchbox.GelStubAppWatcher
08-22 23:39:02.153 20302 20390 W BroadcastQueue: Background execution not allowed: receiving Intent { act=android.intent.action.PACKAGE_REPLACED dat=package:com.mapspvp flg=0x4000010 (has extras) } to com.google.android.ims/.receivers.RcsAutoStartReceiver
08-22 23:39:02.378 20302 20755 I ActivityManager: START u0 {flg=0x10000000 cmp=com.mapspvp/.MainActivity} from uid 2000
08-22 23:39:02.403 20302 21476 I ActivityManager: Start proc 27375:com.mapspvp/u0a102 for activity com.mapspvp/.MainActivity
08-22 23:39:03.368 20302 20755 D BluetoothManagerService: Unregistered for death of com.google.android.gms
08-22 23:39:03.368 20302 20755 D BluetoothManagerService: 0 registered Ble Apps
08-22 23:39:05.665 27375 27375 E AndroidRuntime: FATAL EXCEPTION: main
08-22 23:39:05.665 27375 27375 E AndroidRuntime: Process: com.mapspvp, PID: 27375
08-22 23:39:05.665 27375 27375 E AndroidRuntime: java.lang.NoSuchMethodError: No static method toHumanReadableAscii(Ljava/lang/String;)Ljava/lang/String; in class Lokhttp3/internal/Util; or its super classes (declaration of 'okhttp3.internal.Util' appears in /data/app/com.mapspvp--0RuZjk_rZkOSzsYG2UeLA==/base.apk)
08-22 23:39:05.665 27375 27375 E AndroidRuntime: 	at com.mapbox.services.android.telemetry.MapboxTelemetry.setUserAgent(MapboxTelemetry.java:315)
08-22 23:39:05.665 27375 27375 E AndroidRuntime: 	at com.mapbox.services.android.telemetry.MapboxTelemetry.initialize(MapboxTelemetry.java:174)
08-22 23:39:05.665 27375 27375 E AndroidRuntime: 	at com.mapbox.services.android.telemetry.MapboxTelemetry.initialize(MapboxTelemetry.java:125)
08-22 23:39:05.665 27375 27375 E AndroidRuntime: 	at com.mapbox.mapboxsdk.Mapbox.getInstance(Mapbox.java:60)
08-22 23:39:05.665 27375 27375 E AndroidRuntime: 	at com.mapbox.rctmgl.modules.RCTMGLModule$1.run(RCTMGLModule.java:279)
08-22 23:39:05.665 27375 27375 E AndroidRuntime: 	at android.os.Handler.handleCallback(Handler.java:789)
08-22 23:39:05.665 27375 27375 E AndroidRuntime: 	at android.os.Handler.dispatchMessage(Handler.java:98)
08-22 23:39:05.665 27375 27375 E AndroidRuntime: 	at com.facebook.react.bridge.queue.MessageQueueThreadHandler.dispatchMessage(MessageQueueThreadHandler.java:29)
08-22 23:39:05.665 27375 27375 E AndroidRuntime: 	at android.os.Looper.loop(Looper.java:172)
08-22 23:39:05.665 27375 27375 E AndroidRuntime: 	at android.app.ActivityThread.main(ActivityThread.java:6637)
08-22 23:39:05.665 27375 27375 E AndroidRuntime: 	at java.lang.reflect.Method.invoke(Native Method)
08-22 23:39:05.665 27375 27375 E AndroidRuntime: 	at com.android.internal.os.Zygote$MethodAndArgsCaller.run(Zygote.java:240)
08-22 23:39:05.665 27375 27375 E AndroidRuntime: 	at com.android.internal.os.ZygoteInit.main(ZygoteInit.java:767)
08-22 23:39:05.669 20302 24063 W ActivityManager:   Force finishing activity com.mapspvp/.MainActivity
08-22 23:39:05.673 20302 20391 I ActivityManager: Showing crash dialog for package com.mapspvp u0
08-22 23:39:06.028 20302 20755 I ActivityManager: START u0 {act=android.content.pm.action.REQUEST_PERMISSIONS pkg=com.google.android.packageinstaller cmp=com.google.android.packageinstaller/com.android.packageinstaller.permission.ui.GrantPermissionsActivity (has extras)} from uid 10102
08-22 23:39:06.029 20302 20755 W ActivityManager: startActivity called from finishing ActivityRecord{5d99b87 u0 com.mapspvp/.MainActivity t182 f}; forcing Intent.FLAG_ACTIVITY_NEW_TASK for: Intent { act=android.content.pm.action.REQUEST_PERMISSIONS flg=0x800000 pkg=com.google.android.packageinstaller cmp=com.google.android.packageinstaller/com.android.packageinstaller.permission.ui.GrantPermissionsActivity (has extras) }
08-22 23:39:06.170 20302 20390 W ActivityManager: Activity pause timeout for ActivityRecord{5d99b87 u0 com.mapspvp/.MainActivity t182 f}
08-22 23:39:06.696 20302 20755 D BluetoothManagerService: Registered for death of com.google.android.gms
08-22 23:39:06.697 20302 20755 D BluetoothManagerService: 1 registered Ble Apps
08-22 23:39:07.076 20302 20585 D WindowManager: width=1080height=1920
08-22 23:39:09.883 20302 24063 W ActivityManager:   Force finishing activity com.mapspvp/.MainActivity
08-22 23:39:09.912 20302 24063 I ActivityManager: Killing 27375:com.mapspvp/u0a102 (adj 900): crash
08-22 23:39:09.948 20302 21487 W InputMethodManagerService: Got RemoteException sending setActive(false) notification to pid 27375 uid 10102
08-22 23:39:09.951 20302 20403 W ActivityManager: setHasOverlayUi called on unknown pid: 27375
08-22 23:39:10.124 20302 20542 W AppOps  : Finishing op nesting under-run: uid 1000 pkg android code 24 time=0 duration=0 nesting=0
08-22 23:40:42.159 20302 20390 I ActivityManager: Force stopping com.mapspvp appid=10102 user=-1: installPackageLI
08-22 23:40:42.296 20302 20409 I PackageManager: Package com.mapspvp codePath changed from /data/app/com.mapspvp--0RuZjk_rZkOSzsYG2UeLA== to /data/app/com.mapspvp-9jFdOTyPOQOkpoAFNwIRiw==; Retaining data and using new
08-22 23:40:42.297 20302 20409 W PackageManager: Code path for com.mapspvp changing from /data/app/com.mapspvp--0RuZjk_rZkOSzsYG2UeLA== to /data/app/com.mapspvp-9jFdOTyPOQOkpoAFNwIRiw==
08-22 23:40:42.297 20302 20409 W PackageManager: Resource path for com.mapspvp changing from /data/app/com.mapspvp--0RuZjk_rZkOSzsYG2UeLA== to /data/app/com.mapspvp-9jFdOTyPOQOkpoAFNwIRiw==
08-22 23:40:42.849 20302 20409 I ActivityManager: Force stopping com.mapspvp appid=10102 user=0: pkg removed
08-22 23:40:42.929 20302 21476 W BroadcastQueue: Background execution not allowed: receiving Intent { act=android.intent.action.PACKAGE_REMOVED dat=package:com.mapspvp flg=0x4000010 (has extras) } to com.google.android.googlequicksearchbox/com.google.android.apps.gsa.googlequicksearchbox.GelStubAppWatcher
08-22 23:40:42.953 20302 20302 I Telecom : DefaultDialerCache: Refreshing default dialer for user 0: now com.google.android.dialer: DDC.oR@AFI
08-22 23:40:43.018 20302 21478 W BroadcastQueue: Background execution not allowed: receiving Intent { act=android.intent.action.PACKAGE_ADDED dat=package:com.mapspvp flg=0x4000010 (has extras) } to com.google.android.googlequicksearchbox/com.google.android.apps.gsa.googlequicksearchbox.GelStubAppWatcher
08-22 23:40:43.021 20302 20390 W BroadcastQueue: Background execution not allowed: receiving Intent { act=android.intent.action.PACKAGE_ADDED dat=package:com.mapspvp flg=0x4000010 (has extras) } to com.google.android.ims/.receivers.RcsAutoStartReceiver
08-22 23:40:43.032 20302 21486 W BroadcastQueue: Background execution not allowed: receiving Intent { act=android.intent.action.PACKAGE_REPLACED dat=package:com.mapspvp flg=0x4000010 (has extras) } to com.google.android.apps.photos/.account.full.FetchAccountPropertiesAppUpgradeBroadcastReceiver
08-22 23:40:43.033 20302 20390 W BroadcastQueue: Background execution not allowed: receiving Intent { act=android.intent.action.PACKAGE_REPLACED dat=package:com.mapspvp flg=0x4000010 (has extras) } to com.google.android.apps.photos/.account.full.SyncAccountsForLoginBroadcastReceiver
08-22 23:40:43.034 20302 20390 W BroadcastQueue: Background execution not allowed: receiving Intent { act=android.intent.action.PACKAGE_REPLACED dat=package:com.mapspvp flg=0x4000010 (has extras) } to com.google.android.apps.photos/.experiments.phenotype.full.PhenotypeAppUpgradeBroadcastReceiver
08-22 23:40:43.038 20302 20390 W BroadcastQueue: Background execution not allowed: receiving Intent { act=android.intent.action.PACKAGE_REPLACED dat=package:com.mapspvp flg=0x4000010 (has extras) } to com.google.android.apps.photos/.notificationchannels.AppUpdateBroadcastReceiver
08-22 23:40:43.075 20302 20619 W BroadcastQueue: Background execution not allowed: receiving Intent { act=android.intent.action.PACKAGE_REPLACED dat=package:com.mapspvp flg=0x4000010 (has extras) } to com.google.android.googlequicksearchbox/com.google.android.apps.gsa.googlequicksearchbox.GelStubAppWatcher
08-22 23:40:43.076 20302 20390 W BroadcastQueue: Background execution not allowed: receiving Intent { act=android.intent.action.PACKAGE_REPLACED dat=package:com.mapspvp flg=0x4000010 (has extras) } to com.google.android.ims/.receivers.RcsAutoStartReceiver
08-22 23:40:43.319 20302 21478 I ActivityManager: START u0 {flg=0x10000000 cmp=com.mapspvp/.MainActivity} from uid 2000
08-22 23:40:43.344 20302 21487 I ActivityManager: Start proc 27534:com.mapspvp/u0a102 for activity com.mapspvp/.MainActivity
08-22 23:40:44.328 20302 21478 D BluetoothManagerService: Unregistered for death of com.google.android.gms
08-22 23:40:44.328 20302 21478 D BluetoothManagerService: 0 registered Ble Apps
08-22 23:40:48.990 27534 27534 E AndroidRuntime: FATAL EXCEPTION: main
08-22 23:40:48.990 27534 27534 E AndroidRuntime: Process: com.mapspvp, PID: 27534
08-22 23:40:48.990 27534 27534 E AndroidRuntime: java.lang.NoSuchMethodError: No static method toHumanReadableAscii(Ljava/lang/String;)Ljava/lang/String; in class Lokhttp3/internal/Util; or its super classes (declaration of 'okhttp3.internal.Util' appears in /data/app/com.mapspvp-9jFdOTyPOQOkpoAFNwIRiw==/base.apk)
08-22 23:40:48.990 27534 27534 E AndroidRuntime: 	at com.mapbox.services.android.telemetry.MapboxTelemetry.setUserAgent(MapboxTelemetry.java:315)
08-22 23:40:48.990 27534 27534 E AndroidRuntime: 	at com.mapbox.services.android.telemetry.MapboxTelemetry.initialize(MapboxTelemetry.java:174)
08-22 23:40:48.990 27534 27534 E AndroidRuntime: 	at com.mapbox.services.android.telemetry.MapboxTelemetry.initialize(MapboxTelemetry.java:125)
08-22 23:40:48.990 27534 27534 E AndroidRuntime: 	at com.mapbox.mapboxsdk.Mapbox.getInstance(Mapbox.java:60)
08-22 23:40:48.990 27534 27534 E AndroidRuntime: 	at com.mapbox.rctmgl.modules.RCTMGLModule$1.run(RCTMGLModule.java:279)
08-22 23:40:48.990 27534 27534 E AndroidRuntime: 	at android.os.Handler.handleCallback(Handler.java:789)
08-22 23:40:48.990 27534 27534 E AndroidRuntime: 	at android.os.Handler.dispatchMessage(Handler.java:98)
08-22 23:40:48.990 27534 27534 E AndroidRuntime: 	at com.facebook.react.bridge.queue.MessageQueueThreadHandler.dispatchMessage(MessageQueueThreadHandler.java:29)
08-22 23:40:48.990 27534 27534 E AndroidRuntime: 	at android.os.Looper.loop(Looper.java:172)
08-22 23:40:48.990 27534 27534 E AndroidRuntime: 	at android.app.ActivityThread.main(ActivityThread.java:6637)
08-22 23:40:48.990 27534 27534 E AndroidRuntime: 	at java.lang.reflect.Method.invoke(Native Method)
08-22 23:40:48.990 27534 27534 E AndroidRuntime: 	at com.android.internal.os.Zygote$MethodAndArgsCaller.run(Zygote.java:240)
08-22 23:40:48.990 27534 27534 E AndroidRuntime: 	at com.android.internal.os.ZygoteInit.main(ZygoteInit.java:767)
08-22 23:40:48.994 20302 21486 W ActivityManager:   Force finishing activity com.mapspvp/.MainActivity
08-22 23:40:48.999 20302 20391 I ActivityManager: Showing crash dialog for package com.mapspvp u0
08-22 23:40:49.368 20302 21478 I ActivityManager: START u0 {act=android.content.pm.action.REQUEST_PERMISSIONS pkg=com.google.android.packageinstaller cmp=com.google.android.packageinstaller/com.android.packageinstaller.permission.ui.GrantPermissionsActivity (has extras)} from uid 10102
08-22 23:40:49.368 20302 21478 W ActivityManager: startActivity called from finishing ActivityRecord{c61b7d3 u0 com.mapspvp/.MainActivity t184 f}; forcing Intent.FLAG_ACTIVITY_NEW_TASK for: Intent { act=android.content.pm.action.REQUEST_PERMISSIONS flg=0x800000 pkg=com.google.android.packageinstaller cmp=com.google.android.packageinstaller/com.android.packageinstaller.permission.ui.GrantPermissionsActivity (has extras) }
08-22 23:40:49.496 20302 20390 W ActivityManager: Activity pause timeout for ActivityRecord{c61b7d3 u0 com.mapspvp/.MainActivity t184 f}
08-22 23:40:49.974 20302 23292 D BluetoothManagerService: Registered for death of com.google.android.gms
08-22 23:40:49.974 20302 23292 D BluetoothManagerService: 1 registered Ble Apps
08-22 23:40:50.374 20302 20585 D WindowManager: width=1080height=1920
08-22 23:40:59.950 20302 20390 W ActivityManager: Activity destroy timeout for ActivityRecord{c61b7d3 u0 com.mapspvp/.MainActivity t184 f}
08-22 23:41:45.089 20302 20390 I ActivityManager: Force stopping com.mapspvp appid=10102 user=-1: installPackageLI
08-22 23:41:45.089 20302 20390 I ActivityManager: Killing 27534:com.mapspvp/u0a102 (adj 900): stop com.mapspvp
08-22 23:41:45.098 20302 21486 W ActivityManager: Ignoring remove of inactive process: ProcessRecord{c3efb4f 0:com.mapspvp/u0a102}
08-22 23:41:45.127 20302 20403 W ActivityManager: setHasOverlayUi called on unknown pid: 27534
08-22 23:41:45.242 20302 20409 I PackageManager: Package com.mapspvp codePath changed from /data/app/com.mapspvp-9jFdOTyPOQOkpoAFNwIRiw== to /data/app/com.mapspvp-_tt_jyU9v3Meu7P1UNobVg==; Retaining data and using new
08-22 23:41:45.242 20302 20409 W PackageManager: Code path for com.mapspvp changing from /data/app/com.mapspvp-9jFdOTyPOQOkpoAFNwIRiw== to /data/app/com.mapspvp-_tt_jyU9v3Meu7P1UNobVg==
08-22 23:41:45.242 20302 20409 W PackageManager: Resource path for com.mapspvp changing from /data/app/com.mapspvp-9jFdOTyPOQOkpoAFNwIRiw== to /data/app/com.mapspvp-_tt_jyU9v3Meu7P1UNobVg==
08-22 23:41:45.284 20302 20542 W AppOps  : Finishing op nesting under-run: uid 1000 pkg android code 24 time=0 duration=0 nesting=0
08-22 23:41:45.790 20302 20409 I ActivityManager: Force stopping com.mapspvp appid=10102 user=0: pkg removed
08-22 23:41:45.867 20302 21478 W BroadcastQueue: Background execution not allowed: receiving Intent { act=android.intent.action.PACKAGE_REMOVED dat=package:com.mapspvp flg=0x4000010 (has extras) } to com.google.android.googlequicksearchbox/com.google.android.apps.gsa.googlequicksearchbox.GelStubAppWatcher
08-22 23:41:45.884 20302 20302 I Telecom : DefaultDialerCache: Refreshing default dialer for user 0: now com.google.android.dialer: DDC.oR@AFQ
08-22 23:41:45.957 20302 23292 W BroadcastQueue: Background execution not allowed: receiving Intent { act=android.intent.action.PACKAGE_ADDED dat=package:com.mapspvp flg=0x4000010 (has extras) } to com.google.android.googlequicksearchbox/com.google.android.apps.gsa.googlequicksearchbox.GelStubAppWatcher
08-22 23:41:45.958 20302 20390 W BroadcastQueue: Background execution not allowed: receiving Intent { act=android.intent.action.PACKAGE_ADDED dat=package:com.mapspvp flg=0x4000010 (has extras) } to com.google.android.ims/.receivers.RcsAutoStartReceiver
08-22 23:41:45.969 20302 20756 W BroadcastQueue: Background execution not allowed: receiving Intent { act=android.intent.action.PACKAGE_REPLACED dat=package:com.mapspvp flg=0x4000010 (has extras) } to com.google.android.apps.photos/.account.full.FetchAccountPropertiesAppUpgradeBroadcastReceiver
08-22 23:41:45.970 20302 20390 W BroadcastQueue: Background execution not allowed: receiving Intent { act=android.intent.action.PACKAGE_REPLACED dat=package:com.mapspvp flg=0x4000010 (has extras) } to com.google.android.apps.photos/.account.full.SyncAccountsForLoginBroadcastReceiver
08-22 23:41:45.971 20302 20390 W BroadcastQueue: Background execution not allowed: receiving Intent { act=android.intent.action.PACKAGE_REPLACED dat=package:com.mapspvp flg=0x4000010 (has extras) } to com.google.android.apps.photos/.experiments.phenotype.full.PhenotypeAppUpgradeBroadcastReceiver
08-22 23:41:45.972 20302 20390 W BroadcastQueue: Background execution not allowed: receiving Intent { act=android.intent.action.PACKAGE_REPLACED dat=package:com.mapspvp flg=0x4000010 (has extras) } to com.google.android.apps.photos/.notificationchannels.AppUpdateBroadcastReceiver
08-22 23:41:45.988 20302 23292 W BroadcastQueue: Background execution not allowed: receiving Intent { act=android.intent.action.PACKAGE_REPLACED dat=package:com.mapspvp flg=0x4000010 (has extras) } to com.google.android.googlequicksearchbox/com.google.android.apps.gsa.googlequicksearchbox.GelStubAppWatcher
08-22 23:41:45.988 20302 20390 W BroadcastQueue: Background execution not allowed: receiving Intent { act=android.intent.action.PACKAGE_REPLACED dat=package:com.mapspvp flg=0x4000010 (has extras) } to com.google.android.ims/.receivers.RcsAutoStartReceiver
08-22 23:41:46.252 20302 20619 I ActivityManager: START u0 {flg=0x10000000 cmp=com.mapspvp/.MainActivity} from uid 2000
08-22 23:41:46.277 20302 21486 I ActivityManager: Start proc 27680:com.mapspvp/u0a102 for activity com.mapspvp/.MainActivity
08-22 23:41:47.246 20302 21486 D BluetoothManagerService: Unregistered for death of com.google.android.gms
08-22 23:41:47.246 20302 21486 D BluetoothManagerService: 0 registered Ble Apps
08-22 23:41:49.498 27680 27680 E AndroidRuntime: FATAL EXCEPTION: main
08-22 23:41:49.498 27680 27680 E AndroidRuntime: Process: com.mapspvp, PID: 27680
08-22 23:41:49.498 27680 27680 E AndroidRuntime: java.lang.NoSuchMethodError: No static method toHumanReadableAscii(Ljava/lang/String;)Ljava/lang/String; in class Lokhttp3/internal/Util; or its super classes (declaration of 'okhttp3.internal.Util' appears in /data/app/com.mapspvp-_tt_jyU9v3Meu7P1UNobVg==/base.apk)
08-22 23:41:49.498 27680 27680 E AndroidRuntime: 	at com.mapbox.services.android.telemetry.MapboxTelemetry.setUserAgent(MapboxTelemetry.java:315)
08-22 23:41:49.498 27680 27680 E AndroidRuntime: 	at com.mapbox.services.android.telemetry.MapboxTelemetry.initialize(MapboxTelemetry.java:174)
08-22 23:41:49.498 27680 27680 E AndroidRuntime: 	at com.mapbox.services.android.telemetry.MapboxTelemetry.initialize(MapboxTelemetry.java:125)
08-22 23:41:49.498 27680 27680 E AndroidRuntime: 	at com.mapbox.mapboxsdk.Mapbox.getInstance(Mapbox.java:60)
08-22 23:41:49.498 27680 27680 E AndroidRuntime: 	at com.mapbox.rctmgl.modules.RCTMGLModule$1.run(RCTMGLModule.java:279)
08-22 23:41:49.498 27680 27680 E AndroidRuntime: 	at android.os.Handler.handleCallback(Handler.java:789)
08-22 23:41:49.498 27680 27680 E AndroidRuntime: 	at android.os.Handler.dispatchMessage(Handler.java:98)
08-22 23:41:49.498 27680 27680 E AndroidRuntime: 	at com.facebook.react.bridge.queue.MessageQueueThreadHandler.dispatchMessage(MessageQueueThreadHandler.java:29)
08-22 23:41:49.498 27680 27680 E AndroidRuntime: 	at android.os.Looper.loop(Looper.java:172)
08-22 23:41:49.498 27680 27680 E AndroidRuntime: 	at android.app.ActivityThread.main(ActivityThread.java:6637)
08-22 23:41:49.498 27680 27680 E AndroidRuntime: 	at java.lang.reflect.Method.invoke(Native Method)
08-22 23:41:49.498 27680 27680 E AndroidRuntime: 	at com.android.internal.os.Zygote$MethodAndArgsCaller.run(Zygote.java:240)
08-22 23:41:49.498 27680 27680 E AndroidRuntime: 	at com.android.internal.os.ZygoteInit.main(ZygoteInit.java:767)
08-22 23:41:49.502 20302 21486 W ActivityManager:   Force finishing activity com.mapspvp/.MainActivity
08-22 23:41:49.506 20302 20391 I ActivityManager: Showing crash dialog for package com.mapspvp u0
08-22 23:41:49.873 20302 24063 I ActivityManager: START u0 {act=android.content.pm.action.REQUEST_PERMISSIONS pkg=com.google.android.packageinstaller cmp=com.google.android.packageinstaller/com.android.packageinstaller.permission.ui.GrantPermissionsActivity (has extras)} from uid 10102
08-22 23:41:49.873 20302 24063 W ActivityManager: startActivity called from finishing ActivityRecord{1f39273 u0 com.mapspvp/.MainActivity t186 f}; forcing Intent.FLAG_ACTIVITY_NEW_TASK for: Intent { act=android.content.pm.action.REQUEST_PERMISSIONS flg=0x800000 pkg=com.google.android.packageinstaller cmp=com.google.android.packageinstaller/com.android.packageinstaller.permission.ui.GrantPermissionsActivity (has extras) }
08-22 23:41:50.004 20302 20390 W ActivityManager: Activity pause timeout for ActivityRecord{1f39273 u0 com.mapspvp/.MainActivity t186 f}
08-22 23:41:50.459 20302 20756 D BluetoothManagerService: Registered for death of com.google.android.gms
08-22 23:41:50.459 20302 20756 D BluetoothManagerService: 1 registered Ble Apps
08-22 23:41:50.981 20302 20585 D WindowManager: width=1080height=1920
08-22 23:42:00.434 20302 20390 W ActivityManager: Activity destroy timeout for ActivityRecord{1f39273 u0 com.mapspvp/.MainActivity t186 f}
08-22 23:42:02.663 20302 20390 W BroadcastQueue: Background execution not allowed: receiving Intent { act=android.intent.action.ACTION_POWER_DISCONNECTED flg=0x4000010 (has extras) } to com.google.android.apps.photos/.scheduler.PowerReceiver
08-22 23:42:02.665 20302 20393 E BatteryStatsService: no controller energy info supplied
08-22 23:42:02.681 20302 20393 E KernelUidCpuFreqTimeReader: Failed to read /proc/uid_time_in_state: java.io.FileNotFoundException: /proc/uid_time_in_state (No such file or directory)
08-22 23:42:02.694 20302 20393 I BatteryStatsImpl: Resetting battery stats: level=100 status=5 dischargeLevel=100 lowAmount=0 highAmount=0
08-22 23:42:03.857 20302 21487 I ActivityManager: Killing 23935:com.google.android.configupdater/u0a4 (adj 906): empty #17
08-22 23:42:05.399 20302 20393 E BatteryStatsService: no controller energy info supplied
08-22 23:42:05.399 20302 20390 W BroadcastQueue: Background execution not allowed: receiving Intent { act=android.intent.action.ACTION_POWER_CONNECTED flg=0x4000010 (has extras) } to com.google.android.apps.photos/.scheduler.PowerReceiver
08-22 23:42:05.400 20302 20302 I EntropyMixer: Writing entropy...
08-22 23:42:05.415 20302 20393 E KernelUidCpuFreqTimeReader: Failed to read /proc/uid_time_in_state: java.io.FileNotFoundException: /proc/uid_time_in_state (No such file or directory)
08-22 23:42:10.631 20302 23292 W ActivityManager: Background start not allowed: service Intent { flg=0x10 cmp=com.koushikdutta.vysor/.VysorIME (has extras) } to com.koushikdutta.vysor/.VysorIME from pid=26191 uid=10097 pkg=com.koushikdutta.vysor
08-22 23:42:15.382 20302 21486 I ActivityManager: Killing 27680:com.mapspvp/u0a102 (adj 900): crash
08-22 23:42:15.425 20302 21486 W InputMethodManagerService: Got RemoteException sending setActive(false) notification to pid 27680 uid 10102
08-22 23:42:15.426 20302 20403 W ActivityManager: setHasOverlayUi called on unknown pid: 27680
08-22 23:42:15.624 20302 20542 W AppOps  : Finishing op nesting under-run: uid 1000 pkg android code 24 time=0 duration=0 nesting=0
08-22 23:42:24.236 20302 20390 I ActivityManager: Force stopping com.mapspvp appid=10102 user=-1: installPackageLI
08-22 23:42:24.361 20302 20409 I PackageManager: Package com.mapspvp codePath changed from /data/app/com.mapspvp-_tt_jyU9v3Meu7P1UNobVg== to /data/app/com.mapspvp-qrP-kGvH4Q72Grr6Ybiy-Q==; Retaining data and using new
08-22 23:42:24.362 20302 20409 W PackageManager: Code path for com.mapspvp changing from /data/app/com.mapspvp-_tt_jyU9v3Meu7P1UNobVg== to /data/app/com.mapspvp-qrP-kGvH4Q72Grr6Ybiy-Q==
08-22 23:42:24.362 20302 20409 W PackageManager: Resource path for com.mapspvp changing from /data/app/com.mapspvp-_tt_jyU9v3Meu7P1UNobVg== to /data/app/com.mapspvp-qrP-kGvH4Q72Grr6Ybiy-Q==
08-22 23:42:24.902 20302 20409 I ActivityManager: Force stopping com.mapspvp appid=10102 user=0: pkg removed
08-22 23:42:24.983 20302 20755 W BroadcastQueue: Background execution not allowed: receiving Intent { act=android.intent.action.PACKAGE_REMOVED dat=package:com.mapspvp flg=0x4000010 (has extras) } to com.google.android.googlequicksearchbox/com.google.android.apps.gsa.googlequicksearchbox.GelStubAppWatcher
08-22 23:42:25.006 20302 20302 I Telecom : DefaultDialerCache: Refreshing default dialer for user 0: now com.google.android.dialer: DDC.oR@AFg
08-22 23:42:25.080 20302 23292 W BroadcastQueue: Background execution not allowed: receiving Intent { act=android.intent.action.PACKAGE_ADDED dat=package:com.mapspvp flg=0x4000010 (has extras) } to com.google.android.googlequicksearchbox/com.google.android.apps.gsa.googlequicksearchbox.GelStubAppWatcher
08-22 23:42:25.082 20302 20390 W BroadcastQueue: Background execution not allowed: receiving Intent { act=android.intent.action.PACKAGE_ADDED dat=package:com.mapspvp flg=0x4000010 (has extras) } to com.google.android.ims/.receivers.RcsAutoStartReceiver
08-22 23:42:25.096 20302 24063 W BroadcastQueue: Background execution not allowed: receiving Intent { act=android.intent.action.PACKAGE_REPLACED dat=package:com.mapspvp flg=0x4000010 (has extras) } to com.google.android.apps.photos/.account.full.FetchAccountPropertiesAppUpgradeBroadcastReceiver
08-22 23:42:25.096 20302 20390 W BroadcastQueue: Background execution not allowed: receiving Intent { act=android.intent.action.PACKAGE_REPLACED dat=package:com.mapspvp flg=0x4000010 (has extras) } to com.google.android.apps.photos/.account.full.SyncAccountsForLoginBroadcastReceiver
08-22 23:42:25.096 20302 20390 W BroadcastQueue: Background execution not allowed: receiving Intent { act=android.intent.action.PACKAGE_REPLACED dat=package:com.mapspvp flg=0x4000010 (has extras) } to com.google.android.apps.photos/.experiments.phenotype.full.PhenotypeAppUpgradeBroadcastReceiver
08-22 23:42:25.096 20302 20390 W BroadcastQueue: Background execution not allowed: receiving Intent { act=android.intent.action.PACKAGE_REPLACED dat=package:com.mapspvp flg=0x4000010 (has extras) } to com.google.android.apps.photos/.notificationchannels.AppUpdateBroadcastReceiver
08-22 23:42:25.134 20302 21478 W BroadcastQueue: Background execution not allowed: receiving Intent { act=android.intent.action.PACKAGE_REPLACED dat=package:com.mapspvp flg=0x4000010 (has extras) } to com.google.android.googlequicksearchbox/com.google.android.apps.gsa.googlequicksearchbox.GelStubAppWatcher
08-22 23:42:25.135 20302 20390 W BroadcastQueue: Background execution not allowed: receiving Intent { act=android.intent.action.PACKAGE_REPLACED dat=package:com.mapspvp flg=0x4000010 (has extras) } to com.google.android.ims/.receivers.RcsAutoStartReceiver
08-22 23:42:25.365 20302 21476 I ActivityManager: START u0 {flg=0x10000000 cmp=com.mapspvp/.MainActivity} from uid 2000
08-22 23:42:25.392 20302 21486 I ActivityManager: Start proc 27927:com.mapspvp/u0a102 for activity com.mapspvp/.MainActivity
08-22 23:42:26.393 20302 20756 D BluetoothManagerService: Unregistered for death of com.google.android.gms
08-22 23:42:26.393 20302 20756 D BluetoothManagerService: 0 registered Ble Apps
08-22 23:42:28.630 27927 27927 E AndroidRuntime: FATAL EXCEPTION: main
08-22 23:42:28.630 27927 27927 E AndroidRuntime: Process: com.mapspvp, PID: 27927
08-22 23:42:28.630 27927 27927 E AndroidRuntime: java.lang.NoSuchMethodError: No static method toHumanReadableAscii(Ljava/lang/String;)Ljava/lang/String; in class Lokhttp3/internal/Util; or its super classes (declaration of 'okhttp3.internal.Util' appears in /data/app/com.mapspvp-qrP-kGvH4Q72Grr6Ybiy-Q==/base.apk)
08-22 23:42:28.630 27927 27927 E AndroidRuntime: 	at com.mapbox.services.android.telemetry.MapboxTelemetry.setUserAgent(MapboxTelemetry.java:315)
08-22 23:42:28.630 27927 27927 E AndroidRuntime: 	at com.mapbox.services.android.telemetry.MapboxTelemetry.initialize(MapboxTelemetry.java:174)
08-22 23:42:28.630 27927 27927 E AndroidRuntime: 	at com.mapbox.services.android.telemetry.MapboxTelemetry.initialize(MapboxTelemetry.java:125)
08-22 23:42:28.630 27927 27927 E AndroidRuntime: 	at com.mapbox.mapboxsdk.Mapbox.getInstance(Mapbox.java:60)
08-22 23:42:28.630 27927 27927 E AndroidRuntime: 	at com.mapbox.rctmgl.modules.RCTMGLModule$1.run(RCTMGLModule.java:279)
08-22 23:42:28.630 27927 27927 E AndroidRuntime: 	at android.os.Handler.handleCallback(Handler.java:789)
08-22 23:42:28.630 27927 27927 E AndroidRuntime: 	at android.os.Handler.dispatchMessage(Handler.java:98)
08-22 23:42:28.630 27927 27927 E AndroidRuntime: 	at com.facebook.react.bridge.queue.MessageQueueThreadHandler.dispatchMessage(MessageQueueThreadHandler.java:29)
08-22 23:42:28.630 27927 27927 E AndroidRuntime: 	at android.os.Looper.loop(Looper.java:172)
08-22 23:42:28.630 27927 27927 E AndroidRuntime: 	at android.app.ActivityThread.main(ActivityThread.java:6637)
08-22 23:42:28.630 27927 27927 E AndroidRuntime: 	at java.lang.reflect.Method.invoke(Native Method)
08-22 23:42:28.630 27927 27927 E AndroidRuntime: 	at com.android.internal.os.Zygote$MethodAndArgsCaller.run(Zygote.java:240)
08-22 23:42:28.630 27927 27927 E AndroidRuntime: 	at com.android.internal.os.ZygoteInit.main(ZygoteInit.java:767)
08-22 23:42:28.634 20302 21476 W ActivityManager:   Force finishing activity com.mapspvp/.MainActivity
08-22 23:42:28.643 20302 20391 I ActivityManager: Showing crash dialog for package com.mapspvp u0
08-22 23:42:28.998 20302 20756 I ActivityManager: START u0 {act=android.content.pm.action.REQUEST_PERMISSIONS pkg=com.google.android.packageinstaller cmp=com.google.android.packageinstaller/com.android.packageinstaller.permission.ui.GrantPermissionsActivity (has extras)} from uid 10102
08-22 23:42:28.999 20302 20756 W ActivityManager: startActivity called from finishing ActivityRecord{b2fd798 u0 com.mapspvp/.MainActivity t188 f}; forcing Intent.FLAG_ACTIVITY_NEW_TASK for: Intent { act=android.content.pm.action.REQUEST_PERMISSIONS flg=0x800000 pkg=com.google.android.packageinstaller cmp=com.google.android.packageinstaller/com.android.packageinstaller.permission.ui.GrantPermissionsActivity (has extras) }
08-22 23:42:29.137 20302 20390 W ActivityManager: Activity pause timeout for ActivityRecord{b2fd798 u0 com.mapspvp/.MainActivity t188 f}
08-22 23:42:29.624 20302 20755 D BluetoothManagerService: Registered for death of com.google.android.gms
08-22 23:42:29.624 20302 20755 D BluetoothManagerService: 1 registered Ble Apps
08-22 23:42:30.108 20302 20585 D WindowManager: width=1080height=1920
08-22 23:42:38.698 20302 21476 W ActivityManager:   Force finishing activity com.mapspvp/.MainActivity
08-22 23:42:38.724 20302 21476 I ActivityManager: Killing 27927:com.mapspvp/u0a102 (adj 900): crash
08-22 23:42:38.765 20302 20403 W ActivityManager: setHasOverlayUi called on unknown pid: 27927
08-22 23:42:38.884 20302 20542 W AppOps  : Finishing op nesting under-run: uid 1000 pkg android code 24 time=0 duration=0 nesting=0
08-22 23:42:53.533 20302 20390 I ActivityManager: Force stopping com.mapspvp appid=10102 user=-1: installPackageLI
08-22 23:42:53.662 20302 20409 I PackageManager: Package com.mapspvp codePath changed from /data/app/com.mapspvp-qrP-kGvH4Q72Grr6Ybiy-Q== to /data/app/com.mapspvp-LJodrUWfmMbk8gifo510dw==; Retaining data and using new
08-22 23:42:53.663 20302 20409 W PackageManager: Code path for com.mapspvp changing from /data/app/com.mapspvp-qrP-kGvH4Q72Grr6Ybiy-Q== to /data/app/com.mapspvp-LJodrUWfmMbk8gifo510dw==
08-22 23:42:53.663 20302 20409 W PackageManager: Resource path for com.mapspvp changing from /data/app/com.mapspvp-qrP-kGvH4Q72Grr6Ybiy-Q== to /data/app/com.mapspvp-LJodrUWfmMbk8gifo510dw==
08-22 23:42:54.181 20302 20409 I ActivityManager: Force stopping com.mapspvp appid=10102 user=0: pkg removed
08-22 23:42:54.258 20302 20344 W BroadcastQueue: Background execution not allowed: receiving Intent { act=android.intent.action.PACKAGE_REMOVED dat=package:com.mapspvp flg=0x4000010 (has extras) } to com.google.android.googlequicksearchbox/com.google.android.apps.gsa.googlequicksearchbox.GelStubAppWatcher
08-22 23:42:54.269 20302 20302 I Telecom : DefaultDialerCache: Refreshing default dialer for user 0: now com.google.android.dialer: DDC.oR@AFw
08-22 23:42:54.354 20302 20755 W BroadcastQueue: Background execution not allowed: receiving Intent { act=android.intent.action.PACKAGE_ADDED dat=package:com.mapspvp flg=0x4000010 (has extras) } to com.google.android.googlequicksearchbox/com.google.android.apps.gsa.googlequicksearchbox.GelStubAppWatcher
08-22 23:42:54.355 20302 20390 W BroadcastQueue: Background execution not allowed: receiving Intent { act=android.intent.action.PACKAGE_ADDED dat=package:com.mapspvp flg=0x4000010 (has extras) } to com.google.android.ims/.receivers.RcsAutoStartReceiver
08-22 23:42:54.369 20302 20755 W BroadcastQueue: Background execution not allowed: receiving Intent { act=android.intent.action.PACKAGE_REPLACED dat=package:com.mapspvp flg=0x4000010 (has extras) } to com.google.android.apps.photos/.account.full.FetchAccountPropertiesAppUpgradeBroadcastReceiver
08-22 23:42:54.372 20302 20390 W BroadcastQueue: Background execution not allowed: receiving Intent { act=android.intent.action.PACKAGE_REPLACED dat=package:com.mapspvp flg=0x4000010 (has extras) } to com.google.android.apps.photos/.account.full.SyncAccountsForLoginBroadcastReceiver
08-22 23:42:54.372 20302 20390 W BroadcastQueue: Background execution not allowed: receiving Intent { act=android.intent.action.PACKAGE_REPLACED dat=package:com.mapspvp flg=0x4000010 (has extras) } to com.google.android.apps.photos/.experiments.phenotype.full.PhenotypeAppUpgradeBroadcastReceiver
08-22 23:42:54.372 20302 20390 W BroadcastQueue: Background execution not allowed: receiving Intent { act=android.intent.action.PACKAGE_REPLACED dat=package:com.mapspvp flg=0x4000010 (has extras) } to com.google.android.apps.photos/.notificationchannels.AppUpdateBroadcastReceiver
08-22 23:42:54.406 20302 20755 W BroadcastQueue: Background execution not allowed: receiving Intent { act=android.intent.action.PACKAGE_REPLACED dat=package:com.mapspvp flg=0x4000010 (has extras) } to com.google.android.googlequicksearchbox/com.google.android.apps.gsa.googlequicksearchbox.GelStubAppWatcher
08-22 23:42:54.406 20302 20390 W BroadcastQueue: Background execution not allowed: receiving Intent { act=android.intent.action.PACKAGE_REPLACED dat=package:com.mapspvp flg=0x4000010 (has extras) } to com.google.android.ims/.receivers.RcsAutoStartReceiver
08-22 23:42:54.667 20302 21493 I ActivityManager: START u0 {flg=0x10000000 cmp=com.mapspvp/.MainActivity} from uid 2000
08-22 23:42:54.692 20302 24063 I ActivityManager: Start proc 28064:com.mapspvp/u0a102 for activity com.mapspvp/.MainActivity
08-22 23:42:55.646 20302 21493 D BluetoothManagerService: Unregistered for death of com.google.android.gms
08-22 23:42:55.646 20302 21493 D BluetoothManagerService: 0 registered Ble Apps
08-22 23:42:57.888 28064 28064 E AndroidRuntime: FATAL EXCEPTION: main
08-22 23:42:57.888 28064 28064 E AndroidRuntime: Process: com.mapspvp, PID: 28064
08-22 23:42:57.888 28064 28064 E AndroidRuntime: java.lang.NoSuchMethodError: No static method toHumanReadableAscii(Ljava/lang/String;)Ljava/lang/String; in class Lokhttp3/internal/Util; or its super classes (declaration of 'okhttp3.internal.Util' appears in /data/app/com.mapspvp-LJodrUWfmMbk8gifo510dw==/base.apk)
08-22 23:42:57.888 28064 28064 E AndroidRuntime: 	at com.mapbox.services.android.telemetry.MapboxTelemetry.setUserAgent(MapboxTelemetry.java:315)
08-22 23:42:57.888 28064 28064 E AndroidRuntime: 	at com.mapbox.services.android.telemetry.MapboxTelemetry.initialize(MapboxTelemetry.java:174)
08-22 23:42:57.888 28064 28064 E AndroidRuntime: 	at com.mapbox.services.android.telemetry.MapboxTelemetry.initialize(MapboxTelemetry.java:125)
08-22 23:42:57.888 28064 28064 E AndroidRuntime: 	at com.mapbox.mapboxsdk.Mapbox.getInstance(Mapbox.java:60)
08-22 23:42:57.888 28064 28064 E AndroidRuntime: 	at com.mapbox.rctmgl.modules.RCTMGLModule$1.run(RCTMGLModule.java:279)
08-22 23:42:57.888 28064 28064 E AndroidRuntime: 	at android.os.Handler.handleCallback(Handler.java:789)
08-22 23:42:57.888 28064 28064 E AndroidRuntime: 	at android.os.Handler.dispatchMessage(Handler.java:98)
08-22 23:42:57.888 28064 28064 E AndroidRuntime: 	at com.facebook.react.bridge.queue.MessageQueueThreadHandler.dispatchMessage(MessageQueueThreadHandler.java:29)
08-22 23:42:57.888 28064 28064 E AndroidRuntime: 	at android.os.Looper.loop(Looper.java:172)
08-22 23:42:57.888 28064 28064 E AndroidRuntime: 	at android.app.ActivityThread.main(ActivityThread.java:6637)
08-22 23:42:57.888 28064 28064 E AndroidRuntime: 	at java.lang.reflect.Method.invoke(Native Method)
08-22 23:42:57.888 28064 28064 E AndroidRuntime: 	at com.android.internal.os.Zygote$MethodAndArgsCaller.run(Zygote.java:240)
08-22 23:42:57.888 28064 28064 E AndroidRuntime: 	at com.android.internal.os.ZygoteInit.main(ZygoteInit.java:767)
08-22 23:42:57.893 20302 20344 W ActivityManager:   Force finishing activity com.mapspvp/.MainActivity
08-22 23:42:57.898 20302 20391 I ActivityManager: Showing crash dialog for package com.mapspvp u0
08-22 23:42:58.260 20302 20755 I ActivityManager: START u0 {act=android.content.pm.action.REQUEST_PERMISSIONS pkg=com.google.android.packageinstaller cmp=com.google.android.packageinstaller/com.android.packageinstaller.permission.ui.GrantPermissionsActivity (has extras)} from uid 10102
08-22 23:42:58.260 20302 20755 W ActivityManager: startActivity called from finishing ActivityRecord{63ae27a u0 com.mapspvp/.MainActivity t190 f}; forcing Intent.FLAG_ACTIVITY_NEW_TASK for: Intent { act=android.content.pm.action.REQUEST_PERMISSIONS flg=0x800000 pkg=com.google.android.packageinstaller cmp=com.google.android.packageinstaller/com.android.packageinstaller.permission.ui.GrantPermissionsActivity (has extras) }
08-22 23:42:58.396 20302 20390 W ActivityManager: Activity pause timeout for ActivityRecord{63ae27a u0 com.mapspvp/.MainActivity t190 f}
08-22 23:42:58.843 20302 24063 D BluetoothManagerService: Registered for death of com.google.android.gms
08-22 23:42:58.843 20302 24063 D BluetoothManagerService: 1 registered Ble Apps
08-22 23:42:59.317 20302 20585 D WindowManager: width=1080height=1920
08-22 23:43:08.787 20302 20390 W ActivityManager: Activity destroy timeout for ActivityRecord{63ae27a u0 com.mapspvp/.MainActivity t190 f}
08-22 23:43:26.161 20302 20393 E BatteryStatsService: no controller energy info supplied
08-22 23:43:33.927 20302 20389 I ProcessStatsService: Pruning old procstats: /data/system/procstats/state-1970-11-06-04-13-47.bin
08-22 23:43:54.001 20302 20619 I ActivityManager: Killing 22821:com.google.android.gms.unstable/u0a14 (adj 906): empty for 1800s
08-22 23:44:00.005 20302 20302 I ActivityManager: Killing 24149:com.google.android.ext.services/u0a15 (adj 906): empty for 1802s
08-22 23:47:41.581 20302 20344 I ActivityManager: Killing 28064:com.mapspvp/u0a102 (adj 900): crash
08-22 23:47:41.632 20302 20403 W ActivityManager: setHasOverlayUi called on unknown pid: 28064
08-22 23:47:41.830 20302 20542 W AppOps  : Finishing op nesting under-run: uid 1000 pkg android code 24 time=0 duration=0 nesting=0
08-22 23:48:06.249 20302 20390 I ActivityManager: Force stopping com.mapspvp appid=10102 user=-1: installPackageLI
08-22 23:48:06.385 20302 20409 I PackageManager: Package com.mapspvp codePath changed from /data/app/com.mapspvp-LJodrUWfmMbk8gifo510dw== to /data/app/com.mapspvp-qx2_L2s5K7-ckLMXIfAknA==; Retaining data and using new
08-22 23:48:06.386 20302 20409 W PackageManager: Code path for com.mapspvp changing from /data/app/com.mapspvp-LJodrUWfmMbk8gifo510dw== to /data/app/com.mapspvp-qx2_L2s5K7-ckLMXIfAknA==
08-22 23:48:06.386 20302 20409 W PackageManager: Resource path for com.mapspvp changing from /data/app/com.mapspvp-LJodrUWfmMbk8gifo510dw== to /data/app/com.mapspvp-qx2_L2s5K7-ckLMXIfAknA==
08-22 23:48:06.940 20302 20409 I ActivityManager: Force stopping com.mapspvp appid=10102 user=0: pkg removed
08-22 23:48:07.017 20302 21476 W BroadcastQueue: Background execution not allowed: receiving Intent { act=android.intent.action.PACKAGE_REMOVED dat=package:com.mapspvp flg=0x4000010 (has extras) } to com.google.android.googlequicksearchbox/com.google.android.apps.gsa.googlequicksearchbox.GelStubAppWatcher
08-22 23:48:07.058 20302 20302 I Telecom : DefaultDialerCache: Refreshing default dialer for user 0: now com.google.android.dialer: DDC.oR@AGI
08-22 23:48:07.101 20302 24063 W BroadcastQueue: Background execution not allowed: receiving Intent { act=android.intent.action.PACKAGE_ADDED dat=package:com.mapspvp flg=0x4000010 (has extras) } to com.google.android.googlequicksearchbox/com.google.android.apps.gsa.googlequicksearchbox.GelStubAppWatcher
08-22 23:48:07.103 20302 20390 W BroadcastQueue: Background execution not allowed: receiving Intent { act=android.intent.action.PACKAGE_ADDED dat=package:com.mapspvp flg=0x4000010 (has extras) } to com.google.android.ims/.receivers.RcsAutoStartReceiver
08-22 23:48:07.113 20302 20755 W BroadcastQueue: Background execution not allowed: receiving Intent { act=android.intent.action.PACKAGE_REPLACED dat=package:com.mapspvp flg=0x4000010 (has extras) } to com.google.android.apps.photos/.account.full.FetchAccountPropertiesAppUpgradeBroadcastReceiver
08-22 23:48:07.114 20302 20390 W BroadcastQueue: Background execution not allowed: receiving Intent { act=android.intent.action.PACKAGE_REPLACED dat=package:com.mapspvp flg=0x4000010 (has extras) } to com.google.android.apps.photos/.account.full.SyncAccountsForLoginBroadcastReceiver
08-22 23:48:07.115 20302 20390 W BroadcastQueue: Background execution not allowed: receiving Intent { act=android.intent.action.PACKAGE_REPLACED dat=package:com.mapspvp flg=0x4000010 (has extras) } to com.google.android.apps.photos/.experiments.phenotype.full.PhenotypeAppUpgradeBroadcastReceiver
08-22 23:48:07.116 20302 20390 W BroadcastQueue: Background execution not allowed: receiving Intent { act=android.intent.action.PACKAGE_REPLACED dat=package:com.mapspvp flg=0x4000010 (has extras) } to com.google.android.apps.photos/.notificationchannels.AppUpdateBroadcastReceiver
08-22 23:48:07.155 20302 21487 W BroadcastQueue: Background execution not allowed: receiving Intent { act=android.intent.action.PACKAGE_REPLACED dat=package:com.mapspvp flg=0x4000010 (has extras) } to com.google.android.googlequicksearchbox/com.google.android.apps.gsa.googlequicksearchbox.GelStubAppWatcher
08-22 23:48:07.157 20302 20390 W BroadcastQueue: Background execution not allowed: receiving Intent { act=android.intent.action.PACKAGE_REPLACED dat=package:com.mapspvp flg=0x4000010 (has extras) } to com.google.android.ims/.receivers.RcsAutoStartReceiver
08-22 23:48:07.401 20302 20755 I ActivityManager: START u0 {flg=0x10000000 cmp=com.mapspvp/.MainActivity} from uid 2000
08-22 23:48:07.427 20302 23292 I ActivityManager: Start proc 28250:com.mapspvp/u0a102 for activity com.mapspvp/.MainActivity
08-22 23:48:08.411 20302 20755 D BluetoothManagerService: Unregistered for death of com.google.android.gms
08-22 23:48:08.411 20302 20755 D BluetoothManagerService: 0 registered Ble Apps
08-22 23:48:13.919 28250 28250 E AndroidRuntime: FATAL EXCEPTION: main
08-22 23:48:13.919 28250 28250 E AndroidRuntime: Process: com.mapspvp, PID: 28250
08-22 23:48:13.919 28250 28250 E AndroidRuntime: java.lang.NoSuchMethodError: No static method toHumanReadableAscii(Ljava/lang/String;)Ljava/lang/String; in class Lokhttp3/internal/Util; or its super classes (declaration of 'okhttp3.internal.Util' appears in /data/app/com.mapspvp-qx2_L2s5K7-ckLMXIfAknA==/base.apk)
08-22 23:48:13.919 28250 28250 E AndroidRuntime: 	at com.mapbox.services.android.telemetry.MapboxTelemetry.setUserAgent(MapboxTelemetry.java:315)
08-22 23:48:13.919 28250 28250 E AndroidRuntime: 	at com.mapbox.services.android.telemetry.MapboxTelemetry.initialize(MapboxTelemetry.java:174)
08-22 23:48:13.919 28250 28250 E AndroidRuntime: 	at com.mapbox.services.android.telemetry.MapboxTelemetry.initialize(MapboxTelemetry.java:125)
08-22 23:48:13.919 28250 28250 E AndroidRuntime: 	at com.mapbox.mapboxsdk.Mapbox.getInstance(Mapbox.java:60)
08-22 23:48:13.919 28250 28250 E AndroidRuntime: 	at com.mapbox.rctmgl.modules.RCTMGLModule$1.run(RCTMGLModule.java:279)
08-22 23:48:13.919 28250 28250 E AndroidRuntime: 	at android.os.Handler.handleCallback(Handler.java:789)
08-22 23:48:13.919 28250 28250 E AndroidRuntime: 	at android.os.Handler.dispatchMessage(Handler.java:98)
08-22 23:48:13.919 28250 28250 E AndroidRuntime: 	at com.facebook.react.bridge.queue.MessageQueueThreadHandler.dispatchMessage(MessageQueueThreadHandler.java:29)
08-22 23:48:13.919 28250 28250 E AndroidRuntime: 	at android.os.Looper.loop(Looper.java:172)
08-22 23:48:13.919 28250 28250 E AndroidRuntime: 	at android.app.ActivityThread.main(ActivityThread.java:6637)
08-22 23:48:13.919 28250 28250 E AndroidRuntime: 	at java.lang.reflect.Method.invoke(Native Method)
08-22 23:48:13.919 28250 28250 E AndroidRuntime: 	at com.android.internal.os.Zygote$MethodAndArgsCaller.run(Zygote.java:240)
08-22 23:48:13.919 28250 28250 E AndroidRuntime: 	at com.android.internal.os.ZygoteInit.main(ZygoteInit.java:767)
08-22 23:48:13.923 20302 20755 W ActivityManager:   Force finishing activity com.mapspvp/.MainActivity
08-22 23:48:13.933 20302 20391 I ActivityManager: Showing crash dialog for package com.mapspvp u0
08-22 23:48:14.304 20302 21478 I ActivityManager: START u0 {act=android.content.pm.action.REQUEST_PERMISSIONS pkg=com.google.android.packageinstaller cmp=com.google.android.packageinstaller/com.android.packageinstaller.permission.ui.GrantPermissionsActivity (has extras)} from uid 10102
08-22 23:48:14.305 20302 21478 W ActivityManager: startActivity called from finishing ActivityRecord{db2d5f9 u0 com.mapspvp/.MainActivity t192 f}; forcing Intent.FLAG_ACTIVITY_NEW_TASK for: Intent { act=android.content.pm.action.REQUEST_PERMISSIONS flg=0x800000 pkg=com.google.android.packageinstaller cmp=com.google.android.packageinstaller/com.android.packageinstaller.permission.ui.GrantPermissionsActivity (has extras) }
08-22 23:48:14.425 20302 20390 W ActivityManager: Activity pause timeout for ActivityRecord{db2d5f9 u0 com.mapspvp/.MainActivity t192 f}
08-22 23:48:14.931 20302 20344 D BluetoothManagerService: Registered for death of com.google.android.gms
08-22 23:48:14.931 20302 20344 D BluetoothManagerService: 1 registered Ble Apps
08-22 23:48:15.322 20302 20585 D WindowManager: width=1080height=1920
